ARM Linker, 5.03 [Build 76] [MDK-ARM Standard][RL-ARM]

==============================================================================

Section Cross References

    startup_stm32f10x_hd.o(STACK) refers (Special) to heapauxi.o(.text) for __use_two_region_memory
    startup_stm32f10x_hd.o(HEAP) refers (Special) to heapauxi.o(.text) for __use_two_region_memory
    startup_stm32f10x_hd.o(RESET) refers (Special) to heapauxi.o(.text) for __use_two_region_memory
    startup_stm32f10x_hd.o(RESET) refers to startup_stm32f10x_hd.o(STACK) for __initial_sp
    startup_stm32f10x_hd.o(RESET) refers to startup_stm32f10x_hd.o(.text) for Reset_Handler
    startup_stm32f10x_hd.o(RESET) refers to stm32f10x_it.o(.text) for NMI_Handler
    startup_stm32f10x_hd.o(RESET) refers to os_cpu_a.o(.text) for OS_CPU_PendSVHandler
    startup_stm32f10x_hd.o(RESET) refers to rtc_config.o(.text) for RTC_IRQHandler
    startup_stm32f10x_hd.o(RESET) refers to stm32_adc.o(.text) for ADC1_2_IRQHandler
    startup_stm32f10x_hd.o(RESET) refers to timer_config.o(.text) for TIM2_IRQHandler
    startup_stm32f10x_hd.o(RESET) refers to dac_vref.o(.text) for TIM3_IRQHandler
    startup_stm32f10x_hd.o(RESET) refers to porttimer.o(.text) for TIM4_IRQHandler
    startup_stm32f10x_hd.o(RESET) refers to portserial.o(.text) for USART1_IRQHandler
    startup_stm32f10x_hd.o(RESET) refers to timer5_config.o(.text) for TIM5_IRQHandler
    startup_stm32f10x_hd.o(RESET) refers to portserial_m.o(.text) for UART5_IRQHandler
    startup_stm32f10x_hd.o(RESET) refers to porttimer_m.o(.text) for TIM6_IRQHandler
    startup_stm32f10x_hd.o(.text) refers (Special) to heapauxi.o(.text) for __use_two_region_memory
    startup_stm32f10x_hd.o(.text) refers to system_stm32f10x.o(.text) for SystemInit
    startup_stm32f10x_hd.o(.text) refers to __main.o(!!!main) for __main
    startup_stm32f10x_hd.o(.text) refers to startup_stm32f10x_hd.o(HEAP) for Heap_Mem
    startup_stm32f10x_hd.o(.text) refers to startup_stm32f10x_hd.o(STACK) for Stack_Mem
    system_stm32f10x.o(.text) refers to system_stm32f10x.o(.data) for SystemCoreClock
    stm32f10x_adc.o(.text) refers to stm32f10x_rcc.o(.text) for RCC_APB2PeriphResetCmd
    stm32f10x_bkp.o(.text) refers to stm32f10x_rcc.o(.text) for RCC_BackupResetCmd
    stm32f10x_can.o(.text) refers to stm32f10x_rcc.o(.text) for RCC_APB1PeriphResetCmd
    stm32f10x_cec.o(.text) refers to stm32f10x_rcc.o(.text) for RCC_APB1PeriphResetCmd
    stm32f10x_dac.o(.text) refers to stm32f10x_rcc.o(.text) for RCC_APB1PeriphResetCmd
    stm32f10x_gpio.o(.text) refers to stm32f10x_rcc.o(.text) for RCC_APB2PeriphResetCmd
    stm32f10x_i2c.o(.text) refers to stm32f10x_rcc.o(.text) for RCC_APB1PeriphResetCmd
    stm32f10x_pwr.o(.text) refers to stm32f10x_rcc.o(.text) for RCC_APB1PeriphResetCmd
    stm32f10x_rcc.o(.text) refers to stm32f10x_rcc.o(.data) for APBAHBPrescTable
    stm32f10x_spi.o(.text) refers to stm32f10x_rcc.o(.text) for RCC_APB2PeriphResetCmd
    stm32f10x_tim.o(.text) refers to stm32f10x_rcc.o(.text) for RCC_APB2PeriphResetCmd
    stm32f10x_usart.o(.text) refers to stm32f10x_rcc.o(.text) for RCC_APB2PeriphResetCmd
    stm32f10x_wwdg.o(.text) refers to stm32f10x_rcc.o(.text) for RCC_APB1PeriphResetCmd
    main.o(.text) refers to bsp_config.o(.text) for init_4094
    main.o(.text) refers to os_core.o(.text) for OSInit
    main.o(.text) refers to os_q.o(.text) for OSQCreate
    main.o(.text) refers to os_sem.o(.text) for OSSemCreate
    main.o(.text) refers to os_mutex.o(.text) for OSMutexCreate
    main.o(.text) refers to os_task.o(.text) for OSTaskCreate
    main.o(.text) refers to app.o(.data) for QMsgTbl
    main.o(.text) refers to app.o(.bss) for MdbusQMsgTbl
    main.o(.text) refers to app.o(.text) for startup_task
    stm32f10x_it.o(.text) refers to cs99xx_relay_motion.o(.text) for irq_stop_relay_motion
    stm32f10x_it.o(.text) refers to os_core.o(.text) for OSIntEnter
    stm32f10x_it.o(.text) refers to stm32f10x_exti.o(.text) for EXTI_GetITStatus
    stm32f10x_it.o(.text) refers to bsp_config.o(.text) for soft_delay_10us
    stm32f10x_it.o(.text) refers to irq.o(.text) for stop_irq
    stm32f10x_it.o(.text) refers to serve_test.o(.text) for close_test_timer
    stm32f10x_it.o(.text) refers to stm32f10x_usart.o(.text) for USART_GetITStatus
    stm32f10x_it.o(.text) refers to cs99xx_type.o(.bss) for g_custom_sys_par
    stm32f10x_it.o(.text) refers to serve_test.o(.data) for cur_mode
    stm32f10x_it.o(.text) refers to app.o(.data) for g_short_delay
    stm32f10x_it.o(.text) refers to stm32f10x_it.o(.data) for debug_led
    cs99xx_type.o(.text) refers to gui_draw.o(.data) for menu_par
    cs99xx_type.o(.text) refers to cs99xx_type.o(.bss) for type_spe
    cs99xx_type.o(.text) refers to calibration.o(.text) for is_acw_segment
    cs99xx_type.o(.text) refers to guicore.o(.text) for GUI_ClearRect
    cs99xx_type.o(.text) refers to strncmp.o(.text) for strncmp
    cs99xx_type.o(.text) refers to gui_dispstringat.o(.text) for GUI_DispStringAt
[...]
    g_plc_dly                                0x20000914   Data           2  serve_test.o(.data)
    test_irq_fun                             0x20000918   Data           4  serve_test.o(.data)
    cs99xx_test_fun                          0x2000091c   Data           4  serve_test.o(.data)
    uart_err_num                             0x20000920   Data           4  serve_test.o(.data)
    g_test_time                              0x20000924   Data           4  serve_test.o(.data)
    g_dis_time                               0x20000928   Data           2  serve_test.o(.data)
    g_buzzer_time                            0x2000092c   Data           4  serve_test.o(.data)
    g_cylinder_ctrl_t                        0x20000930   Data           4  serve_test.o(.data)
    dly_t                                    0x20000934   Data           2  serve_test.o(.data)
    zeo_t                                    0x20000936   Data           2  serve_test.o(.data)
    one_t                                    0x20000938   Data           2  serve_test.o(.data)
    two_t                                    0x2000093a   Data           2  serve_test.o(.data)
    thr_t                                    0x2000093c   Data           2  serve_test.o(.data)
    for_t                                    0x2000093e   Data           2  serve_test.o(.data)
    fiv_t                                    0x20000940   Data           2  serve_test.o(.data)
    tes_t                                    0x20000942   Data           2  serve_test.o(.data)
    ris_t                                    0x20000944   Data           2  serve_test.o(.data)
    sta_t                                    0x20000946   Data           2  serve_test.o(.data)
    fal_t                                    0x20000948   Data           2  serve_test.o(.data)
    int_t                                    0x2000094a   Data           2  serve_test.o(.data)
    cha_t                                    0x2000094c   Data           2  serve_test.o(.data)
    cur_step                                 0x2000094e   Data           2  serve_test.o(.data)
    cur_mode                                 0x20000950   Data           1  serve_test.o(.data)
    cur_offset_result                        0x20000951   Data           1  serve_test.o(.data)
    cur_getc_result                          0x20000952   Data           1  serve_test.o(.data)
    cur_t_time                               0x20000953   Data           1  serve_test.o(.data)
    cur_status                               0x20000954   Data           1  serve_test.o(.data)
    cur_cylinder_ctrl_status                 0x20000955   Data           1  serve_test.o(.data)
    cur_status_plc                           0x20000956   Data           1  serve_test.o(.data)
    cur_plc_err_st                           0x20000957   Data           1  serve_test.o(.data)
    cur_comm_bps                             0x20000958   Data           1  serve_test.o(.data)
    updata_comm_flag                         0x2000095a   Data           2  serve_test.o(.data)
    cur_vol                                  0x2000095c   Data           2  serve_test.o(.data)
    cur_cap                                  0x20000960   Data           4  serve_test.o(.data)
    cur_open_ratio                           0x20000964   Data           2  serve_test.o(.data)
    cur_short_ratio                          0x20000966   Data           2  serve_test.o(.data)
    cur_auto                                 0x20000968   Data           1  serve_test.o(.data)
    steps_con                                0x20000969   Data           1  serve_test.o(.data)
    steps_pass                               0x2000096a   Data           1  serve_test.o(.data)
    cur_gear                                 0x2000096b   Data           1  serve_test.o(.data)
    cur_gear_max                             0x2000096c   Data           1  serve_test.o(.data)
    cur_gear_min                             0x2000096d   Data           1  serve_test.o(.data)
    cur_soft_gear                            0x2000096e   Data           1  serve_test.o(.data)
    vol_segment                              0x2000096f   Data           1  serve_test.o(.data)
    contact_segment                          0x20000970   Data           1  serve_test.o(.data)
    cur_segment                              0x20000971   Data           1  serve_test.o(.data)
    cur_gear_bak                             0x20000972   Data           1  serve_test.o(.data)
    cur_ir_dis_gear                          0x20000973   Data           1  serve_test.o(.data)
    cur_ir_dis_gear_0                        0x20000974   Data           1  serve_test.o(.data)
    cur_ir_dis_gear_1                        0x20000975   Data           1  serve_test.o(.data)
    g_ir_gear_hold                           0x20000978   Data           4  serve_test.o(.data)
    cur_gear_comm                            0x2000097c   Data           1  serve_test.o(.data)
    cur_real_gear_comm                       0x2000097d   Data           1  serve_test.o(.data)
    cur_method                               0x2000097e   Data           1  serve_test.o(.data)
    res_ave_comm                             0x20000980   Data           2  serve_test.o(.data)
    cur_ave_comm                             0x20000982   Data           2  serve_test.o(.data)
    cur_output_impedan                       0x20000984   Data           1  serve_test.o(.data)
    cur_intensity                            0x20000986   Data           2  serve_test.o(.data)
    cur_high                                 0x20000988   Data           4  serve_test.o(.data)
    cur_low                                  0x2000098c   Data           4  serve_test.o(.data)
    cur_ir_rang_h                            0x20000990   Data           4  serve_test.o(.data)
    cur_charge_cur                           0x20000994   Data           2  serve_test.o(.data)
    cur_real_cur                             0x20000996   Data           2  serve_test.o(.data)
    cur_delay_t                              0x20000998   Data           2  serve_test.o(.data)
    cur_arc_gear                             0x2000099a   Data           2  serve_test.o(.data)
    cur_frequency_gear                       0x2000099c   Data           2  serve_test.o(.data)
    cur_frequency                            0x2000099e   Data           2  serve_test.o(.data)
    cur_port                                 0x200009a0   Data           6  serve_test.o(.data)
    cur_offset                               0x200009a6   Data           2  serve_test.o(.data)
    cur_real_offset                          0x200009a8   Data           2  serve_test.o(.data)
    cur_vol_gear                             0x200009aa   Data           1  serve_test.o(.data)
    err_charge                               0x200009ab   Data           1  serve_test.o(.data)
    err_real                                 0x200009ac   Data           1  serve_test.o(.data)
    cur_dac_k                                0x200009b0   Data           4  serve_test.o(.data)
    cur_dac_b                                0x200009b4   Data           4  serve_test.o(.data)
    cur_adc_k                                0x200009b8   Data           4  serve_test.o(.data)
    cur_adc_b                                0x200009bc   Data           4  serve_test.o(.data)
    cur_adc_cur_k                            0x200009c0   Data           4  serve_test.o(.data)
    cur_arc_k                                0x200009c4   Data           4  serve_test.o(.data)
    cur_res_k                                0x200009c8   Data           4  serve_test.o(.data)
    vol_ch_step                              0x200009cc   Data           4  serve_test.o(.data)
    vol_ch_base                              0x200009d0   Data           4  serve_test.o(.data)
    vol_ch_target                            0x200009d4   Data           4  serve_test.o(.data)
    PADDING                                  0x200009d8   Data          64  md5.o(.data)
    acw_test_flag                            0x20000a18   Data           6  acw_test.o(.data)
    cal_mode_pool                            0x20000a30   Data          48  auto_cal_server.o(.data)
    g_auto_ele_info                          0x20000a60   Data           4  auto_cal_server.o(.data)
    cal_order                                0x20000a64   Data           4  auto_calibration.o(.data)
    auto_cal                                 0x20000a68   Data           4  auto_calibration.o(.data)
    auto_measure                             0x20000a6c   Data           4  auto_calibration.o(.data)
    g_cur_cal_opt_num                        0x20000a70   Data           2  auto_calibration.o(.data)
    cur_rang                                 0x20000a74   Data           4  auto_calibration.o(.data)
    ac_cur_rang                              0x20000a78   Data           4  auto_calibration.o(.data)
    dc_cur_rang                              0x20000a7c   Data           4  auto_calibration.o(.data)
    res_rang                                 0x20000a80   Data           4  auto_calibration.o(.data)
    TimeDisplay                              0x20000a84   Data           4  rtc_config.o(.data)
    key_buzzer_time                          0x20000a8c   Data           2  keyboard.o(.data)
    EEPROM_ADDRESS                           0x20000a8e   Data           2  i2c_ee.o(.data)
    MC14094_BUFFER                           0x20000a90   Data           3  mc14094.o(.data)
    MC14094_BUFFER_RA                        0x20000a93   Data           1  mc14094.o(.data)
    MC14094_BUFFER_PORT                      0x20000a94   Data           4  mc14094.o(.data)
    DAC_Vol                                  0x20000a98   Data           6  dac_vref.o(.data)
    cpld_hv_buf                              0x20000aa8   Data           2  spi_cpld.o(.data)
    chipselect                               0x20000ab0   Data           1  spi_flash.o(.data)
    OSCtxSwCtr                               0x20000ab4   Data           4  os_core.o(.data)
    OSEventFreeList                          0x20000ab8   Data           4  os_core.o(.data)
    OSCPUUsage                               0x20000abc   Data           1  os_core.o(.data)
    OSIdleCtrMax                             0x20000ac0   Data           4  os_core.o(.data)
    OSIdleCtrRun                             0x20000ac4   Data           4  os_core.o(.data)
    OSStatRdy                                0x20000ac8   Data           1  os_core.o(.data)
    OSIntNesting                             0x20000ac9   Data           1  os_core.o(.data)
    OSLockNesting                            0x20000aca   Data           1  os_core.o(.data)
    OSPrioCur                                0x20000acb   Data           1  os_core.o(.data)
    OSPrioHighRdy                            0x20000acc   Data           1  os_core.o(.data)
    OSRdyGrp                                 0x20000acd   Data           1  os_core.o(.data)
    OSRdyTbl                                 0x20000ace   Data           4  os_core.o(.data)
    OSRunning                                0x20000ad2   Data           1  os_core.o(.data)
    OSTaskCtr                                0x20000ad3   Data           1  os_core.o(.data)
    OSIdleCtr                                0x20000ad4   Data           4  os_core.o(.data)
    OSTCBCur                                 0x20000ad8   Data           4  os_core.o(.data)
    OSTCBFreeList                            0x20000adc   Data           4  os_core.o(.data)
    OSTCBHighRdy                             0x20000ae0   Data           4  os_core.o(.data)
    OSTCBList                                0x20000ae4   Data           4  os_core.o(.data)
    OSTickStepState                          0x20000ae8   Data           1  os_core.o(.data)
    OSMemFreeList                            0x20000aec   Data           4  os_core.o(.data)
    OSQFreeList                              0x20000af0   Data           4  os_core.o(.data)
    OSTime                                   0x20000af4   Data           4  os_core.o(.data)
    OSTmrFree                                0x20000af8   Data           2  os_core.o(.data)
    OSTmrUsed                                0x20000afa   Data           2  os_core.o(.data)
    OSTmrTime                                0x20000afc   Data           4  os_core.o(.data)
    OSTmrSem                                 0x20000b00   Data           4  os_core.o(.data)
    OSTmrSemSignal                           0x20000b04   Data           4  os_core.o(.data)
    OSTmrFreeList                            0x20000b08   Data           4  os_core.o(.data)
    unit_pool                                0x20000b10   Data          56  gui_draw.o(.data)
    unit_pool_                               0x20000b48   Data          56  gui_draw.o(.data)
    mode_pool                                0x20000b80   Data          80  gui_draw.o(.data)
    opt_pool                                 0x20000bd0   Data          20  gui_draw.o(.data)
    work_mode_buf                            0x20000be4   Data           8  gui_draw.o(.data)
    offset_res_buf                           0x20000bec   Data          16  gui_draw.o(.data)
    status_str                               0x20000bfc   Data         104  gui_draw.o(.data)
    except_buf                               0x20000c64   Data         156  gui_draw.o(.data)
    sys_sw_status_buf                        0x20000d00   Data          24  gui_draw.o(.data)
    res_infinite_str                         0x20000d18   Data          28  gui_draw.o(.data)
    cc_cur_gear_option_pool                  0x20000d34   Data          72  gui_draw.o(.data)
    ir_filtering_deep_option_pool            0x20000d7c   Data          72  gui_draw.o(.data)
    mor_sel_menu                             0x20000dc4   Data          80  gui_draw.o(.data)
    fail_mode_pool                           0x20000e14   Data          24  gui_draw.o(.data)
    plc_signal_option_pool                   0x20000e2c   Data          72  gui_draw.o(.data)
    amp_type_option_pool                     0x20000e74   Data          48  gui_draw.o(.data)
    par_medium_option_pool                   0x20000ea4   Data          48  gui_draw.o(.data)
    res_medium_option_pool                   0x20000ed4   Data          48  gui_draw.o(.data)
    cal_medium_option_pool                   0x20000f04   Data          48  gui_draw.o(.data)
    menu_par                                 0x20000f34   Data        8320  gui_draw.o(.data)
    pmenu_data                               0x20002fbc   Data           4  gui_draw.o(.data)
    colon_x                                  0x20002fc0   Data           4  gui_draw.o(.data)
    pxMBFrameCBByteReceived                  0x2000306c   Data           4  mb.o(.data)
    pxMBFrameCBTransmitterEmpty              0x20003070   Data           4  mb.o(.data)
    pxMBPortCBTimerExpired                   0x20003074   Data           4  mb.o(.data)
    pxMBFrameCBReceiveFSMCur                 0x20003078   Data           4  mb.o(.data)
    pxMBFrameCBTransmitFSMCur                0x2000307c   Data           4  mb.o(.data)
    usSDiscInStart                           0x20003092   Data           2  user_mb_app.o(.data)
    usSCoilStart                             0x20003094   Data           2  user_mb_app.o(.data)
    usSRegInStart                            0x20003096   Data           2  user_mb_app.o(.data)
    usSRegHoldStart                          0x20003098   Data           2  user_mb_app.o(.data)
    usMDiscInStart                           0x2000309a   Data           2  user_mb_app.o(.data)
    usMCoilStart                             0x2000309c   Data           2  user_mb_app.o(.data)
    usMRegInStart                            0x2000309e   Data           2  user_mb_app.o(.data)
    usMRegHoldStart                          0x200030a0   Data           2  user_mb_app.o(.data)
    ucSDiscInBuf                             0x200030a2   Data           1  user_mb_app.o(.data)
    ucSCoilBuf                               0x200030a3   Data           1  user_mb_app.o(.data)
    usSRegInBuf                              0x200030a4   Data           2  user_mb_app.o(.data)
    pxMBMasterFrameCBByteReceived            0x2000315c   Data           4  mb_m.o(.data)
    pxMBMasterFrameCBTransmitterEmpty        0x20003160   Data           4  mb_m.o(.data)
    pxMBMasterPortCBTimerExpired             0x20003164   Data           4  mb_m.o(.data)
    pxMBMasterFrameCBReceiveFSMCur           0x20003168   Data           4  mb_m.o(.data)
    pxMBMasterFrameCBTransmitFSMCur          0x2000316c   Data           4  mb_m.o(.data)
    GUI_DecChar                              0x20003178   Data           1  guicore.o(.data)
    GUI_pfTimerExec                          0x2000317c   Data           4  guicore.o(.data)
    WM_pfHandlePID                           0x20003180   Data           4  guicore.o(.data)
    GUI_pfDispCharStyle                      0x20003184   Data           4  guicore.o(.data)
    GUI_pLCD_APIList                         0x20003188   Data           4  guicore.o(.data)
    OS_TimeMS                                0x20003190   Data           4  gui_x.o(.data)
    dis_cur::n                               0x20003194   Data           1  calibration.o(.data__ZZ7dis_curE1n)
    type_spe                                 0x200031a8   Data         116  cs99xx_type.o(.bss)
    g_custom_sys_par                         0x2000321c   Data          11  cs99xx_type.o(.bss)
    gUpdateTime                              0x20003228   Data          20  app.o(.bss)
    MdbusQMsgTbl                             0x2000323c   Data          80  app.o(.bss)
    Startup_Task_STK                         0x2000328c   Data         800  app.o(.bss)
    Keyscan_Task_STK                         0x200035ac   Data         200  app.o(.bss)
    Sample_Task_STK                          0x20003674   Data         800  app.o(.bss)
    Modbus_Send_STK                          0x20003994   Data        1200  app.o(.bss)
    Modbus_M_Send_STK                        0x20003e44   Data        1200  app.o(.bss)
    Modbus_Master_Send_STK                   0x200042f4   Data        1200  app.o(.bss)
    Main_Task_STK                            0x200047a4   Data        4096  app.o(.bss)
    ratio_acw                                0x20005888   Data         848  calibration.o(.bss)
    ratio_dcw                                0x20005bd8   Data         852  calibration.o(.bss)
    ratio_ir                                 0x20005f2c   Data        2468  calibration.o(.bss)
    ratio_gr                                 0x200068d0   Data         236  calibration.o(.bss)
    ratio_bbd                                0x200069bc   Data         128  calibration.o(.bss)
    slither_ave_info                         0x20006a40   Data         264  cs99xx_collect.o(.bss)
    g_excep_t                                0x20006b48   Data          44  cs99xx_err_log.o(.bss)
    step_used_flag                           0x20006b74   Data          14  cs99xx_mem_api.o(.bss)
    cur_group_table                          0x20006b82   Data         198  cs99xx_mem_api.o(.bss)
    sys_flag                                 0x20006c54   Data          32  cs99xx_struct.o(.bss)
    test_group                               0x20006c74   Data         280  cs99xx_struct.o(.bss)
    list_99xx                                0x20006d8c   Data          12  cs99xx_struct.o(.bss)
    cs99xx_list                              0x20006d98   Data          12  cs99xx_struct.o(.bss)
    cs99xx_cache_list                        0x20006da4   Data          12  cs99xx_struct.o(.bss)
    cur_node                                 0x20006db0   Data          56  cs99xx_struct.o(.bss)
    file_table                               0x20006de8   Data         992  cs99xx_struct.o(.bss)
    steps_buf                                0x200071c8   Data         280  cs99xx_struct.o(.bss)
    cur_result                               0x200072e0   Data          60  cs99xx_struct.o(.bss)
    result_buf                               0x2000731c   Data         240  cs99xx_struct.o(.bss)
    result_list_buf                          0x2000740c   Data         240  cs99xx_struct.o(.bss)
    on_chip_flash_page_buf                   0x20007528   Data        2048  on_chip_flash_api.o(.bss)
    test_flag                                0x20007d28   Data          76  serve_test.o(.bss)
    app_flag                                 0x20007d74   Data          32  serve_test.o(.bss)
    f_buf                                    0x20007d94   Data          48  serve_test.o(.bss)
    result_r_queue                           0x20007dc4   Data          10  serve_test.o(.bss)
    output_buf                               0x20007dce   Data          10  serve_test.o(.bss)
    loop_buf                                 0x20007dd8   Data          10  serve_test.o(.bss)
    real_buf                                 0x20007de2   Data          10  serve_test.o(.bss)
    time_buf                                 0x20007dec   Data          10  serve_test.o(.bss)
    cal_info_un                              0x20007df8   Data         128  auto_calibration.o(.bss)
    time_now                                 0x20007ebc   Data          44  rtc_config.o(.bss)
    OSEventTbl                               0x20008778   Data         640  os_core.o(.bss)
    OSTaskStatStk                            0x200089f8   Data         320  os_core.o(.bss)
    OSTaskIdleStk                            0x20008b38   Data         200  os_core.o(.bss)
    OSTCBPrioTbl                             0x20008c00   Data         128  os_core.o(.bss)
    OSTCBTbl                                 0x20008c80   Data        1056  os_core.o(.bss)
    OSMemTbl                                 0x200090a0   Data         180  os_core.o(.bss)
    OSQTbl                                   0x20009154   Data          48  os_core.o(.bss)
    OSTmrTbl                                 0x20009184   Data         260  os_core.o(.bss)
    OSTmrTaskStk                             0x20009288   Data         320  os_core.o(.bss)
    OSTmrWheelTbl                            0x200093c8   Data          40  os_core.o(.bss)
    plc_signal_list                          0x200093f0   Data          12  gui_draw.o(.bss)
    cc_cur_gear_list                         0x200093fc   Data          12  gui_draw.o(.bss)
    amp_type_list                            0x20009408   Data          12  gui_draw.o(.bss)
    par_medium_list                          0x20009414   Data          12  gui_draw.o(.bss)
    res_medium_list                          0x20009420   Data          12  gui_draw.o(.bss)
    cal_medium_list                          0x2000942c   Data          12  gui_draw.o(.bss)
    ir_filtering_deep_list                   0x20009438   Data          12  gui_draw.o(.bss)
    g_cur_info                               0x20009444   Data          24  gui_draw.o(.bss)
    g_cur_val                                0x2000945c   Data          24  gui_draw.o(.bss)
    par_info_list                            0x20009474   Data          12  gui_draw.o(.bss)
    test_gui_area                            0x20009480   Data          96  gui_draw.o(.bss)
    test_ui_ele_set                          0x200094e0   Data          72  gui_draw.o(.bss)
    send_queue                               0x20009528   Data        4124  mb_master.o(.bss)
    ucRTUBuf                                 0x2000a564   Data         256  mbrtu.o(.bss)
    usSRegHoldBuf                            0x2000a664   Data         200  user_mb_app.o(.bss)
    ucMDiscInBuf                             0x2000a72c   Data          16  user_mb_app.o(.bss)
    ucMCoilBuf                               0x2000a73c   Data          16  user_mb_app.o(.bss)
    usMRegInBuf                              0x2000a74c   Data          32  user_mb_app.o(.bss)
    usMRegHoldBuf                            0x2000a76c   Data        3200  user_mb_app.o(.bss)
    dc_gr_master_info                        0x2000b5ec   Data        1024  dc_module.o(.bss)
    interface_info                           0x2000b9ec   Data          36  module.o(.bss)
    LCD_24064                                0x2000ba10   Data        1922  lcd24064.o(.bss)
    GUI_Context                              0x2000c194   Data          56  guicore.o(.bss)
    LCD__aConvTable                          0x2000c1e4   Data         256  lcdcolor.o(.bss)
    __libspace_start                         0x2000c310   Data          96  libspace.o(.bss)
    __temporary_stack_top$libspace           0x2000c370   Data           0  libspace.o(.bss)



==============================================================================

Memory Map of the image

  Image Entry point : 0x0800f131

  Load Region LR_IROM1 (Base: 0x0800f000, Size: 0x00064df8, Max: 0x00080000, ABSOLUTE, COMPRESSED[0x000629f0])

    Execution Region ER_IROM1 (Base: 0x0800f000, Size: 0x00061c60, Max: 0x00080000, ABSOLUTE)

    Base Addr    Size         Type   Attr      Idx    E Section Name        Object

    0x0800f000   0x00000130   Data   RO           19    RESET               startup_stm32f10x_hd.o
    0x0800f130   0x00000008   Code   RO         3603  * !!!main             c_w.l(__main.o)
    0x0800f138   0x00000034   Code   RO         3944    !!!scatter          c_w.l(__scatter.o)
    0x0800f16c   0x0000005a   Code   RO         3942    !!dczerorl2         c_w.l(__dczerorl2.o)
    0x0800f1c6   0x00000002   PAD
    0x0800f1c8   0x0000001c   Code   RO         3946    !!handler_zi        c_w.l(__scatter_zi.o)
    0x0800f1e4   0x00000000   Code   RO         3569    .ARM.Collect$$_printf_percent$$00000000  c_w.l(_printf_percent.o)
    0x0800f1e4   0x00000006   Code   RO         3568    .ARM.Collect$$_printf_percent$$00000009  c_w.l(_printf_d.o)
    0x0800f1ea   0x00000006   Code   RO         3567    .ARM.Collect$$_printf_percent$$00000014  c_w.l(_printf_s.o)
    0x0800f1f0   0x00000004   Code   RO         3722    .ARM.Collect$$_printf_percent$$00000017  c_w.l(_printf_percent_end.o)
    0x0800f1f4   0x00000002   Code   RO         3814    .ARM.Collect$$libinit$$00000000  c_w.l(libinit.o)
    0x0800f1f6   0x00000000   Code   RO         3826    .ARM.Collect$$libinit$$00000002  c_w.l(libinit2.o)
    0x0800f1f6   0x00000000   Code   RO         3829    .ARM.Collect$$libinit$$00000008  c_w.l(libinit2.o)
    0x0800f1f6   0x00000000   Code   RO         3831    .ARM.Collect$$libinit$$0000000A  c_w.l(libinit2.o)
    0x0800f1f6   0x00000000   Code   RO         3833    .ARM.Collect$$libinit$$0000000C  c_w.l(libinit2.o)
    0x0800f1f6   0x00000000   Code   RO         3836    .ARM.Collect$$libinit$$0000000F  c_w.l(libinit2.o)
    0x0800f1f6   0x00000000   Code   RO         3838    .ARM.Collect$$libinit$$00000011  c_w.l(libinit2.o)
    0x0800f1f6   0x00000000   Code   RO         3840    .ARM.Collect$$libinit$$00000013  c_w.l(libinit2.o)
    0x0800f1f6   0x00000000   Code   RO         3842    .ARM.Collect$$libinit$$00000015  c_w.l(libinit2.o)
    0x0800f1f6   0x00000000   Code   RO         3844    .ARM.Collect$$libinit$$00000017  c_w.l(libinit2.o)
    0x0800f1f6   0x00000000   Code   RO         3846    .ARM.Collect$$libinit$$00000019  c_w.l(libinit2.o)
    0x0800f1f6   0x00000000   Code   RO         3848    .ARM.Collect$$libinit$$0000001B  c_w.l(libinit2.o)
    0x0800f1f6   0x00000000   Code   RO         3850    .ARM.Collect$$libinit$$0000001D  c_w.l(libinit2.o)
    0x0800f1f6   0x00000000   Code   RO         3852    .ARM.Collect$$libinit$$0000001F  c_w.l(libinit2.o)
    0x0800f1f6   0x00000000   Code   RO         3854    .ARM.Collect$$libinit$$00000021  c_w.l(libinit2.o)
    0x0800f1f6   0x00000000   Code   RO         3856    .ARM.Collect$$libinit$$00000023  c_w.l(libinit2.o)
    0x0800f1f6   0x00000000   Code   RO         3860    .ARM.Collect$$libinit$$0000002A  c_w.l(libinit2.o)
    0x0800f1f6   0x00000000   Code   RO         3862    .ARM.Collect$$libinit$$0000002C  c_w.l(libinit2.o)
    0x0800f1f6   0x00000000   Code   RO         3864    .ARM.Collect$$libinit$$0000002E  c_w.l(libinit2.o)
    0x0800f1f6   0x00000000   Code   RO         3866    .ARM.Collect$$libinit$$00000030  c_w.l(libinit2.o)
    0x0800f1f6   0x00000002   Code   RO         3867    .ARM.Collect$$libinit$$00000031  c_w.l(libinit2.o)
    0x0800f1f8   0x00000002   Code   RO         3900    .ARM.Collect$$libshutdown$$00000000  c_w.l(libshutdown.o)
    0x0800f1fa   0x00000000   Code   RO         3927    .ARM.Collect$$libshutdown$$00000003  c_w.l(libshutdown2.o)
    0x0800f1fa   0x00000000   Code   RO         3930    .ARM.Collect$$libshutdown$$00000006  c_w.l(libshutdown2.o)
    0x0800f1fa   0x00000000   Code   RO         3933    .ARM.Collect$$libshutdown$$00000009  c_w.l(libshutdown2.o)
    0x0800f1fa   0x00000000   Code   RO         3935    .ARM.Collect$$libshutdown$$0000000B  c_w.l(libshutdown2.o)
    0x0800f1fa   0x00000000   Code   RO         3938    .ARM.Collect$$libshutdown$$0000000E  c_w.l(libshutdown2.o)
    0x0800f1fa   0x00000002   Code   RO         3939    .ARM.Collect$$libshutdown$$0000000F  c_w.l(libshutdown2.o)
    0x0800f1fc   0x00000000   Code   RO         3707    .ARM.Collect$$rtentry$$00000000  c_w.l(rtentry.o)
    0x0800f1fc   0x00000000   Code   RO         3771    .ARM.Collect$$rtentry$$00000002  c_w.l(rtentry2.o)
    0x0800f1fc   0x00000006   Code   RO         3783    .ARM.Collect$$rtentry$$00000004  c_w.l(rtentry4.o)
    0x0800f202   0x00000000   Code   RO         3773    .ARM.Collect$$rtentry$$00000009  c_w.l(rtentry2.o)
    0x0800f202   0x00000004   Code   RO         3774    .ARM.Collect$$rtentry$$0000000A  c_w.l(rtentry2.o)
    0x0800f206   0x00000000   Code   RO         3776    .ARM.Collect$$rtentry$$0000000C  c_w.l(rtentry2.o)
    0x0800f206   0x00000008   Code   RO         3777    .ARM.Collect$$rtentry$$0000000D  c_w.l(rtentry2.o)
    0x0800f20e   0x00000002   Code   RO         3817    .ARM.Collect$$rtexit$$00000000  c_w.l(rtexit.o)
    0x0800f210   0x00000000   Code   RO         3873    .ARM.Collect$$rtexit$$00000002  c_w.l(rtexit2.o)
    0x0800f210   0x00000004   Code   RO         3874    .ARM.Collect$$rtexit$$00000003  c_w.l(rtexit2.o)
    0x0800f214   0x00000006   Code   RO         3875    .ARM.Collect$$rtexit$$00000004  c_w.l(rtexit2.o)
    0x0800f21a   0x00000002   PAD
    0x0800f21c   0x0000003c   Code   RO           20    .text               startup_stm32f10x_hd.o
    0x0800f258   0x000001d0   Code   RO           24    .text               system_stm32f10x.o
    0x0800f428   0x000000dc   Code   RO          121    .text               misc.o
    0x0800f504   0x0000044e   Code   RO          137    .text               stm32f10x_adc.o
    0x0800f952   0x00000002   PAD
    0x0800f954   0x000000c4   Code   RO          149    .text               stm32f10x_bkp.o
    0x0800fa18   0x00000048   Code   RO          185    .text               stm32f10x_crc.o
    0x0800fa60   0x0000018c   Code   RO          197    .text               stm32f10x_dac.o
    0x0800fbec   0x0000011c   Code   RO          233    .text               stm32f10x_exti.o
    0x0800fd08   0x000005bc   Code   RO          245    .text               stm32f10x_flash.o
    0x080102c4   0x00000618   Code   RO          257    .text               stm32f10x_fsmc.o
    0x080108dc   0x00000358   Code   RO          269    .text               stm32f10x_gpio.o
    0x08010c34   0x000000cc   Code   RO          305    .text               stm32f10x_pwr.o
    0x08010d00   0x000003a4   Code   RO          317    .text               stm32f10x_rcc.o
    0x080110a4   0x00000144   Code   RO          331    .text               stm32f10x_rtc.o
    0x080111e8   0x00000e1a   Code   RO          367    .text               stm32f10x_tim.o
    0x08012002   0x00000002   PAD
    0x08012004   0x00000408   Code   RO          379    .text               stm32f10x_usart.o
    0x0801240c   0x00000080   Code   RO          403    .text               main.o
    0x0801248c   0x000001f4   Code   RO          442    .text               stm32f10x_it.o
    0x08012680   0x00004034   Code   RO          513    .text               cs99xx_type.o
    0x080166b4   0x000008cc   Code   RO          571    .text               app.o
    0x08016f80   0x00009288   Code   RO          685    .text               calibration.o
    0x08020208   0x0000044a   Code   RO          731    .text               cs99xx.o
    0x08020652   0x00000002   PAD
    0x08020654   0x00000060   Code   RO          765    .text               cs99xx_buzzer.o
    0x080206b4   0x000017e4   Code   RO          784    .text               cs99xx_collect.o
    0x08021e98   0x00000c60   Code   RO          835    .text               cs99xx_eep_manage.o
    0x08022af8   0x000000b4   Code   RO          874    .text               cs99xx_err_log.o
    0x08022bac   0x000005a0   Code   RO          903    .text               cs99xx_exception.o
    0x0802314c   0x000008aa   Code   RO          927    .text               cs99xx_flash_manage.o
    0x080239f6   0x00000002   PAD
    0x080239f8   0x00000f7c   Code   RO          943    .text               cs99xx_interface.o
    0x08024974   0x000002e0   Code   RO          960    .text               cs99xx_ir_shift_gear.o
    0x08024c54   0x000001e0   Code   RO          982    .text               cs99xx_it.o
    0x08024e34   0x00000034   Code   RO          994    .text               cs99xx_led.o
    0x08024e68   0x000001a4   Code   RO         1024    .text               cs99xx_lock_key.o
    0x0802500c   0x00001d54   Code   RO         1036    .text               cs99xx_mem_api.o
    0x08026d60   0x00003136   Code   RO         1070    .text               cs99xx_memory.o
    0x08029e96   0x00000002   PAD
    0x08029e98   0x00001300   Code   RO         1085    .text               cs99xx_offset.o
    0x0802b198   0x00000708   Code   RO         1101    .text               cs99xx_par_acw.o
    0x0802b8a0   0x00002cdc   Code   RO         1113    .text               cs99xx_par_com.o
    0x0802e57c   0x00000594   Code   RO         1126    .text               cs99xx_par_dcw.o
    0x0802eb10   0x00001800   Code   RO         1138    .text               cs99xx_par_gr.o
    0x08030310   0x00000e48   Code   RO         1153    .text               cs99xx_parameter.o
    0x08031158   0x000001c8   Code   RO         1180    .text               cs99xx_plc.o
    0x08031320   0x00000c9c   Code   RO         1192    .text               cs99xx_pw.o
    0x08031fbc   0x00001b84   Code   RO         1205    .text               cs99xx_relay_motion.o
    0x08033b40   0x00003014   Code   RO         1231    .text               cs99xx_result.o
    0x08036b54   0x00001ef8   Code   RO         1253    .text               cs99xx_set_par_path.o
    0x08038a4c   0x000009c8   Code   RO         1265    .text               cs99xx_struct.o
    0x08039414   0x00000cdc   Code   RO         1289    .text               cs99xx_sys.o
    0x0803a0f0   0x00000590   Code   RO         1301    .text               cs99xx_time.o
    0x0803a680   0x00000ca0   Code   RO         1314    .text               cs99xx_vref.o
    0x0803b320   0x0000241c   Code   RO         1330    .text               general_test.o
    0x0803d73c   0x00000c20   Code   RO         1353    .text               irq.o
    0x0803e35c   0x000000e8   Code   RO         1366    .text               on_chip_flash_api.o
    0x0803e444   0x000034bc   Code   RO         1384    .text               serve_test.o
    0x08041900   0x00000988   Code   RO         1420    .text               md5.o
    0x08042288   0x00000194   Code   RO         1446    .text               cs99xx_custom.o
    0x0804241c   0x00000e54   Code   RO         1458    .text               cs99xx_bbd.o
    0x08043270   0x00000164   Code   RO         1470    .text               acw_relay.o
    0x080433d4   0x00000378   Code   RO         1485    .text               acw_test.o
    0x0804374c   0x0000026c   Code   RO         1506    .text               acw_count.o
    0x080439b8   0x00000108   Code   RO         1526    .text               auto_cal_comm.o
    0x08043ac0   0x000008ac   Code   RO         1570    .text               auto_cal_server.o
    0x0804436c   0x00001f0c   Code   RO         1596    .text               auto_calibration.o
    0x08046278   0x00000180   Code   RO         1624    .text               bsp_config.o
    0x080463f8   0x00000110   Code   RO         1646    .text               stm32_fsmc.o
    0x08046508   0x000004c4   Code   RO         1658    .text               rtc_config.o
    0x080469cc   0x00000124   Code   RO         1677    .text               timer_config.o
    0x08046af0   0x000000ac   Code   RO         1693    .text               stm32_gpio_config.o
    0x08046b9c   0x00000c70   Code   RO         1705    .text               keyboard.o
    0x0804780c   0x00000518   Code   RO         1724    .text               i2c_ee.o
    0x08047d24   0x000002d0   Code   RO         1742    .text               mc14094.o
    0x08047ff4   0x00000234   Code   RO         1760    .text               dac_vref.o
    0x08048228   0x00000268   Code   RO         1778    .text               stm32_adc.o
    0x08048490   0x0000037c   Code   RO         1796    .text               spi_cpld.o
    0x0804880c   0x000000b0   Code   RO         1830    .text               timer5_config.o
    0x080488bc   0x000007d8   Code   RO         1844    .text               spi_flash.o
    0x08049094   0x00000cfc   Code   RO         1885    .text               os_core.o
    0x08049d90   0x000001fc   Code   RO         1917    .text               os_mem.o
    0x08049f8c   0x00000628   Code   RO         1929    .text               os_mutex.o
    0x0804a5b4   0x000005fc   Code   RO         1941    .text               os_q.o
    0x0804abb0   0x000003c0   Code   RO         1953    .text               os_sem.o
    0x0804af70   0x00000634   Code   RO         1965    .text               os_task.o
    0x0804b5a4   0x000001c4   Code   RO         1977    .text               os_time.o
    0x0804b768   0x000006c8   Code   RO         1989    .text               os_tmr.o
    0x0804be30   0x000000a4   Code   RO         2001    .text               os_cpu_a.o
    0x0804bed4   0x000000d4   Code   RO         2004    .text               os_cpu_c.o
    0x0804bfa8   0x00000114   Code   RO         2025    .text               os_dbg.o
    0x0804c0bc   0x00000cc8   Code   RO         2332    .text               mb_interface.o
    0x0804cd84   0x000001ac   Code   RO         2351    .text               mb_master.o
    0x0804cf30   0x000006b0   Code   RO         2366    .text               mb_server.o
    0x0804d5e0   0x000002e4   Code   RO         2381    .text               mb.o
    0x0804d8c4   0x000000d8   Code   RO         2421    .text               mbfuncholding.o
    0x0804d99c   0x00000094   Code   RO         2439    .text               mbfuncother.o
    0x0804da30   0x000000ac   Code   RO         2454    .text               mbutils.o
    0x0804dadc   0x00000038   Code   RO         2466    .text               mbcrc.o
    0x0804db14   0x0000027c   Code   RO         2480    .text               mbrtu.o
    0x0804dd90   0x00000008   Code   RO         2499    .text               port.o
    0x0804dd98   0x0000003c   Code   RO         2511    .text               portevent.o
    0x0804ddd4   0x000001c4   Code   RO         2525    .text               portserial.o
    0x0804df98   0x00000108   Code   RO         2537    .text               porttimer.o
    0x0804e0a0   0x000003e8   Code   RO         2549    .text               user_mb_app.o
    0x0804e488   0x00000014   Code   RO         2577    .text               mbfuncfile_m.o
    0x0804e49c   0x00000162   Code   RO         2589    .text               mbfuncholding_m.o
    0x0804e5fe   0x00000002   PAD
    0x0804e600   0x00000308   Code   RO         2607    .text               mbrtu_m.o
    0x0804e908   0x0000003c   Code   RO         2641    .text               portevent_m.o
    0x0804e944   0x00000100   Code   RO         2722    .text               mb_dc_module.o
    0x0804ea44   0x00000002   Code   RO         3889    .text               c_w.l(use_no_semi.o)
    0x0804ea46   0x00000000   Code   RO         3891    .text               c_w.l(indicate_semi.o)
    0x0804ea46   0x00000000   Code   RO         3740    x$fpl$usenofp       fz_ws.l(usenofp.o)
    0x0804ea46   0x00000002   PAD
    0x0804ea48   0x000006c0   Data   RO          514    .ARM.__AT_0x0804EA48  cs99xx_type.o
    0x0804f108   0x000048d8   Code   RO         2040    .text               gui_draw.o
    0x080539e0   0x00002dec   Code   RO         2319    .text               cs99xx_for_comm.o
    0x080567cc   0x00000278   Code   RO         2622    .text               mb_m.o
    0x08056a44   0x00000218   Code   RO         2655    .text               portserial_m.o
    0x08056c5c   0x000001bc   Code   RO         2667    .text               porttimer_m.o
    0x08056e18   0x00000a80   Code   RO         2681    .text               dc_module.o
    0x08057898   0x00000184   Code   RO         2700    .text               dc_module_bridge.o
    0x08057a1c   0x000004c8   Code   RO         2734    .text               module.o
    0x08057ee4   0x000002dc   Code   RO         2756    .text               LCD24064.lib(lcd24064.o)
    0x080581c0   0x000006cc   Code   RO         2850    .text               LCD24064.lib(gui2dlib.o)
    0x0805888c   0x00000028   Code   RO         2886    .text               LCD24064.lib(gui_dispchar.o)
    0x080588b4   0x00000140   Code   RO         2898    .text               LCD24064.lib(gui_dispstring.o)
    0x080589f4   0x00000020   Code   RO         2914    .text               LCD24064.lib(gui_dispstringat.o)
    0x08058a14   0x000000b8   Code   RO         2926    .text               LCD24064.lib(gui_drawbitmap.o)
    0x08058acc   0x0000001c   Code   RO         2958    .text               LCD24064.lib(gui_fillrect.o)
    0x08058ae8   0x00000058   Code   RO         2970    .text               LCD24064.lib(gui_goto.o)
    0x08058b40   0x00000010   Code   RO         2985    .text               LCD24064.lib(gui_setfont.o)
    0x08058b50   0x00000014   Code   RO         2997    .text               LCD24064.lib(gui_settextmode.o)
    0x08058b64   0x00000180   Code   RO         3009    .text               LCD24064.lib(guicharp.o)
    0x08058ce4   0x000000c0   Code   RO         3021    .text               LCD24064.lib(guicore.o)
    0x08058da4   0x000000b0   Code   RO         3041    .text               LCD24064.lib(guiencjs.o)
    0x08058e54   0x00000102   Code   RO         3067    .text               LCD24064.lib(guival.o)
    0x08058f56   0x00000002   PAD
    0x08058f58   0x00000198   Code   RO         3082    .text               LCD24064.lib(guivalf.o)
    0x080590f0   0x00000220   Code   RO         3098    .text               LCD24064.lib(lcd_drawbitmap_565.o)
    0x08059310   0x0000001c   Code   RO         3150    .text               LCD24064.lib(gui_adddecmin.o)
    0x0805932c   0x000000f0   Code   RO         3162    .text               LCD24064.lib(gui_adddecshift.o)
    0x0805941c   0x0000030c   Code   RO         3181    .text               LCD24064.lib(gui_fillpolygon.o)
    0x08059728   0x0000003c   Code   RO         3196    .text               LCD24064.lib(gui_getcolor.o)
    0x08059764   0x00000018   Code   RO         3208    .text               LCD24064.lib(gui_setcolor.o)
    0x0805977c   0x0000002c   Code   RO         3220    .text               LCD24064.lib(gui_setcolorindex.o)
    0x080597a8   0x00000010   Code   RO         3232    .text               LCD24064.lib(gui_setdrawmode.o)
    0x080597b8   0x000000d0   Code   RO         3244    .text               LCD24064.lib(gui_uc.o)
    0x08059888   0x00000030   Code   RO         3256    .text               LCD24064.lib(gui_uc_encodenone.o)
    0x080598b8   0x000000b8   Code   RO         3275    .text               LCD24064.lib(guichar.o)
    0x08059970   0x00000128   Code   RO         3287    .text               LCD24064.lib(guicharline.o)
    0x08059a98   0x00000310   Code   RO         3299    .text               LCD24064.lib(guicirc.o)
    0x08059da8   0x00000440   Code   RO         3311    .text               LCD24064.lib(lcd.o)
    0x0805a1e8   0x00000058   Code   RO         3330    .text               LCD24064.lib(lcd_drawvline.o)
    0x0805a240   0x00000010   Code   RO         3342    .text               LCD24064.lib(lcd_getcolorindex.o)
    0x0805a250   0x000000b8   Code   RO         3354    .text               LCD24064.lib(lcd_getex.o)
    0x0805a308   0x00000034   Code   RO         3366    .text               LCD24064.lib(lcd_l0_generic.o)
    0x0805a33c   0x00000070   Code   RO         3378    .text               LCD24064.lib(lcdcolor.o)
    0x0805a3ac   0x00000038   Code   RO         3397    .text               LCD24064.lib(lcdp565_index2color.o)
    0x0805a3e4   0x000005b8   Code   RO         3456    .text               LCD24064.lib(lcddummy.o)
    0x0805a99c   0x00000030   Code   RO         3468    .text               LCD24064.lib(gui_x.o)
    0x0805a9cc   0x00000020   Code   RO         3483    .text               LCD24064.lib(lcdpm565.o)
    0x0805a9ec   0x0000003a   Code   RO         3495    .text               LCD24064.lib(gui_rectsintersect.o)
    0x0805aa26   0x00000002   PAD
    0x0805aa28   0x000001d8   Code   RO         3507    .text               LCD24064.lib(guicharm.o)
    0x0805ac00   0x00000038   Code   RO         3519    .text               LCD24064.lib(lcdpm565_index2color.o)
    0x0805ac38   0x000000ee   Code   RO         3533    .text               c_w.l(lludivv7m.o)
    0x0805ad26   0x00000002   PAD
    0x0805ad28   0x00000028   Code   RO         3537    .text               c_w.l(noretval__2sprintf.o)
    0x0805ad50   0x00000052   Code   RO         3541    .text               c_w.l(_printf_pad.o)
    0x0805ada2   0x00000052   Code   RO         3543    .text               c_w.l(_printf_str.o)
    0x0805adf4   0x00000078   Code   RO         3545    .text               c_w.l(_printf_dec.o)
    0x0805ae6c   0x0000013c   Code   RO         3559    .text               c_w.l(__printf_flags_wp.o)
    0x0805afa8   0x00000024   Code   RO         3570    .text               c_w.l(strncat.o)
    0x0805afcc   0x00000058   Code   RO         3572    .text               c_w.l(memcmp.o)
    0x0805b024   0x00000048   Code   RO         3574    .text               c_w.l(strcpy.o)
    0x0805b06c   0x0000003e   Code   RO         3576    .text               c_w.l(strlen.o)
    0x0805b0aa   0x00000096   Code   RO         3578    .text               c_w.l(strncmp.o)
    0x0805b140   0x00000018   Code   RO         3580    .text               c_w.l(strcat.o)
    0x0805b158   0x0000008a   Code   RO         3582    .text               c_w.l(rt_memcpy_v6.o)
    0x0805b1e2   0x00000064   Code   RO         3584    .text               c_w.l(rt_memcpy_w.o)
    0x0805b246   0x00000010   Code   RO         3586    .text               c_w.l(aeabi_memset.o)
    0x0805b256   0x00000044   Code   RO         3588    .text               c_w.l(rt_memclr.o)
    0x0805b29a   0x0000004e   Code   RO         3590    .text               c_w.l(rt_memclr_w.o)
    0x0805b2e8   0x00000056   Code   RO         3592    .text               c_w.l(strncpy.o)
    0x0805b33e   0x00000002   PAD
    0x0805b340   0x00000080   Code   RO         3594    .text               c_w.l(strcmpv7m.o)
    0x0805b3c0   0x0000000c   Code   RO         3596    .text               c_w.l(localtime.o)
    0x0805b3cc   0x000001a4   Code   RO         3599    .text               c_w.l(mktime.o)
    0x0805b570   0x00000006   Code   RO         3601    .text               c_w.l(heapauxi.o)
    0x0805b576   0x00000016   Code   RO         3712    .text               c_w.l(_rserrno.o)
    0x0805b58c   0x000000b8   Code   RO         3714    .text               c_w.l(_printf_intcommon.o)
    0x0805b644   0x00000030   Code   RO         3716    .text               c_w.l(_printf_char_common.o)
    0x0805b674   0x0000000a   Code   RO         3718    .text               c_w.l(_sputc.o)
    0x0805b67e   0x0000002c   Code   RO         3720    .text               c_w.l(_printf_char.o)
    0x0805b6aa   0x00000002   PAD
    0x0805b6ac   0x000000a4   Code   RO         3724    .text               c_w.l(localtime_internal.o)
    0x0805b750   0x00000008   Code   RO         3790    .text               c_w.l(rt_errno_addr_intlibspace.o)
    0x0805b758   0x00000008   Code   RO         3798    .text               c_w.l(libspace.o)
    0x0805b760   0x0000004a   Code   RO         3801    .text               c_w.l(sys_stackheap_outer.o)
    0x0805b7aa   0x0000000c   Code   RO         3803    .text               c_w.l(exit.o)
    0x0805b7b6   0x00000002   PAD
    0x0805b7b8   0x0000000c   Code   RO         3870    .text               c_w.l(sys_exit.o)
    0x0805b7c4   0x00000028   Code   RO         3746    i.__ARM_fpclassify  m_ws.l(fpclassify.o)
    0x0805b7ec   0x00000014   Code   RO         1398    i.__ARM_isinff      serve_test.o
    0x0805b800   0x0000000e   Code   RO         1403    i.__ARM_isnanf      serve_test.o
    0x0805b80e   0x00000002   PAD
    0x0805b810   0x00000388   Code   RO         3751    i.__ieee754_rem_pio2  m_ws.l(rred.o)
    0x0805bb98   0x000000fc   Code   RO         3741    i.__kernel_cos      m_ws.l(cos_i.o)
    0x0805bc94   0x000000aa   Code   RO         3748    i.__kernel_poly     m_ws.l(poly.o)
    0x0805bd3e   0x00000002   PAD
    0x0805bd40   0x000000ec   Code   RO         3756    i.__kernel_sin      m_ws.l(sin_i.o)
    0x0805be2c   0x00000010   Code   RO         3744    i.__mathlib_dbl_underflow  m_ws.l(dunder.o)
    0x0805be3c   0x0000000e   Code   RO         3557    i._is_digit         c_w.l(__printf_wp.o)
    0x0805be4a   0x00000002   PAD
    0x0805be4c   0x000000ac   Code   RO         3678    i.cos               m_ws.l(cos.o)
    0x0805bef8   0x000007c4   Code   RO          700    i.dis_cur           calibration.o
    0x0805c6bc   0x000000dc   Code   RO         3686    i.floor             m_ws.l(floor.o)
    0x0805c798   0x000009e0   Code   RO         3690    i.pow               m_ws.l(pow.o)
    0x0805d178   0x000000b0   Code   RO         3700    i.sin               m_ws.l(sin.o)
    0x0805d228   0x0000004c   Code   RO         3763    i.sqrt              m_ws.l(sqrt.o)
    0x0805d274   0x00000062   Code   RO         3605    x$fpl$d2f           fz_ws.l(d2f.o)
    0x0805d2d6   0x00000002   PAD
    0x0805d2d8   0x00000150   Code   RO         3607    x$fpl$dadd          fz_ws.l(daddsub_clz.o)
    0x0805d428   0x00000010   Code   RO         3794    x$fpl$dcheck1       fz_ws.l(dcheck1.o)
    0x0805d438   0x00000018   Code   RO         3726    x$fpl$dcmpinf       fz_ws.l(dcmpi.o)
    0x0805d450   0x000002b0   Code   RO         3614    x$fpl$ddiv          fz_ws.l(ddiv.o)
    0x0805d700   0x0000005e   Code   RO         3617    x$fpl$dfix          fz_ws.l(dfix.o)
    0x0805d75e   0x00000002   PAD
    0x0805d760   0x0000005a   Code   RO         3621    x$fpl$dfixu         fz_ws.l(dfixu.o)
    0x0805d7ba   0x0000002e   Code   RO         3626    x$fpl$dflt          fz_ws.l(dflt_clz.o)
    0x0805d7e8   0x00000026   Code   RO         3625    x$fpl$dfltu         fz_ws.l(dflt_clz.o)
    0x0805d80e   0x00000002   PAD
    0x0805d810   0x00000078   Code   RO         3631    x$fpl$dleqf         fz_ws.l(dleqf.o)
    0x0805d888   0x00000154   Code   RO         3633    x$fpl$dmul          fz_ws.l(dmul.o)
    0x0805d9dc   0x0000009c   Code   RO         3728    x$fpl$dnaninf       fz_ws.l(dnaninf.o)
    0x0805da78   0x0000000c   Code   RO         3730    x$fpl$dretinf       fz_ws.l(dretinf.o)
    0x0805da84   0x0000006c   Code   RO         3635    x$fpl$drleqf        fz_ws.l(drleqf.o)
    0x0805daf0   0x00000016   Code   RO         3608    x$fpl$drsb          fz_ws.l(daddsub_clz.o)
    0x0805db06   0x00000002   PAD
    0x0805db08   0x000001cc   Code   RO         3796    x$fpl$dsqrt         fz_ws.l(dsqrt_noumaal.o)
    0x0805dcd4   0x000001d4   Code   RO         3609    x$fpl$dsub          fz_ws.l(daddsub_clz.o)
    0x0805dea8   0x00000056   Code   RO         3637    x$fpl$f2d           fz_ws.l(f2d.o)
    0x0805defe   0x00000002   PAD
    0x0805df00   0x000000c4   Code   RO         3639    x$fpl$fadd          fz_ws.l(faddsub_clz.o)
    0x0805dfc4   0x00000018   Code   RO         3732    x$fpl$fcmpinf       fz_ws.l(fcmpi.o)
    0x0805dfdc   0x00000184   Code   RO         3646    x$fpl$fdiv          fz_ws.l(fdiv.o)
    0x0805e160   0x00000068   Code   RO         3649    x$fpl$feqf          fz_ws.l(feqf.o)
    0x0805e1c8   0x00000036   Code   RO         3651    x$fpl$ffix          fz_ws.l(ffix.o)
    0x0805e1fe   0x00000002   PAD
    0x0805e200   0x0000003e   Code   RO         3655    x$fpl$ffixu         fz_ws.l(ffixu.o)
    0x0805e23e   0x00000002   PAD
    0x0805e240   0x00000030   Code   RO         3664    x$fpl$fflt          fz_ws.l(fflt_clz.o)
    0x0805e270   0x00000060   Code   RO         3669    x$fpl$ffltll        fz_ws.l(ffltll_clz.o)
    0x0805e2d0   0x00000026   Code   RO         3663    x$fpl$ffltu         fz_ws.l(fflt_clz.o)
    0x0805e2f6   0x00000002   PAD
    0x0805e2f8   0x00000068   Code   RO         3671    x$fpl$fleqf         fz_ws.l(fleqf.o)
    0x0805e360   0x00000102   Code   RO         3673    x$fpl$fmul          fz_ws.l(fmul.o)
    0x0805e462   0x0000008c   Code   RO         3734    x$fpl$fnaninf       fz_ws.l(fnaninf.o)
    0x0805e4ee   0x0000000a   Code   RO         3736    x$fpl$fretinf       fz_ws.l(fretinf.o)
    0x0805e4f8   0x00000062   Code   RO         3675    x$fpl$frleqf        fz_ws.l(frleqf.o)
    0x0805e55a   0x00000014   Code   RO         3640    x$fpl$frsb          fz_ws.l(faddsub_clz.o)
    0x0805e56e   0x00000002   PAD
    0x0805e570   0x000000ea   Code   RO         3641    x$fpl$fsub          fz_ws.l(faddsub_clz.o)
    0x0805e65a   0x00000002   PAD
    0x0805e65c   0x0000005c   Code   RO         3659    x$fpl$llufromf      fz_ws.l(ffixull.o)
    0x0805e6b8   0x00000064   Code   RO         3815    x$fpl$retnan        fz_ws.l(retnan.o)
    0x0805e71c   0x0000005c   Code   RO         3738    x$fpl$scalbn        fz_ws.l(scalbn.o)
    0x0805e778   0x00000030   Code   RO         3868    x$fpl$trapveneer    fz_ws.l(trapv.o)
    0x0805e7a8   0x00000068   Data   RO          516    .constdata          cs99xx_type.o
    0x0805e810   0x0000395c   Data   RO          687    .constdata          calibration.o
    0x0806216c   0x000000f8   Data   RO          836    .constdata          cs99xx_eep_manage.o
    0x08062264   0x00000019   Data   RO          928    .constdata          cs99xx_flash_manage.o
    0x0806227d   0x00000003   PAD
    0x08062280   0x00000068   Data   RO          944    .constdata          cs99xx_interface.o
    0x080622e8   0x00001080   Data   RO          961    .constdata          cs99xx_ir_shift_gear.o
    0x08063368   0x00000091   Data   RO         1038    .constdata          cs99xx_mem_api.o
    0x080633f9   0x00000003   PAD
    0x080633fc   0x00000138   Data   RO         1072    .constdata          cs99xx_memory.o
    0x08063534   0x00000068   Data   RO         1114    .constdata          cs99xx_par_com.o
    0x0806359c   0x000001a0   Data   RO         1193    .constdata          cs99xx_pw.o
    0x0806373c   0x00000014   Data   RO         1206    .constdata          cs99xx_relay_motion.o
    0x08063750   0x000000b8   Data   RO         1232    .constdata          cs99xx_result.o
    0x08063808   0x00000100   Data   RO         1267    .constdata          cs99xx_struct.o
    0x08063908   0x00000270   Data   RO         1302    .constdata          cs99xx_time.o
    0x08063b78   0x00000050   Data   RO         1315    .constdata          cs99xx_vref.o
    0x08063bc8   0x00000014   Data   RO         1386    .constdata          serve_test.o
    0x08063bdc   0x000000b4   Data   RO         1598    .constdata          auto_calibration.o
    0x08063c90   0x00000100   Data   RO         1887    .constdata          os_core.o
    0x08063d90   0x0000005e   Data   RO         2026    .constdata          os_dbg.o
    0x08063dee   0x00000002   PAD
    0x08063df0   0x00000028   Data   RO         2042    .constdata          gui_draw.o
    0x08063e18   0x00004740   Data   RO         2063    .constdata          simsun_12.o
    0x08068558   0x000006c4   Data   RO         2084    .constdata          simsun_13.o
    0x08068c1c   0x00000b88   Data   RO         2097    .constdata          simsun_15.o
    0x080697a4   0x000017dc   Data   RO         2106    .constdata          simsun_16.o
    0x0806af80   0x00000320   Data   RO         2115    .constdata          garamond_16.o
    0x0806b2a0   0x000005cc   Data   RO         2124    .constdata          fangzhengxingkai_24.o
    0x0806b86c   0x000001cc   Data   RO         2133    .constdata          ms_sans_serif_24.o
    0x0806ba38   0x0000070c   Data   RO         2142    .constdata          simsunf_15.o
    0x0806c144   0x00000034   Data   RO         2151    .constdata          16bit.o
    0x0806c178   0x000000b4   Data   RO         2163    .constdata          allwin.o
    0x0806c22c   0x00000030   Data   RO         2172    .constdata          arrow.o
    0x0806c25c   0x000000a0   Data   RO         2181    .constdata          arrow_right.o
    0x0806c2fc   0x0000004c   Data   RO         2190    .constdata          back.o
    0x0806c348   0x00000030   Data   RO         2199    .constdata          circle.o
    0x0806c378   0x00000030   Data   RO         2208    .constdata          circle_.o
    0x0806c3a8   0x00000030   Data   RO         2217    .constdata          colon.o
    0x0806c3d8   0x0000004c   Data   RO         2226    .constdata          del.o
    0x0806c424   0x0000003c   Data   RO         2235    .constdata          down.o
    0x0806c460   0x0000002c   Data   RO         2244    .constdata          index.o
    0x0806c48c   0x00000050   Data   RO         2253    .constdata          leftshift.o
    0x0806c4dc   0x0000006c   Data   RO         2262    .constdata          logo.o
    0x0806c548   0x00000050   Data   RO         2283    .constdata          rightshift.o
    0x0806c598   0x0000004c   Data   RO         2292    .constdata          shortcut.o
    0x0806c5e4   0x0000003c   Data   RO         2301    .constdata          up.o
    0x0806c620   0x00000068   Data   RO         2310    .constdata          warning.o
    0x0806c688   0x00000028   Data   RO         2320    .constdata          cs99xx_for_comm.o
    0x0806c6b0   0x00000200   Data   RO         2467    .constdata          mbcrc.o
    0x0806c8b0   0x00000a77   Data   RO         2758    .constdata          LCD24064.lib(lcd24064.o)
    0x0806d327   0x00000001   PAD
    0x0806d328   0x00000044   Data   RO         2851    .constdata          LCD24064.lib(gui2dlib.o)
    0x0806d36c   0x0000000c   Data   RO         3042    .constdata          LCD24064.lib(guiencjs.o)
    0x0806d378   0x00000008   Data   RO         3099    .constdata          LCD24064.lib(lcd_drawbitmap_565.o)
    0x0806d380   0x00000720   Data   RO         3120    .constdata          LCD24064.lib(f10_1.o)
    0x0806daa0   0x00000868   Data   RO         3137    .constdata          LCD24064.lib(f13_1.o)
    0x0806e308   0x00000028   Data   RO         3163    .constdata          LCD24064.lib(gui_adddecshift.o)
    0x0806e330   0x00000010   Data   RO         3257    .constdata          LCD24064.lib(gui_uc_encodenone.o)
    0x0806e340   0x00000734   Data   RO         3409    .constdata          LCD24064.lib(f6x8.o)
    0x0806ea74   0x0000070c   Data   RO         3422    .constdata          LCD24064.lib(f10_ascii.o)
    0x0806f180   0x00000820   Data   RO         3439    .constdata          LCD24064.lib(f13_ascii.o)
    0x0806f9a0   0x00000011   Data   RO         3560    .constdata          c_w.l(__printf_flags_wp.o)
    0x0806f9b1   0x00000007   PAD
    0x0806f9b8   0x00000088   Data   RO         3691    .constdata          m_ws.l(pow.o)
    0x0806fa40   0x0000000c   Data   RO         3723    .constdata          c_w.l(_monlen.o)
    0x0806fa4c   0x00000004   PAD
    0x0806fa50   0x00000030   Data   RO         3742    .constdata          m_ws.l(cos_i.o)
    0x0806fa80   0x00000008   Data   RO         3750    .constdata          m_ws.l(qnan.o)
    0x0806fa88   0x000000c8   Data   RO         3753    .constdata          m_ws.l(rred.o)
    0x0806fb50   0x00000028   Data   RO         3757    .constdata          m_ws.l(sin_i.o)
    0x0806fb78   0x000002c3   Data   RO          688    .conststring        calibration.o
    0x0806fe3b   0x0000005a   Data   RO          945    .conststring        cs99xx_interface.o
    0x0806fe95   0x0000010c   Data   RO         1154    .conststring        cs99xx_parameter.o
    0x0806ffa1   0x0000000f   Data   RO         1233    .conststring        cs99xx_result.o
    0x0806ffb0   0x0000001a   Data   RO         1571    .conststring        auto_cal_server.o
    0x0806ffca   0x0000087d   Data   RO         2043    .conststring        gui_draw.o
    0x08070847   0x000003f9   Data   RO          517    .conststrlit        cs99xx_type.o
    0x08070c40   0x00000020   Data   RO         3940    Region$$Table       anon$$obj.o


    Execution Region RW_IRAM1 (Base: 0x20000000, Size: 0x0000c770, Max: 0x00010000, ABSOLUTE, COMPRESSED[0x00000d90])

    Base Addr    Size         Type   Attr      Idx    E Section Name        Object

    0x20000000   0x00000014   Data   RW           25    .data               system_stm32f10x.o
    0x20000014   0x00000014   Data   RW          318    .data               stm32f10x_rcc.o
    0x20000028   0x00000004   Data   RW          443    .data               stm32f10x_it.o
    0x2000002c   0x00000004   Data   RW          518    .data               cs99xx_type.o
    0x20000030   0x0000003c   Data   RW          573    .data               app.o
    0x2000006c   0x000002c2   Data   RW          689    .data               calibration.o
    0x2000032e   0x00000002   PAD
    0x20000330   0x00000004   Data   RW          766    .data               cs99xx_buzzer.o
    0x20000334   0x00000008   Data   RW          786    .data               cs99xx_collect.o
    0x2000033c   0x00000001   Data   RW          929    .data               cs99xx_flash_manage.o
    0x2000033d   0x00000003   PAD
    0x20000340   0x00000050   Data   RW          946    .data               cs99xx_interface.o
    0x20000390   0x00000004   Data   RW          962    .data               cs99xx_ir_shift_gear.o
    0x20000394   0x00000005   Data   RW         1073    .data               cs99xx_memory.o
    0x20000399   0x00000003   PAD
    0x2000039c   0x00000474   Data   RW         1155    .data               cs99xx_parameter.o
    0x20000810   0x00000098   Data   RW         1268    .data               cs99xx_struct.o
    0x200008a8   0x00000004   Data   RW         1332    .data               general_test.o
    0x200008ac   0x00000006   Data   RW         1354    .data               irq.o
    0x200008b2   0x00000002   PAD
    0x200008b4   0x00000124   Data   RW         1387    .data               serve_test.o
    0x200009d8   0x00000040   Data   RW         1422    .data               md5.o
    0x20000a18   0x00000012   Data   RW         1486    .data               acw_test.o
    0x20000a2a   0x00000002   PAD
    0x20000a2c   0x00000004   Data   RW         1507    .data               acw_count.o
    0x20000a30   0x00000034   Data   RW         1572    .data               auto_cal_server.o
    0x20000a64   0x00000020   Data   RW         1599    .data               auto_calibration.o
    0x20000a84   0x00000004   Data   RW         1660    .data               rtc_config.o
    0x20000a88   0x00000004   Data   RW         1678    .data               timer_config.o
    0x20000a8c   0x00000002   Data   RW         1707    .data               keyboard.o
    0x20000a8e   0x00000002   Data   RW         1725    .data               i2c_ee.o
    0x20000a90   0x00000008   Data   RW         1743    .data               mc14094.o
    0x20000a98   0x00000010   Data   RW         1761    .data               dac_vref.o
    0x20000aa8   0x00000002   Data   RW         1797    .data               spi_cpld.o
    0x20000aaa   0x00000002   PAD
    0x20000aac   0x00000004   Data   RW         1831    .data               timer5_config.o
    0x20000ab0   0x00000001   Data   RW         1846    .data               spi_flash.o
    0x20000ab1   0x00000003   PAD
    0x20000ab4   0x00000058   Data   RW         1888    .data               os_core.o
    0x20000b0c   0x00000002   Data   RW         2005    .data               os_cpu_c.o
    0x20000b0e   0x00000002   PAD
    0x20000b10   0x000024b4   Data   RW         2044    .data               gui_draw.o
    0x20002fc4   0x00000004   Data   RW         2333    .data               mb_interface.o
    0x20002fc8   0x000000b8   Data   RW         2382    .data               mb.o
    0x20003080   0x00000002   Data   RW         2441    .data               mbfuncother.o
    0x20003082   0x00000002   PAD
    0x20003084   0x0000000c   Data   RW         2482    .data               mbrtu.o
    0x20003090   0x00000002   Data   RW         2512    .data               portevent.o
    0x20003092   0x00000014   Data   RW         2551    .data               user_mb_app.o
    0x200030a6   0x00000002   PAD
    0x200030a8   0x0000000d   Data   RW         2609    .data               mbrtu_m.o
    0x200030b5   0x00000003   PAD
    0x200030b8   0x000000b8   Data   RW         2623    .data               mb_m.o
    0x20003170   0x00000002   Data   RW         2642    .data               portevent_m.o
    0x20003172   0x00000004   Data   RW         2668    .data               porttimer_m.o
    0x20003176   0x00000001   Data   RW         2683    .data               dc_module.o
    0x20003177   0x00000001   Data   RW         2759    .data               LCD24064.lib(lcd24064.o)
    0x20003178   0x00000014   Data   RW         3023    .data               LCD24064.lib(guicore.o)
    0x2000318c   0x00000004   Data   RW         3183    .data               LCD24064.lib(gui_fillpolygon.o)
    0x20003190   0x00000004   Data   RW         3469    .data               LCD24064.lib(gui_x.o)
    0x20003194   0x00000001   Data   RW          706    .data__ZZ7dis_curE1n  calibration.o
    0x20003195   0x00000003   PAD
    0x20003198   0x0000008f   Zero   RW          515    .bss                cs99xx_type.o
    0x20003227   0x00000001   PAD
    0x20003228   0x0000257c   Zero   RW          572    .bss                app.o
    0x200057a4   0x00001298   Zero   RW          686    .bss                calibration.o
    0x20006a3c   0x00000004   PAD
    0x20006a40   0x00000108   Zero   RW          785    .bss                cs99xx_collect.o
    0x20006b48   0x0000002c   Zero   RW          875    .bss                cs99xx_err_log.o
    0x20006b74   0x000000d4   Zero   RW         1037    .bss                cs99xx_mem_api.o
    0x20006c48   0x0000000a   Zero   RW         1071    .bss                cs99xx_memory.o
    0x20006c52   0x00000002   PAD
    0x20006c54   0x000008a8   Zero   RW         1266    .bss                cs99xx_struct.o
    0x200074fc   0x0000002c   Zero   RW         1331    .bss                general_test.o
    0x20007528   0x00000800   Zero   RW         1367    .bss                on_chip_flash_api.o
    0x20007d28   0x000000ce   Zero   RW         1385    .bss                serve_test.o
    0x20007df6   0x00000002   PAD
    0x20007df8   0x00000080   Zero   RW         1597    .bss                auto_calibration.o
    0x20007e78   0x00000070   Zero   RW         1659    .bss                rtc_config.o
    0x20007ee8   0x00000244   Zero   RW         1706    .bss                keyboard.o
    0x2000812c   0x0000064c   Zero   RW         1845    .bss                spi_flash.o
    0x20008778   0x00000c78   Zero   RW         1886    .bss                os_core.o
    0x200093f0   0x00000138   Zero   RW         2041    .bss                gui_draw.o
    0x20009528   0x0000101c   Zero   RW         2352    .bss                mb_master.o
    0x2000a544   0x00000020   Zero   RW         2440    .bss                mbfuncother.o
    0x2000a564   0x00000100   Zero   RW         2481    .bss                mbrtu.o
    0x2000a664   0x00000d88   Zero   RW         2550    .bss                user_mb_app.o
    0x2000b3ec   0x000001fd   Zero   RW         2608    .bss                mbrtu_m.o
    0x2000b5e9   0x00000003   PAD
    0x2000b5ec   0x00000400   Zero   RW         2682    .bss                dc_module.o
    0x2000b9ec   0x00000024   Zero   RW         2735    .bss                module.o
    0x2000ba10   0x00000782   Zero   RW         2757    .bss                LCD24064.lib(lcd24064.o)
    0x2000c192   0x00000002   PAD
    0x2000c194   0x00000038   Zero   RW         3022    .bss                LCD24064.lib(guicore.o)
    0x2000c1cc   0x00000018   Zero   RW         3182    .bss                LCD24064.lib(gui_fillpolygon.o)
    0x2000c1e4   0x00000100   Zero   RW         3379    .bss                LCD24064.lib(lcdcolor.o)
    0x2000c2e4   0x0000002c   Zero   RW         3597    .bss                c_w.l(localtime.o)
    0x2000c310   0x00000060   Zero   RW         3799    .bss                c_w.l(libspace.o)
    0x2000c370   0x00000000   Zero   RW           18    HEAP                startup_stm32f10x_hd.o
    0x2000c370   0x00000400   Zero   RW           17    STACK               startup_stm32f10x_hd.o


==============================================================================

Image component sizes


      Code (inc. data)   RO Data    RW Data    ZI Data      Debug   Object Name

         0          0         52          0          0        610   16bit.o
       620         24          0          4          0       1786   acw_count.o
       356         10          0          0          0       1439   acw_relay.o
       888         50          0         18          0       3354   acw_test.o
         0          0        180          0          0        619   allwin.o
      2252        214          0         60       9596      22432   app.o
         0          0         48          0          0        610   arrow.o
         0          0        160          0          0        584   arrow_right.o
       264         42          0          0          0       2504   auto_cal_comm.o
      2220         98         26         52          0       8999   auto_cal_server.o
      7948        506        180         32        128      15041   auto_calibration.o
         0          0         76          0          0        601   back.o
       384         18          0          0          0      17533   bsp_config.o
     39500       2686      15391        707       4760      45515   calibration.o
         0          0         48          0          0        619   circle.o
         0          0         48          0          0        628   circle_.o
         0          0         48          0          0        610   colon.o
         0          0          0          0          0       4244   core_cm3.o
      1098         52          0          0          0      10370   cs99xx.o
      3668        526          0          0          0       4197   cs99xx_bbd.o
        96         16          0          4          0        574   cs99xx_buzzer.o
      6116        628          0          8        264       6902   cs99xx_collect.o
       404         32          0          0          0       1369   cs99xx_custom.o
      3168        398        248          0          0      20439   cs99xx_eep_manage.o
       180          8          0          0         44       2209   cs99xx_err_log.o
      1440        176          0          0          0       2933   cs99xx_exception.o
      2218        140         25          1          0       9410   cs99xx_flash_manage.o
     11756        796         40          0          0      35860   cs99xx_for_comm.o
      3964        738        194         80          0       4356   cs99xx_interface.o
       736         84       4224          4          0       3136   cs99xx_ir_shift_gear.o
       480         38          0          0          0       1341   cs99xx_it.o
        52          8          0          0          0        430   cs99xx_led.o
       420         32          0          0          0       1407   cs99xx_lock_key.o
      7508        678        145          0        212      18928   cs99xx_mem_api.o
     12598       1294        312          5         10      14173   cs99xx_memory.o
      4864       1518          0          0          0       4691   cs99xx_offset.o
      1800         72          0          0          0       2093   cs99xx_par_acw.o
     11484        784        104          0          0      13038   cs99xx_par_com.o
      1428         68          0          0          0       1898   cs99xx_par_dcw.o
      6144        538          0          0          0       6069   cs99xx_par_gr.o
      3656        354        268       1140          0       7473   cs99xx_parameter.o
       456         40          0          0          0        946   cs99xx_plc.o
      3228        314        416          0          0       3831   cs99xx_pw.o
      7044        518         20          0          0      11420   cs99xx_relay_motion.o
     12308       1250        199          0          0      16923   cs99xx_result.o
      7928        442          0          0          0      15792   cs99xx_set_par_path.o
      2504        136        256        152       2216      15286   cs99xx_struct.o
      3292        182          0          0          0       4457   cs99xx_sys.o
      1424         74        624          0          0       2579   cs99xx_time.o
     16436        610       2849          4        143      55946   cs99xx_type.o
      3232        270         80          0          0       3427   cs99xx_vref.o
       564         36          0         16          0       2156   dac_vref.o
      2688        100          0          1       1024      10806   dc_module.o
       388          8          0          0          0       2838   dc_module_bridge.o
         0          0         76          0          0        596   del.o
         0          0         60          0          0        601   down.o
         0          0       1484          0          0       2756   fangzhengxingkai_24.o
         0          0        800          0          0       2881   garamond_16.o
      9244        830          0          4         44      11732   general_test.o
     18648       3842       2213       9396        312      39420   gui_draw.o
      1304         22          0          2          0       5094   i2c_ee.o
         0          0         44          0          0        610   index.o
      3104        244          0          6          0       4268   irq.o
      3184        414          0          2        580       9938   keyboard.o
         0          0         80          0          0        642   leftshift.o
         0          0        108          0          0        601   logo.o
       128         36          0          0          0      18232   main.o
       740         92          0        184          0       4381   mb.o
       256         10          0          0          0       3681   mb_dc_module.o
      3272         98          0          4          0      27098   mb_interface.o
       632        106          0        184          0       5220   mb_m.o
       428         16          0          0       4124       2069   mb_master.o
      1712        148          0          0          0       2500   mb_server.o
        56          8        512          0          0       1092   mbcrc.o
        20          0          0          0          0       1884   mbfuncfile_m.o
       216          0          0          0          0       2570   mbfuncholding.o
       354          0          0          0          0       3749   mbfuncholding_m.o
       148          8          0          2         32       1641   mbfuncother.o
       636         28          0         12        256       3521   mbrtu.o
       776         46          0         13        509       4827   mbrtu_m.o
       172          0          0          0          0       1786   mbutils.o
       720         26          0          8          0       5138   mc14094.o
      2440        274          0         64          0       4259   md5.o
       220         20          0          0          0       1829   misc.o
      1224         56          0          0         36       3673   module.o
         0          0        460          0          0       1374   ms_sans_serif_24.o
       232         10          0          0       2048       2084   on_chip_flash_api.o
      3324        264        256         88       3192      19753   os_core.o
       164         32          0          0          0        268   os_cpu_a.o
       212          6          0          2          0      12499   os_cpu_c.o
       276        182         94          0          0       2773   os_dbg.o
       508         12          0          0          0       3048   os_mem.o
      1576         40          0          0          0       4394   os_mutex.o
      1532         32          0          0          0       5413   os_q.o
       960         18          0          0          0       3802   os_sem.o
      1588         62          0          0          0       5732   os_task.o
       452         24          0          0          0       1778   os_time.o
      1736        120          0          0          0       5685   os_tmr.o
         8          0          0          0          0        507   port.o
        60          8          0          2          0       1384   portevent.o
        60          8          0          2          0       1438   portevent_m.o
       452         20          0          0          0       2429   portserial.o
       536         24          0          0          0       2670   portserial_m.o
       264         12          0          0          0       1213   porttimer.o
       444         20          0          4          0       1884   porttimer_m.o
         0          0         80          0          0        651   rightshift.o
      1220        170          0          4        112       5337   rtc_config.o
     13534       1788         20        292        206      27329   serve_test.o
         0          0         76          0          0        633   shortcut.o
         0          0      18240          0          0      73845   simsun_12.o
         0          0       1732          0          0       6625   simsun_13.o
         0          0       2952          0          0       6627   simsun_15.o
         0          0       6108          0          0      13095   simsun_16.o
         0          0       1804          0          0       6500   simsunf_15.o
       892         28          0          2          0       4592   spi_cpld.o
      2008         70          0          1       1612       9633   spi_flash.o
        60         22        304          0       1024        768   startup_stm32f10x_hd.o
       616         28          0          0          0       2170   stm32_adc.o
       272         18          0          0          0        705   stm32_fsmc.o
       172         30          0          0          0        549   stm32_gpio_config.o
      1102         26          0          0          0      10861   stm32f10x_adc.o
       196          8          0          0          0       3488   stm32f10x_bkp.o
        72          4          0          0          0       1742   stm32f10x_crc.o
       396          6          0          0          0       3674   stm32f10x_dac.o
       284         10          0          0          0       2259   stm32f10x_exti.o
      1468         34          0          0          0       8058   stm32f10x_flash.o
      1560         54          0          0          0       5367   stm32f10x_fsmc.o
       856         40          0          0          0       5673   stm32f10x_gpio.o
       500         58          0          4          0      28553   stm32f10x_it.o
       204         16          0          0          0       1919   stm32f10x_pwr.o
       932         44          0         20          0       8812   stm32f10x_rcc.o
       324          4          0          0          0       2666   stm32f10x_rtc.o
      3610         88          0          0          0      22156   stm32f10x_tim.o
      1032         22          0          0          0       8396   stm32f10x_usart.o
       464         32          0         20          0     280427   system_stm32f10x.o
       176          8          0          4          0       1496   timer5_config.o
       292         16          0          4          0       1072   timer_config.o
         0          0         60          0          0        587   up.o
      1000         64          0         20       3464       4369   user_mb_app.o
         0          0        104          0          0        628   warning.o

    ----------------------------------------------------------------------
    298476      26512      63968      12667      35960    1267110   Object Totals
         0          0         32          0          0          0   (incl. Generated)
        14          0          8         29         12          0   (incl. Padding)

    ----------------------------------------------------------------------

      Code (inc. data)   RO Data    RW Data    ZI Data      Debug   Library Member Name

         0          0       1824          0          0       5911   f10_1.o
         0          0       1804          0          0       6527   f10_ascii.o
         0          0       2152          0          0       6120   f13_1.o
         0          0       2080          0          0       6663   f13_ascii.o
         0          0       1844          0          0       2038   f6x8.o
      1740         18         68          0          0      23062   gui2dlib.o
        28          0          0          0          0        552   gui_adddecmin.o
       240         10         40          0          0       2027   gui_adddecshift.o
        40          6          0          0          0        730   gui_dispchar.o
       320          4          0          0          0        913   gui_dispstring.o
        32          6          0          0          0        579   gui_dispstringat.o
       184          4          0          0          0       1355   gui_drawbitmap.o
       780         14          0          4         24       4213   gui_fillpolygon.o
        28          0          0          0          0        583   gui_fillrect.o
        60          0          0          0          0        940   gui_getcolor.o
        88          6          0          0          0       1185   gui_goto.o
        58          0          0          0          0        869   gui_rectsintersect.o
        24          0          0          0          0        622   gui_setcolor.o
        44          4          0          0          0        664   gui_setcolorindex.o
        16          0          0          0          0        510   gui_setdrawmode.o
        16          4          0          0          0        474   gui_setfont.o
        20          4          0          0          0        478   gui_settextmode.o
       208          6          0          0          0       2072   gui_uc.o
        48         10         16          0          0       1604   gui_uc_encodenone.o
        48          6          0          4          0       1382   gui_x.o
       184         10          0          0          0       1172   guichar.o
       296         12          0          0          0       2035   guicharline.o
       472          6          0          0          0       2073   guicharm.o
       384          4          0          0          0       2001   guicharp.o
       784          0          0          0          0       3542   guicirc.o
       192         16          0         20         56       4622   guicore.o
       176          0         12          0          0       6394   guiencjs.o
       258          0          0          0          0       2188   guival.o
       408         14          0          0          0       1942   guivalf.o
      1088         12          0          0          0       4572   lcd.o
       732         16       2679          1       1922     220250   lcd24064.o
       544          6          8          0          0       2579   lcd_drawbitmap_565.o
        88          4          0          0          0        584   lcd_drawvline.o
        16          4          0          0          0        556   lcd_getcolorindex.o
       184          0          0          0          0       3445   lcd_getex.o
        52          0          0          0          0       1091   lcd_l0_generic.o
       112          6          0          0        256       1686   lcdcolor.o
      1464         10          0          0          0       6426   lcddummy.o
        56          0          0          0          0        582   lcdp565_index2color.o
        32          0          0          0          0        745   lcdpm565.o
        56          0          0          0          0        587   lcdpm565_index2color.o
        90          0          0          0          0          0   __dczerorl2.o
         8          0          0          0          0         68   __main.o
       316          6         17          0          0         92   __printf_flags_wp.o
        14          0          0          0          0         68   __printf_wp.o
        52          8          0          0          0          0   __scatter.o
        28          0          0          0          0          0   __scatter_zi.o
         0          0         12          0          0          0   _monlen.o
        44          0          0          0          0        108   _printf_char.o
        48          6          0          0          0         96   _printf_char_common.o
         6          0          0          0          0          0   _printf_d.o
       120         18          0          0          0         92   _printf_dec.o
       184          0          0          0          0         88   _printf_intcommon.o
        82          0          0          0          0        108   _printf_pad.o
         0          0          0          0          0          0   _printf_percent.o
         4          0          0          0          0          0   _printf_percent_end.o
         6          0          0          0          0          0   _printf_s.o
        82          0          0          0          0         80   _printf_str.o
        22          0          0          0          0        100   _rserrno.o
        10          0          0          0          0         68   _sputc.o
        16          0          0          0          0         68   aeabi_memset.o
        12          0          0          0          0         72   exit.o
         6          0          0          0          0        152   heapauxi.o
         0          0          0          0          0          0   indicate_semi.o
         2          0          0          0          0          0   libinit.o
         2          0          0          0          0          0   libinit2.o
         2          0          0          0          0          0   libshutdown.o
         2          0          0          0          0          0   libshutdown2.o
         8          4          0          0         96         68   libspace.o
       238          0          0          0          0        100   lludivv7m.o
        12          6          0          0         44         68   localtime.o
       164          6          0          0          0         80   localtime_internal.o
        88          0          0          0          0         76   memcmp.o
       420          8          0          0          0        128   mktime.o
        40          6          0          0          0         84   noretval__2sprintf.o
         8          4          0          0          0         68   rt_errno_addr_intlibspace.o
        68          0          0          0          0         68   rt_memclr.o
        78          0          0          0          0         80   rt_memclr_w.o
       138          0          0          0          0         68   rt_memcpy_v6.o
       100          0          0          0          0         80   rt_memcpy_w.o
         0          0          0          0          0          0   rtentry.o
        12          0          0          0          0          0   rtentry2.o
         6          0          0          0          0          0   rtentry4.o
         2          0          0          0          0          0   rtexit.o
        10          0          0          0          0          0   rtexit2.o
        24          0          0          0          0         68   strcat.o
       128          0          0          0          0         68   strcmpv7m.o
        72          0          0          0          0         80   strcpy.o
        62          0          0          0          0         76   strlen.o
        36          0          0          0          0         76   strncat.o
       150          0          0          0          0         80   strncmp.o
        86          0          0          0          0         76   strncpy.o
        12          4          0          0          0         68   sys_exit.o
        74          0          0          0          0         80   sys_stackheap_outer.o
         2          0          0          0          0         68   use_no_semi.o
        98          4          0          0          0         92   d2f.o
       826         16          0          0          0        348   daddsub_clz.o
        16          4          0          0          0         68   dcheck1.o
        24          0          0          0          0         68   dcmpi.o
       688        140          0          0          0        208   ddiv.o
        94          4          0          0          0         92   dfix.o
        90          4          0          0          0         92   dfixu.o
        84          0          0          0          0        136   dflt_clz.o
       120          4          0          0          0         92   dleqf.o
       340         12          0          0          0        104   dmul.o
       156          4          0          0          0         92   dnaninf.o
        12          0          0          0          0         68   dretinf.o
       108          0          0          0          0         80   drleqf.o
       460         56          0          0          0        120   dsqrt_noumaal.o
        86          4          0          0          0         84   f2d.o
       450          8          0          0          0        236   faddsub_clz.o
        24          0          0          0          0         68   fcmpi.o
       388         76          0          0          0         96   fdiv.o
       104          4          0          0          0         84   feqf.o
        54          4          0          0          0         84   ffix.o
        62          4          0          0          0         84   ffixu.o
        92          4          0          0          0         84   ffixull.o
        86          0          0          0          0        136   fflt_clz.o
        96          0          0          0          0         84   ffltll_clz.o
       104          4          0          0          0         84   fleqf.o
       258          4          0          0          0         84   fmul.o
       140          4          0          0          0         84   fnaninf.o
        10          0          0          0          0         68   fretinf.o
        98          0          0          0          0         68   frleqf.o
       100          0          0          0          0         68   retnan.o
        92          0          0          0          0         68   scalbn.o
        48          0          0          0          0         68   trapv.o
         0          0          0          0          0          0   usenofp.o
       172          8          0          0          0        112   cos.o
       252         22         48          0          0        124   cos_i.o
        16          6          0          0          0         68   dunder.o
       220         16          0          0          0         84   floor.o
        40          0          0          0          0         68   fpclassify.o
       170          0          0          0          0         96   poly.o
      2528        190        136          0          0        332   pow.o
         0          0          8          0          0          0   qnan.o
       904         72        200          0          0        140   rred.o
       176         10          0          0          0        116   sin.o
       236         12         40          0          0        128   sin_i.o
        76          0          0          0          0         84   sqrt.o

    ----------------------------------------------------------------------
     25036        998      13000         29       2400     348757   Library Totals
        42          0         12          0          2          0   (incl. Padding)

    ----------------------------------------------------------------------

      Code (inc. data)   RO Data    RW Data    ZI Data      Debug   Library Name

     11600        222      12527         29       2258     341145   LCD24064.lib
      3196         76         29          0        140       2968   c_w.l
      5408        364          0          0          0       3292   fz_ws.l
      4790        336        432          0          0       1352   m_ws.l

    ----------------------------------------------------------------------
     25036        998      13000         29       2400     348757   Library Totals

    ----------------------------------------------------------------------

==============================================================================


      Code (inc. data)   RO Data    RW Data    ZI Data      Debug   

    323512      27510      76968      12696      38360    1597719   Grand Totals
    323512      27510      76968       3472      38360    1597719   ELF Image Totals (compressed)
    323512      27510      76968       3472          0          0   ROM Totals

==============================================================================

    Total RO  Size (Code + RO Data)               400480 ( 391.09kB)
    Total RW  Size (RW Data + ZI Data)             51056 (  49.86kB)
    Total ROM Size (Code + RO Data + RW Data)     403952 ( 394.48kB)

==============================================================================

