ARM Linker, 5.03 [Build 76] [MDK-ARM Standard][RL-ARM]

==============================================================================

Section Cross References

    startup_stm32f10x_hd.o(STACK) refers (Special) to heapauxi.o(.text) for __use_two_region_memory
    startup_stm32f10x_hd.o(HEAP) refers (Special) to heapauxi.o(.text) for __use_two_region_memory
    startup_stm32f10x_hd.o(RESET) refers (Special) to heapauxi.o(.text) for __use_two_region_memory
    startup_stm32f10x_hd.o(RESET) refers to startup_stm32f10x_hd.o(STACK) for __initial_sp
    startup_stm32f10x_hd.o(RESET) refers to startup_stm32f10x_hd.o(.text) for Reset_Handler
    startup_stm32f10x_hd.o(RESET) refers to stm32f10x_it.o(.text) for NMI_Handler
    startup_stm32f10x_hd.o(RESET) refers to os_cpu_a.o(.text) for OS_CPU_PendSVHandler
    startup_stm32f10x_hd.o(RESET) refers to rtc_config.o(.text) for RTC_IRQHandler
    startup_stm32f10x_hd.o(RESET) refers to stm32_adc.o(.text) for ADC1_2_IRQHandler
    startup_stm32f10x_hd.o(RESET) refers to timer_config.o(.text) for TIM2_IRQHandler
    startup_stm32f10x_hd.o(RESET) refers to dac_vref.o(.text) for TIM3_IRQHandler
    startup_stm32f10x_hd.o(RESET) refers to porttimer.o(.text) for TIM4_IRQHandler
    startup_stm32f10x_hd.o(RESET) refers to portserial.o(.text) for USART1_IRQHandler
    startup_stm32f10x_hd.o(RESET) refers to timer5_config.o(.text) for TIM5_IRQHandler
    startup_stm32f10x_hd.o(RESET) refers to portserial_m.o(.text) for UART5_IRQHandler
    startup_stm32f10x_hd.o(RESET) refers to porttimer_m.o(.text) for TIM6_IRQHandler
    startup_stm32f10x_hd.o(.text) refers (Special) to heapauxi.o(.text) for __use_two_region_memory
    startup_stm32f10x_hd.o(.text) refers to system_stm32f10x.o(.text) for SystemInit
    startup_stm32f10x_hd.o(.text) refers to __main.o(!!!main) for __main
    startup_stm32f10x_hd.o(.text) refers to startup_stm32f10x_hd.o(HEAP) for Heap_Mem
    startup_stm32f10x_hd.o(.text) refers to startup_stm32f10x_hd.o(STACK) for Stack_Mem
    system_stm32f10x.o(.text) refers to system_stm32f10x.o(.data) for SystemCoreClock
    stm32f10x_adc.o(.text) refers to stm32f10x_rcc.o(.text) for RCC_APB2PeriphResetCmd
    stm32f10x_bkp.o(.text) refers to stm32f10x_rcc.o(.text) for RCC_BackupResetCmd
    stm32f10x_can.o(.text) refers to stm32f10x_rcc.o(.text) for RCC_APB1PeriphResetCmd
    stm32f10x_cec.o(.text) refers to stm32f10x_rcc.o(.text) for RCC_APB1PeriphResetCmd
    stm32f10x_dac.o(.text) refers to stm32f10x_rcc.o(.text) for RCC_APB1PeriphResetCmd
    stm32f10x_gpio.o(.text) refers to stm32f10x_rcc.o(.text) for RCC_APB2PeriphResetCmd
    stm32f10x_i2c.o(.text) refers to stm32f10x_rcc.o(.text) for RCC_APB1PeriphResetCmd
    stm32f10x_pwr.o(.text) refers to stm32f10x_rcc.o(.text) for RCC_APB1PeriphResetCmd
    stm32f10x_rcc.o(.text) refers to stm32f10x_rcc.o(.data) for APBAHBPrescTable
    stm32f10x_spi.o(.text) refers to stm32f10x_rcc.o(.text) for RCC_APB2PeriphResetCmd
    stm32f10x_tim.o(.text) refers to stm32f10x_rcc.o(.text) for RCC_APB2PeriphResetCmd
    stm32f10x_usart.o(.text) refers to stm32f10x_rcc.o(.text) for RCC_APB2PeriphResetCmd
    stm32f10x_wwdg.o(.text) refers to stm32f10x_rcc.o(.text) for RCC_APB1PeriphResetCmd
    main.o(.text) refers to bsp_config.o(.text) for init_4094
    main.o(.text) refers to os_core.o(.text) for OSInit
    main.o(.text) refers to os_q.o(.text) for OSQCreate
    main.o(.text) refers to os_sem.o(.text) for OSSemCreate
    main.o(.text) refers to os_mutex.o(.text) for OSMutexCreate
    main.o(.text) refers to os_task.o(.text) for OSTaskCreate
    main.o(.text) refers to app.o(.data) for QMsgTbl
    main.o(.text) refers to app.o(.bss) for MdbusQMsgTbl
    main.o(.text) refers to app.o(.text) for startup_task
    stm32f10x_it.o(.text) refers to cs99xx_relay_motion.o(.text) for irq_stop_relay_motion
    stm32f10x_it.o(.text) refers to os_core.o(.text) for OSIntEnter
    stm32f10x_it.o(.text) refers to stm32f10x_exti.o(.text) for EXTI_GetITStatus
    stm32f10x_it.o(.text) refers to bsp_config.o(.text) for soft_delay_10us
    stm32f10x_it.o(.text) refers to irq.o(.text) for stop_irq
    stm32f10x_it.o(.text) refers to test_com.o(.text) for close_test_timer
    stm32f10x_it.o(.text) refers to stm32f10x_usart.o(.text) for USART_GetITStatus
    stm32f10x_it.o(.text) refers to cs99xx_type.o(.bss) for g_custom_sys_par
    stm32f10x_it.o(.text) refers to serve_test.o(.data) for cur_mode
    stm32f10x_it.o(.text) refers to app.o(.data) for g_short_delay
    stm32f10x_it.o(.text) refers to stm32f10x_it.o(.data) for debug_led
    cs99xx_type.o(.text) refers to gui_draw.o(.data) for menu_par
    cs99xx_type.o(.text) refers to cs99xx_type.o(.bss) for type_spe
    cs99xx_type.o(.text) refers to calibration.o(.text) for is_acw_segment
    cs99xx_type.o(.text) refers to guicore.o(.text) for GUI_ClearRect
    cs99xx_type.o(.text) refers to strncmp.o(.text) for strncmp
    cs99xx_type.o(.text) refers to gui_dispstringat.o(.text) for GUI_DispStringAt
[...]
    test_irq_fun                             0x200008fc   Data           4  serve_test.o(.data)
    cs99xx_test_fun                          0x20000900   Data           4  serve_test.o(.data)
    run_cs99xx_test_fun                      0x20000904   Data           4  serve_test.o(.data)
    uart_err_num                             0x20000908   Data           4  serve_test.o(.data)
    g_test_time                              0x2000090c   Data           4  serve_test.o(.data)
    g_dis_time                               0x20000910   Data           2  serve_test.o(.data)
    g_buzzer_time                            0x20000914   Data           4  serve_test.o(.data)
    g_cylinder_ctrl_t                        0x20000918   Data           4  serve_test.o(.data)
    dly_t                                    0x2000091c   Data           2  serve_test.o(.data)
    zeo_t                                    0x2000091e   Data           2  serve_test.o(.data)
    one_t                                    0x20000920   Data           2  serve_test.o(.data)
    two_t                                    0x20000922   Data           2  serve_test.o(.data)
    thr_t                                    0x20000924   Data           2  serve_test.o(.data)
    for_t                                    0x20000926   Data           2  serve_test.o(.data)
    fiv_t                                    0x20000928   Data           2  serve_test.o(.data)
    tes_t                                    0x2000092a   Data           2  serve_test.o(.data)
    ris_t                                    0x2000092c   Data           2  serve_test.o(.data)
    sta_t                                    0x2000092e   Data           2  serve_test.o(.data)
    fal_t                                    0x20000930   Data           2  serve_test.o(.data)
    int_t                                    0x20000932   Data           2  serve_test.o(.data)
    cha_t                                    0x20000934   Data           2  serve_test.o(.data)
    cur_step                                 0x20000936   Data           2  serve_test.o(.data)
    cur_mode                                 0x20000938   Data           1  serve_test.o(.data)
    cur_offset_result                        0x20000939   Data           1  serve_test.o(.data)
    cur_getc_result                          0x2000093a   Data           1  serve_test.o(.data)
    cur_t_time                               0x2000093b   Data           1  serve_test.o(.data)
    cur_status                               0x2000093c   Data           1  serve_test.o(.data)
    cur_status_plc                           0x2000093d   Data           1  serve_test.o(.data)
    cur_plc_err_st                           0x2000093e   Data           1  serve_test.o(.data)
    cur_comm_bps                             0x2000093f   Data           1  serve_test.o(.data)
    updata_comm_flag                         0x20000940   Data           2  serve_test.o(.data)
    cur_vol                                  0x20000942   Data           2  serve_test.o(.data)
    cur_cap                                  0x20000944   Data           4  serve_test.o(.data)
    cur_open_ratio                           0x20000948   Data           2  serve_test.o(.data)
    cur_short_ratio                          0x2000094a   Data           2  serve_test.o(.data)
    cur_auto                                 0x2000094c   Data           1  serve_test.o(.data)
    steps_con                                0x2000094d   Data           1  serve_test.o(.data)
    steps_pass                               0x2000094e   Data           1  serve_test.o(.data)
    cur_gear                                 0x2000094f   Data           1  serve_test.o(.data)
    cur_gear_max                             0x20000950   Data           1  serve_test.o(.data)
    cur_gear_min                             0x20000951   Data           1  serve_test.o(.data)
    cur_soft_gear                            0x20000952   Data           1  serve_test.o(.data)
    vol_segment                              0x20000953   Data           1  serve_test.o(.data)
    contact_segment                          0x20000954   Data           1  serve_test.o(.data)
    cur_segment                              0x20000955   Data           1  serve_test.o(.data)
    cur_gear_bak                             0x20000956   Data           1  serve_test.o(.data)
    cur_ir_dis_gear                          0x20000957   Data           1  serve_test.o(.data)
    cur_ir_dis_gear_0                        0x20000958   Data           1  serve_test.o(.data)
    cur_ir_dis_gear_1                        0x20000959   Data           1  serve_test.o(.data)
    g_ir_gear_hold                           0x2000095c   Data           4  serve_test.o(.data)
    cur_gear_comm                            0x20000960   Data           1  serve_test.o(.data)
    cur_real_gear_comm                       0x20000961   Data           1  serve_test.o(.data)
    cur_method                               0x20000962   Data           1  serve_test.o(.data)
    res_ave_comm                             0x20000964   Data           2  serve_test.o(.data)
    cur_ave_comm                             0x20000966   Data           2  serve_test.o(.data)
    cur_output_impedan                       0x20000968   Data           1  serve_test.o(.data)
    cur_intensity                            0x2000096a   Data           2  serve_test.o(.data)
    cur_high                                 0x2000096c   Data           4  serve_test.o(.data)
    cur_low                                  0x20000970   Data           4  serve_test.o(.data)
    cur_ir_rang_h                            0x20000974   Data           4  serve_test.o(.data)
    cur_charge_cur                           0x20000978   Data           2  serve_test.o(.data)
    cur_real_cur                             0x2000097a   Data           2  serve_test.o(.data)
    cur_delay_t                              0x2000097c   Data           2  serve_test.o(.data)
    cur_arc_gear                             0x2000097e   Data           2  serve_test.o(.data)
    cur_frequency_gear                       0x20000980   Data           2  serve_test.o(.data)
    cur_frequency                            0x20000982   Data           2  serve_test.o(.data)
    cur_port                                 0x20000984   Data           6  serve_test.o(.data)
    cur_offset                               0x2000098a   Data           2  serve_test.o(.data)
    cur_real_offset                          0x2000098c   Data           2  serve_test.o(.data)
    cur_vol_gear                             0x2000098e   Data           1  serve_test.o(.data)
    err_charge                               0x2000098f   Data           1  serve_test.o(.data)
    err_real                                 0x20000990   Data           1  serve_test.o(.data)
    cur_dac_k                                0x20000994   Data           4  serve_test.o(.data)
    cur_dac_b                                0x20000998   Data           4  serve_test.o(.data)
    cur_adc_k                                0x2000099c   Data           4  serve_test.o(.data)
    cur_adc_b                                0x200009a0   Data           4  serve_test.o(.data)
    cur_adc_cur_k                            0x200009a4   Data           4  serve_test.o(.data)
    cur_arc_k                                0x200009a8   Data           4  serve_test.o(.data)
    cur_res_k                                0x200009ac   Data           4  serve_test.o(.data)
    vol_ch_step                              0x200009b0   Data           4  serve_test.o(.data)
    vol_ch_base                              0x200009b4   Data           4  serve_test.o(.data)
    vol_ch_target                            0x200009b8   Data           4  serve_test.o(.data)
    PADDING                                  0x200009bc   Data          64  md5.o(.data)
    acw_test_flag                            0x200009fc   Data           4  acw_test.o(.data)
    cal_mode_pool                            0x20000a14   Data          48  auto_cal_server.o(.data)
    g_auto_ele_info                          0x20000a44   Data           4  auto_cal_server.o(.data)
    cal_order                                0x20000a48   Data           4  auto_calibration.o(.data)
    auto_cal                                 0x20000a4c   Data           4  auto_calibration.o(.data)
    auto_measure                             0x20000a50   Data           4  auto_calibration.o(.data)
    g_cur_cal_opt_num                        0x20000a54   Data           2  auto_calibration.o(.data)
    cur_rang                                 0x20000a58   Data           4  auto_calibration.o(.data)
    ac_cur_rang                              0x20000a5c   Data           4  auto_calibration.o(.data)
    dc_cur_rang                              0x20000a60   Data           4  auto_calibration.o(.data)
    res_rang                                 0x20000a64   Data           4  auto_calibration.o(.data)
    TimeDisplay                              0x20000a68   Data           4  rtc_config.o(.data)
    key_buzzer_time                          0x20000a70   Data           2  keyboard.o(.data)
    EEPROM_ADDRESS                           0x20000a72   Data           2  i2c_ee.o(.data)
    MC14094_BUFFER                           0x20000a74   Data           3  mc14094.o(.data)
    MC14094_BUFFER_RA                        0x20000a77   Data           1  mc14094.o(.data)
    MC14094_BUFFER_PORT                      0x20000a78   Data           4  mc14094.o(.data)
    DAC_Vol                                  0x20000a7c   Data           6  dac_vref.o(.data)
    cpld_hv_buf                              0x20000a8c   Data           2  spi_cpld.o(.data)
    chipselect                               0x20000a94   Data           1  spi_flash.o(.data)
    OSCtxSwCtr                               0x20000a98   Data           4  os_core.o(.data)
    OSEventFreeList                          0x20000a9c   Data           4  os_core.o(.data)
    OSCPUUsage                               0x20000aa0   Data           1  os_core.o(.data)
    OSIdleCtrMax                             0x20000aa4   Data           4  os_core.o(.data)
    OSIdleCtrRun                             0x20000aa8   Data           4  os_core.o(.data)
    OSStatRdy                                0x20000aac   Data           1  os_core.o(.data)
    OSIntNesting                             0x20000aad   Data           1  os_core.o(.data)
    OSLockNesting                            0x20000aae   Data           1  os_core.o(.data)
    OSPrioCur                                0x20000aaf   Data           1  os_core.o(.data)
    OSPrioHighRdy                            0x20000ab0   Data           1  os_core.o(.data)
    OSRdyGrp                                 0x20000ab1   Data           1  os_core.o(.data)
    OSRdyTbl                                 0x20000ab2   Data           4  os_core.o(.data)
    OSRunning                                0x20000ab6   Data           1  os_core.o(.data)
    OSTaskCtr                                0x20000ab7   Data           1  os_core.o(.data)
    OSIdleCtr                                0x20000ab8   Data           4  os_core.o(.data)
    OSTCBCur                                 0x20000abc   Data           4  os_core.o(.data)
    OSTCBFreeList                            0x20000ac0   Data           4  os_core.o(.data)
    OSTCBHighRdy                             0x20000ac4   Data           4  os_core.o(.data)
    OSTCBList                                0x20000ac8   Data           4  os_core.o(.data)
    OSTickStepState                          0x20000acc   Data           1  os_core.o(.data)
    OSMemFreeList                            0x20000ad0   Data           4  os_core.o(.data)
    OSQFreeList                              0x20000ad4   Data           4  os_core.o(.data)
    OSTime                                   0x20000ad8   Data           4  os_core.o(.data)
    OSTmrFree                                0x20000adc   Data           2  os_core.o(.data)
    OSTmrUsed                                0x20000ade   Data           2  os_core.o(.data)
    OSTmrTime                                0x20000ae0   Data           4  os_core.o(.data)
    OSTmrSem                                 0x20000ae4   Data           4  os_core.o(.data)
    OSTmrSemSignal                           0x20000ae8   Data           4  os_core.o(.data)
    OSTmrFreeList                            0x20000aec   Data           4  os_core.o(.data)
    unit_pool                                0x20000af4   Data          56  gui_draw.o(.data)
    unit_pool_                               0x20000b2c   Data          56  gui_draw.o(.data)
    mode_pool                                0x20000b64   Data          80  gui_draw.o(.data)
    opt_pool                                 0x20000bb4   Data          20  gui_draw.o(.data)
    work_mode_buf                            0x20000bc8   Data           8  gui_draw.o(.data)
    offset_res_buf                           0x20000bd0   Data          16  gui_draw.o(.data)
    status_str                               0x20000be0   Data         104  gui_draw.o(.data)
    except_buf                               0x20000c48   Data         156  gui_draw.o(.data)
    sys_sw_status_buf                        0x20000ce4   Data          24  gui_draw.o(.data)
    res_infinite_str                         0x20000cfc   Data          28  gui_draw.o(.data)
    cc_cur_gear_option_pool                  0x20000d18   Data          72  gui_draw.o(.data)
    ir_filtering_deep_option_pool            0x20000d60   Data          72  gui_draw.o(.data)
    mor_sel_menu                             0x20000da8   Data          80  gui_draw.o(.data)
    fail_mode_pool                           0x20000df8   Data          24  gui_draw.o(.data)
    plc_signal_option_pool                   0x20000e10   Data          72  gui_draw.o(.data)
    amp_type_option_pool                     0x20000e58   Data          48  gui_draw.o(.data)
    par_medium_option_pool                   0x20000e88   Data          48  gui_draw.o(.data)
    res_medium_option_pool                   0x20000eb8   Data          48  gui_draw.o(.data)
    cal_medium_option_pool                   0x20000ee8   Data          48  gui_draw.o(.data)
    menu_par                                 0x20000f18   Data        8320  gui_draw.o(.data)
    pmenu_data                               0x20002fa0   Data           4  gui_draw.o(.data)
    colon_x                                  0x20002fa4   Data           4  gui_draw.o(.data)
    pxMBFrameCBByteReceived                  0x20003050   Data           4  mb.o(.data)
    pxMBFrameCBTransmitterEmpty              0x20003054   Data           4  mb.o(.data)
    pxMBPortCBTimerExpired                   0x20003058   Data           4  mb.o(.data)
    pxMBFrameCBReceiveFSMCur                 0x2000305c   Data           4  mb.o(.data)
    pxMBFrameCBTransmitFSMCur                0x20003060   Data           4  mb.o(.data)
    usSDiscInStart                           0x20003076   Data           2  user_mb_app.o(.data)
    usSCoilStart                             0x20003078   Data           2  user_mb_app.o(.data)
    usSRegInStart                            0x2000307a   Data           2  user_mb_app.o(.data)
    usSRegHoldStart                          0x2000307c   Data           2  user_mb_app.o(.data)
    usMDiscInStart                           0x2000307e   Data           2  user_mb_app.o(.data)
    usMCoilStart                             0x20003080   Data           2  user_mb_app.o(.data)
    usMRegInStart                            0x20003082   Data           2  user_mb_app.o(.data)
    usMRegHoldStart                          0x20003084   Data           2  user_mb_app.o(.data)
    ucSDiscInBuf                             0x20003086   Data           1  user_mb_app.o(.data)
    ucSCoilBuf                               0x20003087   Data           1  user_mb_app.o(.data)
    usSRegInBuf                              0x20003088   Data           2  user_mb_app.o(.data)
    pxMBMasterFrameCBByteReceived            0x20003140   Data           4  mb_m.o(.data)
    pxMBMasterFrameCBTransmitterEmpty        0x20003144   Data           4  mb_m.o(.data)
    pxMBMasterPortCBTimerExpired             0x20003148   Data           4  mb_m.o(.data)
    pxMBMasterFrameCBReceiveFSMCur           0x2000314c   Data           4  mb_m.o(.data)
    pxMBMasterFrameCBTransmitFSMCur          0x20003150   Data           4  mb_m.o(.data)
    GUI_DecChar                              0x2000315c   Data           1  guicore.o(.data)
    GUI_pfTimerExec                          0x20003160   Data           4  guicore.o(.data)
    WM_pfHandlePID                           0x20003164   Data           4  guicore.o(.data)
    GUI_pfDispCharStyle                      0x20003168   Data           4  guicore.o(.data)
    GUI_pLCD_APIList                         0x2000316c   Data           4  guicore.o(.data)
    OS_TimeMS                                0x20003174   Data           4  gui_x.o(.data)
    dis_cur::n                               0x20003178   Data           1  calibration.o(.data__ZZ7dis_curE1n)
    type_spe                                 0x2000318c   Data         116  cs99xx_type.o(.bss)
    g_custom_sys_par                         0x20003200   Data          11  cs99xx_type.o(.bss)
    gUpdateTime                              0x2000320c   Data          20  app.o(.bss)
    MdbusQMsgTbl                             0x20003220   Data          80  app.o(.bss)
    Startup_Task_STK                         0x20003270   Data         800  app.o(.bss)
    Keyscan_Task_STK                         0x20003590   Data         200  app.o(.bss)
    Sample_Task_STK                          0x20003658   Data         800  app.o(.bss)
    Modbus_Send_STK                          0x20003978   Data        1200  app.o(.bss)
    Modbus_M_Send_STK                        0x20003e28   Data        1200  app.o(.bss)
    Modbus_Master_Send_STK                   0x200042d8   Data        1200  app.o(.bss)
    Main_Task_STK                            0x20004788   Data        4096  app.o(.bss)
    ratio_acw                                0x2000586c   Data         848  calibration.o(.bss)
    ratio_dcw                                0x20005bbc   Data         852  calibration.o(.bss)
    ratio_ir                                 0x20005f10   Data        2468  calibration.o(.bss)
    ratio_gr                                 0x200068b4   Data         236  calibration.o(.bss)
    ratio_bbd                                0x200069a0   Data         128  calibration.o(.bss)
    slither_ave_info                         0x20006a20   Data         264  cs99xx_collect.o(.bss)
    g_excep_t                                0x20006b28   Data          44  cs99xx_err_log.o(.bss)
    step_used_flag                           0x20006b54   Data          14  cs99xx_mem_api.o(.bss)
    cur_group_table                          0x20006b62   Data         198  cs99xx_mem_api.o(.bss)
    g_test_data                              0x20006c34   Data          84  cs99xx_struct.o(.bss)
    sys_flag                                 0x20006c88   Data          32  cs99xx_struct.o(.bss)
    test_group                               0x20006ca8   Data         280  cs99xx_struct.o(.bss)
    list_99xx                                0x20006dc0   Data          12  cs99xx_struct.o(.bss)
    cs99xx_list                              0x20006dcc   Data          12  cs99xx_struct.o(.bss)
    cs99xx_cache_list                        0x20006dd8   Data          12  cs99xx_struct.o(.bss)
    cur_node                                 0x20006de4   Data          56  cs99xx_struct.o(.bss)
    file_table                               0x20006e1c   Data         992  cs99xx_struct.o(.bss)
    steps_buf                                0x200071fc   Data         280  cs99xx_struct.o(.bss)
    cur_result                               0x20007314   Data          60  cs99xx_struct.o(.bss)
    result_buf                               0x20007350   Data         240  cs99xx_struct.o(.bss)
    result_list_buf                          0x20007440   Data         240  cs99xx_struct.o(.bss)
    on_chip_flash_page_buf                   0x20007530   Data        2048  on_chip_flash_api.o(.bss)
    test_flag                                0x20007d30   Data          76  serve_test.o(.bss)
    app_flag                                 0x20007d7c   Data          32  serve_test.o(.bss)
    f_buf                                    0x20007d9c   Data          48  serve_test.o(.bss)
    result_r_queue                           0x20007dcc   Data          10  serve_test.o(.bss)
    output_buf                               0x20007dd6   Data          10  serve_test.o(.bss)
    loop_buf                                 0x20007de0   Data          10  serve_test.o(.bss)
    real_buf                                 0x20007dea   Data          10  serve_test.o(.bss)
    time_buf                                 0x20007df4   Data          10  serve_test.o(.bss)
    cal_info_un                              0x20007e00   Data         128  auto_calibration.o(.bss)
    time_now                                 0x20007ec4   Data          44  rtc_config.o(.bss)
    OSEventTbl                               0x20008780   Data         640  os_core.o(.bss)
    OSTaskStatStk                            0x20008a00   Data         320  os_core.o(.bss)
    OSTaskIdleStk                            0x20008b40   Data         200  os_core.o(.bss)
    OSTCBPrioTbl                             0x20008c08   Data         128  os_core.o(.bss)
    OSTCBTbl                                 0x20008c88   Data        1056  os_core.o(.bss)
    OSMemTbl                                 0x200090a8   Data         180  os_core.o(.bss)
    OSQTbl                                   0x2000915c   Data          48  os_core.o(.bss)
    OSTmrTbl                                 0x2000918c   Data         260  os_core.o(.bss)
    OSTmrTaskStk                             0x20009290   Data         320  os_core.o(.bss)
    OSTmrWheelTbl                            0x200093d0   Data          40  os_core.o(.bss)
    plc_signal_list                          0x200093f8   Data          12  gui_draw.o(.bss)
    cc_cur_gear_list                         0x20009404   Data          12  gui_draw.o(.bss)
    amp_type_list                            0x20009410   Data          12  gui_draw.o(.bss)
    par_medium_list                          0x2000941c   Data          12  gui_draw.o(.bss)
    res_medium_list                          0x20009428   Data          12  gui_draw.o(.bss)
    cal_medium_list                          0x20009434   Data          12  gui_draw.o(.bss)
    ir_filtering_deep_list                   0x20009440   Data          12  gui_draw.o(.bss)
    g_cur_info                               0x2000944c   Data          24  gui_draw.o(.bss)
    g_cur_val                                0x20009464   Data          24  gui_draw.o(.bss)
    par_info_list                            0x2000947c   Data          12  gui_draw.o(.bss)
    test_gui_area                            0x20009488   Data          96  gui_draw.o(.bss)
    test_ui_ele_set                          0x200094e8   Data          72  gui_draw.o(.bss)
    send_queue                               0x20009530   Data        4124  mb_master.o(.bss)
    ucRTUBuf                                 0x2000a56c   Data         256  mbrtu.o(.bss)
    usSRegHoldBuf                            0x2000a66c   Data         200  user_mb_app.o(.bss)
    ucMDiscInBuf                             0x2000a734   Data          16  user_mb_app.o(.bss)
    ucMCoilBuf                               0x2000a744   Data          16  user_mb_app.o(.bss)
    usMRegInBuf                              0x2000a754   Data          32  user_mb_app.o(.bss)
    usMRegHoldBuf                            0x2000a774   Data        3200  user_mb_app.o(.bss)
    dc_gr_master_info                        0x2000b5f4   Data        1024  dc_module.o(.bss)
    interface_info                           0x2000b9f4   Data          36  module.o(.bss)
    LCD_24064                                0x2000ba18   Data        1922  lcd24064.o(.bss)
    GUI_Context                              0x2000c19c   Data          56  guicore.o(.bss)
    LCD__aConvTable                          0x2000c1ec   Data         256  lcdcolor.o(.bss)
    __libspace_start                         0x2000c318   Data          96  libspace.o(.bss)
    __temporary_stack_top$libspace           0x2000c378   Data           0  libspace.o(.bss)



==============================================================================

Memory Map of the image

  Image Entry point : 0x08000131

  Load Region LR_IROM1 (Base: 0x08000000, Size: 0x00065470, Max: 0x00080000, ABSOLUTE, COMPRESSED[0x00063064])

    Execution Region ER_IROM1 (Base: 0x08000000, Size: 0x000622f4, Max: 0x00080000, ABSOLUTE)

    Base Addr    Size         Type   Attr      Idx    E Section Name        Object

    0x08000000   0x00000130   Data   RO           19    RESET               startup_stm32f10x_hd.o
    0x08000130   0x00000008   Code   RO         3629  * !!!main             c_w.l(__main.o)
    0x08000138   0x00000034   Code   RO         3970    !!!scatter          c_w.l(__scatter.o)
    0x0800016c   0x0000005a   Code   RO         3968    !!dczerorl2         c_w.l(__dczerorl2.o)
    0x080001c6   0x00000002   PAD
    0x080001c8   0x0000001c   Code   RO         3972    !!handler_zi        c_w.l(__scatter_zi.o)
    0x080001e4   0x00000000   Code   RO         3595    .ARM.Collect$$_printf_percent$$00000000  c_w.l(_printf_percent.o)
    0x080001e4   0x00000006   Code   RO         3594    .ARM.Collect$$_printf_percent$$00000009  c_w.l(_printf_d.o)
    0x080001ea   0x00000006   Code   RO         3593    .ARM.Collect$$_printf_percent$$00000014  c_w.l(_printf_s.o)
    0x080001f0   0x00000004   Code   RO         3748    .ARM.Collect$$_printf_percent$$00000017  c_w.l(_printf_percent_end.o)
    0x080001f4   0x00000002   Code   RO         3840    .ARM.Collect$$libinit$$00000000  c_w.l(libinit.o)
    0x080001f6   0x00000000   Code   RO         3852    .ARM.Collect$$libinit$$00000002  c_w.l(libinit2.o)
    0x080001f6   0x00000000   Code   RO         3855    .ARM.Collect$$libinit$$00000008  c_w.l(libinit2.o)
    0x080001f6   0x00000000   Code   RO         3857    .ARM.Collect$$libinit$$0000000A  c_w.l(libinit2.o)
    0x080001f6   0x00000000   Code   RO         3859    .ARM.Collect$$libinit$$0000000C  c_w.l(libinit2.o)
    0x080001f6   0x00000000   Code   RO         3862    .ARM.Collect$$libinit$$0000000F  c_w.l(libinit2.o)
    0x080001f6   0x00000000   Code   RO         3864    .ARM.Collect$$libinit$$00000011  c_w.l(libinit2.o)
    0x080001f6   0x00000000   Code   RO         3866    .ARM.Collect$$libinit$$00000013  c_w.l(libinit2.o)
    0x080001f6   0x00000000   Code   RO         3868    .ARM.Collect$$libinit$$00000015  c_w.l(libinit2.o)
    0x080001f6   0x00000000   Code   RO         3870    .ARM.Collect$$libinit$$00000017  c_w.l(libinit2.o)
    0x080001f6   0x00000000   Code   RO         3872    .ARM.Collect$$libinit$$00000019  c_w.l(libinit2.o)
    0x080001f6   0x00000000   Code   RO         3874    .ARM.Collect$$libinit$$0000001B  c_w.l(libinit2.o)
    0x080001f6   0x00000000   Code   RO         3876    .ARM.Collect$$libinit$$0000001D  c_w.l(libinit2.o)
    0x080001f6   0x00000000   Code   RO         3878    .ARM.Collect$$libinit$$0000001F  c_w.l(libinit2.o)
    0x080001f6   0x00000000   Code   RO         3880    .ARM.Collect$$libinit$$00000021  c_w.l(libinit2.o)
    0x080001f6   0x00000000   Code   RO         3882    .ARM.Collect$$libinit$$00000023  c_w.l(libinit2.o)
    0x080001f6   0x00000000   Code   RO         3886    .ARM.Collect$$libinit$$0000002A  c_w.l(libinit2.o)
    0x080001f6   0x00000000   Code   RO         3888    .ARM.Collect$$libinit$$0000002C  c_w.l(libinit2.o)
    0x080001f6   0x00000000   Code   RO         3890    .ARM.Collect$$libinit$$0000002E  c_w.l(libinit2.o)
    0x080001f6   0x00000000   Code   RO         3892    .ARM.Collect$$libinit$$00000030  c_w.l(libinit2.o)
    0x080001f6   0x00000002   Code   RO         3893    .ARM.Collect$$libinit$$00000031  c_w.l(libinit2.o)
    0x080001f8   0x00000002   Code   RO         3926    .ARM.Collect$$libshutdown$$00000000  c_w.l(libshutdown.o)
    0x080001fa   0x00000000   Code   RO         3953    .ARM.Collect$$libshutdown$$00000003  c_w.l(libshutdown2.o)
    0x080001fa   0x00000000   Code   RO         3956    .ARM.Collect$$libshutdown$$00000006  c_w.l(libshutdown2.o)
    0x080001fa   0x00000000   Code   RO         3959    .ARM.Collect$$libshutdown$$00000009  c_w.l(libshutdown2.o)
    0x080001fa   0x00000000   Code   RO         3961    .ARM.Collect$$libshutdown$$0000000B  c_w.l(libshutdown2.o)
    0x080001fa   0x00000000   Code   RO         3964    .ARM.Collect$$libshutdown$$0000000E  c_w.l(libshutdown2.o)
    0x080001fa   0x00000002   Code   RO         3965    .ARM.Collect$$libshutdown$$0000000F  c_w.l(libshutdown2.o)
    0x080001fc   0x00000000   Code   RO         3733    .ARM.Collect$$rtentry$$00000000  c_w.l(rtentry.o)
    0x080001fc   0x00000000   Code   RO         3797    .ARM.Collect$$rtentry$$00000002  c_w.l(rtentry2.o)
    0x080001fc   0x00000006   Code   RO         3809    .ARM.Collect$$rtentry$$00000004  c_w.l(rtentry4.o)
    0x08000202   0x00000000   Code   RO         3799    .ARM.Collect$$rtentry$$00000009  c_w.l(rtentry2.o)
    0x08000202   0x00000004   Code   RO         3800    .ARM.Collect$$rtentry$$0000000A  c_w.l(rtentry2.o)
    0x08000206   0x00000000   Code   RO         3802    .ARM.Collect$$rtentry$$0000000C  c_w.l(rtentry2.o)
    0x08000206   0x00000008   Code   RO         3803    .ARM.Collect$$rtentry$$0000000D  c_w.l(rtentry2.o)
    0x0800020e   0x00000002   Code   RO         3843    .ARM.Collect$$rtexit$$00000000  c_w.l(rtexit.o)
    0x08000210   0x00000000   Code   RO         3899    .ARM.Collect$$rtexit$$00000002  c_w.l(rtexit2.o)
    0x08000210   0x00000004   Code   RO         3900    .ARM.Collect$$rtexit$$00000003  c_w.l(rtexit2.o)
    0x08000214   0x00000006   Code   RO         3901    .ARM.Collect$$rtexit$$00000004  c_w.l(rtexit2.o)
    0x0800021a   0x00000002   PAD
    0x0800021c   0x0000003c   Code   RO           20    .text               startup_stm32f10x_hd.o
    0x08000258   0x000001dc   Code   RO           24    .text               system_stm32f10x.o
    0x08000434   0x000000dc   Code   RO          121    .text               misc.o
    0x08000510   0x0000044e   Code   RO          137    .text               stm32f10x_adc.o
    0x0800095e   0x00000002   PAD
    0x08000960   0x000000c4   Code   RO          149    .text               stm32f10x_bkp.o
    0x08000a24   0x00000048   Code   RO          185    .text               stm32f10x_crc.o
    0x08000a6c   0x0000018c   Code   RO          197    .text               stm32f10x_dac.o
    0x08000bf8   0x0000011c   Code   RO          233    .text               stm32f10x_exti.o
    0x08000d14   0x000005bc   Code   RO          245    .text               stm32f10x_flash.o
    0x080012d0   0x00000618   Code   RO          257    .text               stm32f10x_fsmc.o
    0x080018e8   0x00000358   Code   RO          269    .text               stm32f10x_gpio.o
    0x08001c40   0x000000cc   Code   RO          305    .text               stm32f10x_pwr.o
    0x08001d0c   0x000003a4   Code   RO          317    .text               stm32f10x_rcc.o
    0x080020b0   0x00000144   Code   RO          331    .text               stm32f10x_rtc.o
    0x080021f4   0x00000e1a   Code   RO          367    .text               stm32f10x_tim.o
    0x0800300e   0x00000002   PAD
    0x08003010   0x00000408   Code   RO          379    .text               stm32f10x_usart.o
    0x08003418   0x00000080   Code   RO          403    .text               main.o
    0x08003498   0x000001f4   Code   RO          442    .text               stm32f10x_it.o
    0x0800368c   0x00004034   Code   RO          513    .text               cs99xx_type.o
    0x080076c0   0x000008f0   Code   RO          571    .text               app.o
    0x08007fb0   0x00009288   Code   RO          688    .text               calibration.o
    0x08011238   0x000003e4   Code   RO          734    .text               cs99xx.o
    0x0801161c   0x00000060   Code   RO          765    .text               cs99xx_buzzer.o
    0x0801167c   0x000017f8   Code   RO          784    .text               cs99xx_collect.o
    0x08012e74   0x00000c60   Code   RO          835    .text               cs99xx_eep_manage.o
    0x08013ad4   0x000000b4   Code   RO          874    .text               cs99xx_err_log.o
    0x08013b88   0x0000074c   Code   RO          903    .text               cs99xx_exception.o
    0x080142d4   0x000008aa   Code   RO          927    .text               cs99xx_flash_manage.o
    0x08014b7e   0x00000002   PAD
    0x08014b80   0x00000f7c   Code   RO          943    .text               cs99xx_interface.o
    0x08015afc   0x000002e0   Code   RO          960    .text               cs99xx_ir_shift_gear.o
    0x08015ddc   0x000001e0   Code   RO          982    .text               cs99xx_it.o
    0x08015fbc   0x00000034   Code   RO          994    .text               cs99xx_led.o
    0x08015ff0   0x000001a4   Code   RO         1024    .text               cs99xx_lock_key.o
    0x08016194   0x00001d50   Code   RO         1036    .text               cs99xx_mem_api.o
    0x08017ee4   0x00003136   Code   RO         1070    .text               cs99xx_memory.o
    0x0801b01a   0x00000002   PAD
    0x0801b01c   0x00001300   Code   RO         1085    .text               cs99xx_offset.o
    0x0801c31c   0x00000708   Code   RO         1101    .text               cs99xx_par_acw.o
    0x0801ca24   0x00002cdc   Code   RO         1113    .text               cs99xx_par_com.o
    0x0801f700   0x00000594   Code   RO         1126    .text               cs99xx_par_dcw.o
    0x0801fc94   0x00001800   Code   RO         1138    .text               cs99xx_par_gr.o
    0x08021494   0x00000e48   Code   RO         1153    .text               cs99xx_parameter.o
    0x080222dc   0x000001c8   Code   RO         1180    .text               cs99xx_plc.o
    0x080224a4   0x00000c9c   Code   RO         1192    .text               cs99xx_pw.o
    0x08023140   0x00003014   Code   RO         1205    .text               cs99xx_result.o
    0x08026154   0x00001ef8   Code   RO         1227    .text               cs99xx_set_par_path.o
    0x0802804c   0x000009c8   Code   RO         1239    .text               cs99xx_struct.o
    0x08028a14   0x00000cdc   Code   RO         1263    .text               cs99xx_sys.o
    0x080296f0   0x00000590   Code   RO         1275    .text               cs99xx_time.o
    0x08029c80   0x000020b4   Code   RO         1288    .text               general_test.o
    0x0802bd34   0x00000bfc   Code   RO         1313    .text               irq.o
    0x0802c930   0x000000e8   Code   RO         1326    .text               on_chip_flash_api.o
    0x0802ca18   0x00003770   Code   RO         1344    .text               serve_test.o
    0x08030188   0x00000988   Code   RO         1390    .text               md5.o
    0x08030b10   0x00000194   Code   RO         1416    .text               cs99xx_custom.o
    0x08030ca4   0x00000e54   Code   RO         1428    .text               cs99xx_bbd.o
    0x08031af8   0x00001b74   Code   RO         1440    .text               cs99xx_relay_motion.o
    0x0803366c   0x00000ca0   Code   RO         1459    .text               cs99xx_vref.o
    0x0803430c   0x00000046   Code   RO         1472    .text               test_com.o
    0x08034352   0x0000016a   Code   RO         1487    .text               acw_relay.o
    0x080344bc   0x00000490   Code   RO         1502    .text               acw_test.o
    0x0803494c   0x00000330   Code   RO         1523    .text               acw_count.o
    0x08034c7c   0x00000422   Code   RO         1538    .text               acw_test_g.o
    0x0803509e   0x00000002   PAD
    0x080350a0   0x00000108   Code   RO         1552    .text               auto_cal_comm.o
    0x080351a8   0x000008ac   Code   RO         1596    .text               auto_cal_server.o
    0x08035a54   0x00001f0c   Code   RO         1622    .text               auto_calibration.o
    0x08037960   0x00000144   Code   RO         1650    .text               bsp_config.o
    0x08037aa4   0x00000110   Code   RO         1672    .text               stm32_fsmc.o
    0x08037bb4   0x000004c4   Code   RO         1684    .text               rtc_config.o
    0x08038078   0x00000128   Code   RO         1703    .text               timer_config.o
    0x080381a0   0x000000ac   Code   RO         1719    .text               stm32_gpio_config.o
    0x0803824c   0x00000c70   Code   RO         1731    .text               keyboard.o
    0x08038ebc   0x00000518   Code   RO         1750    .text               i2c_ee.o
    0x080393d4   0x000002d0   Code   RO         1768    .text               mc14094.o
    0x080396a4   0x0000023c   Code   RO         1786    .text               dac_vref.o
    0x080398e0   0x00000268   Code   RO         1804    .text               stm32_adc.o
    0x08039b48   0x0000037c   Code   RO         1822    .text               spi_cpld.o
    0x08039ec4   0x000000b0   Code   RO         1856    .text               timer5_config.o
    0x08039f74   0x000007d8   Code   RO         1870    .text               spi_flash.o
    0x0803a74c   0x00000cfc   Code   RO         1911    .text               os_core.o
    0x0803b448   0x000001fc   Code   RO         1943    .text               os_mem.o
    0x0803b644   0x00000628   Code   RO         1955    .text               os_mutex.o
    0x0803bc6c   0x000005fc   Code   RO         1967    .text               os_q.o
    0x0803c268   0x000003c0   Code   RO         1979    .text               os_sem.o
    0x0803c628   0x00000634   Code   RO         1991    .text               os_task.o
    0x0803cc5c   0x000001c4   Code   RO         2003    .text               os_time.o
    0x0803ce20   0x000006c8   Code   RO         2015    .text               os_tmr.o
    0x0803d4e8   0x000000a4   Code   RO         2027    .text               os_cpu_a.o
    0x0803d58c   0x000000d4   Code   RO         2030    .text               os_cpu_c.o
    0x0803d660   0x00000114   Code   RO         2051    .text               os_dbg.o
    0x0803d774   0x000048d8   Code   RO         2066    .text               gui_draw.o
    0x0804204c   0x00002dec   Code   RO         2345    .text               cs99xx_for_comm.o
    0x08044e38   0x00000cb4   Code   RO         2358    .text               mb_interface.o
    0x08045aec   0x000001ac   Code   RO         2377    .text               mb_master.o
    0x08045c98   0x000006b0   Code   RO         2392    .text               mb_server.o
    0x08046348   0x000002e4   Code   RO         2407    .text               mb.o
    0x0804662c   0x000000d8   Code   RO         2447    .text               mbfuncholding.o
    0x08046704   0x00000094   Code   RO         2465    .text               mbfuncother.o
    0x08046798   0x000000ac   Code   RO         2480    .text               mbutils.o
    0x08046844   0x00000038   Code   RO         2492    .text               mbcrc.o
    0x0804687c   0x0000027c   Code   RO         2506    .text               mbrtu.o
    0x08046af8   0x00000008   Code   RO         2525    .text               port.o
    0x08046b00   0x0000003c   Code   RO         2537    .text               portevent.o
    0x08046b3c   0x000001c4   Code   RO         2551    .text               portserial.o
    0x08046d00   0x00000108   Code   RO         2563    .text               porttimer.o
    0x08046e08   0x000003e8   Code   RO         2575    .text               user_mb_app.o
    0x080471f0   0x00000014   Code   RO         2603    .text               mbfuncfile_m.o
    0x08047204   0x00000162   Code   RO         2615    .text               mbfuncholding_m.o
    0x08047366   0x00000002   PAD
    0x08047368   0x00000308   Code   RO         2633    .text               mbrtu_m.o
    0x08047670   0x00000278   Code   RO         2648    .text               mb_m.o
    0x080478e8   0x0000003c   Code   RO         2667    .text               portevent_m.o
    0x08047924   0x00000218   Code   RO         2681    .text               portserial_m.o
    0x08047b3c   0x000001bc   Code   RO         2693    .text               porttimer_m.o
    0x08047cf8   0x00000a80   Code   RO         2707    .text               dc_module.o
    0x08048778   0x00000184   Code   RO         2726    .text               dc_module_bridge.o
    0x080488fc   0x00000100   Code   RO         2748    .text               mb_dc_module.o
    0x080489fc   0x000004c8   Code   RO         2760    .text               module.o
    0x08048ec4   0x000002dc   Code   RO         2782    .text               LCD24064.lib(lcd24064.o)
    0x080491a0   0x000006cc   Code   RO         2876    .text               LCD24064.lib(gui2dlib.o)
    0x0804986c   0x00000028   Code   RO         2912    .text               LCD24064.lib(gui_dispchar.o)
    0x08049894   0x00000140   Code   RO         2924    .text               LCD24064.lib(gui_dispstring.o)
    0x080499d4   0x00000020   Code   RO         2940    .text               LCD24064.lib(gui_dispstringat.o)
    0x080499f4   0x000000b8   Code   RO         2952    .text               LCD24064.lib(gui_drawbitmap.o)
    0x08049aac   0x0000001c   Code   RO         2984    .text               LCD24064.lib(gui_fillrect.o)
    0x08049ac8   0x00000058   Code   RO         2996    .text               LCD24064.lib(gui_goto.o)
    0x08049b20   0x00000010   Code   RO         3011    .text               LCD24064.lib(gui_setfont.o)
    0x08049b30   0x00000014   Code   RO         3023    .text               LCD24064.lib(gui_settextmode.o)
    0x08049b44   0x00000180   Code   RO         3035    .text               LCD24064.lib(guicharp.o)
    0x08049cc4   0x000000c0   Code   RO         3047    .text               LCD24064.lib(guicore.o)
    0x08049d84   0x000000b0   Code   RO         3067    .text               LCD24064.lib(guiencjs.o)
    0x08049e34   0x00000102   Code   RO         3093    .text               LCD24064.lib(guival.o)
    0x08049f36   0x00000002   PAD
    0x08049f38   0x00000198   Code   RO         3108    .text               LCD24064.lib(guivalf.o)
    0x0804a0d0   0x00000220   Code   RO         3124    .text               LCD24064.lib(lcd_drawbitmap_565.o)
    0x0804a2f0   0x0000001c   Code   RO         3176    .text               LCD24064.lib(gui_adddecmin.o)
    0x0804a30c   0x000000f0   Code   RO         3188    .text               LCD24064.lib(gui_adddecshift.o)
    0x0804a3fc   0x0000030c   Code   RO         3207    .text               LCD24064.lib(gui_fillpolygon.o)
    0x0804a708   0x0000003c   Code   RO         3222    .text               LCD24064.lib(gui_getcolor.o)
    0x0804a744   0x00000018   Code   RO         3234    .text               LCD24064.lib(gui_setcolor.o)
    0x0804a75c   0x0000002c   Code   RO         3246    .text               LCD24064.lib(gui_setcolorindex.o)
    0x0804a788   0x00000010   Code   RO         3258    .text               LCD24064.lib(gui_setdrawmode.o)
    0x0804a798   0x000000d0   Code   RO         3270    .text               LCD24064.lib(gui_uc.o)
    0x0804a868   0x00000030   Code   RO         3282    .text               LCD24064.lib(gui_uc_encodenone.o)
    0x0804a898   0x000000b8   Code   RO         3301    .text               LCD24064.lib(guichar.o)
    0x0804a950   0x00000128   Code   RO         3313    .text               LCD24064.lib(guicharline.o)
    0x0804aa78   0x00000310   Code   RO         3325    .text               LCD24064.lib(guicirc.o)
    0x0804ad88   0x00000440   Code   RO         3337    .text               LCD24064.lib(lcd.o)
    0x0804b1c8   0x00000058   Code   RO         3356    .text               LCD24064.lib(lcd_drawvline.o)
    0x0804b220   0x00000010   Code   RO         3368    .text               LCD24064.lib(lcd_getcolorindex.o)
    0x0804b230   0x000000b8   Code   RO         3380    .text               LCD24064.lib(lcd_getex.o)
    0x0804b2e8   0x00000034   Code   RO         3392    .text               LCD24064.lib(lcd_l0_generic.o)
    0x0804b31c   0x00000070   Code   RO         3404    .text               LCD24064.lib(lcdcolor.o)
    0x0804b38c   0x00000038   Code   RO         3423    .text               LCD24064.lib(lcdp565_index2color.o)
    0x0804b3c4   0x000005b8   Code   RO         3482    .text               LCD24064.lib(lcddummy.o)
    0x0804b97c   0x00000030   Code   RO         3494    .text               LCD24064.lib(gui_x.o)
    0x0804b9ac   0x00000020   Code   RO         3509    .text               LCD24064.lib(lcdpm565.o)
    0x0804b9cc   0x0000003a   Code   RO         3521    .text               LCD24064.lib(gui_rectsintersect.o)
    0x0804ba06   0x00000002   PAD
    0x0804ba08   0x000001d8   Code   RO         3533    .text               LCD24064.lib(guicharm.o)
    0x0804bbe0   0x00000038   Code   RO         3545    .text               LCD24064.lib(lcdpm565_index2color.o)
    0x0804bc18   0x000000ee   Code   RO         3559    .text               c_w.l(lludivv7m.o)
    0x0804bd06   0x00000002   PAD
    0x0804bd08   0x00000028   Code   RO         3563    .text               c_w.l(noretval__2sprintf.o)
    0x0804bd30   0x00000052   Code   RO         3567    .text               c_w.l(_printf_pad.o)
    0x0804bd82   0x00000052   Code   RO         3569    .text               c_w.l(_printf_str.o)
    0x0804bdd4   0x00000078   Code   RO         3571    .text               c_w.l(_printf_dec.o)
    0x0804be4c   0x0000013c   Code   RO         3585    .text               c_w.l(__printf_flags_wp.o)
    0x0804bf88   0x00000024   Code   RO         3596    .text               c_w.l(strncat.o)
    0x0804bfac   0x00000058   Code   RO         3598    .text               c_w.l(memcmp.o)
    0x0804c004   0x00000048   Code   RO         3600    .text               c_w.l(strcpy.o)
    0x0804c04c   0x0000003e   Code   RO         3602    .text               c_w.l(strlen.o)
    0x0804c08a   0x00000096   Code   RO         3604    .text               c_w.l(strncmp.o)
    0x0804c120   0x00000018   Code   RO         3606    .text               c_w.l(strcat.o)
    0x0804c138   0x0000008a   Code   RO         3608    .text               c_w.l(rt_memcpy_v6.o)
    0x0804c1c2   0x00000064   Code   RO         3610    .text               c_w.l(rt_memcpy_w.o)
    0x0804c226   0x00000010   Code   RO         3612    .text               c_w.l(aeabi_memset.o)
    0x0804c236   0x00000044   Code   RO         3614    .text               c_w.l(rt_memclr.o)
    0x0804c27a   0x0000004e   Code   RO         3616    .text               c_w.l(rt_memclr_w.o)
    0x0804c2c8   0x00000056   Code   RO         3618    .text               c_w.l(strncpy.o)
    0x0804c31e   0x00000002   PAD
    0x0804c320   0x00000080   Code   RO         3620    .text               c_w.l(strcmpv7m.o)
    0x0804c3a0   0x0000000c   Code   RO         3622    .text               c_w.l(localtime.o)
    0x0804c3ac   0x000001a4   Code   RO         3625    .text               c_w.l(mktime.o)
    0x0804c550   0x00000006   Code   RO         3627    .text               c_w.l(heapauxi.o)
    0x0804c556   0x00000016   Code   RO         3738    .text               c_w.l(_rserrno.o)
    0x0804c56c   0x000000b8   Code   RO         3740    .text               c_w.l(_printf_intcommon.o)
    0x0804c624   0x00000030   Code   RO         3742    .text               c_w.l(_printf_char_common.o)
    0x0804c654   0x0000000a   Code   RO         3744    .text               c_w.l(_sputc.o)
    0x0804c65e   0x0000002c   Code   RO         3746    .text               c_w.l(_printf_char.o)
    0x0804c68a   0x00000002   PAD
    0x0804c68c   0x000000a4   Code   RO         3750    .text               c_w.l(localtime_internal.o)
    0x0804c730   0x00000008   Code   RO         3816    .text               c_w.l(rt_errno_addr_intlibspace.o)
    0x0804c738   0x00000008   Code   RO         3824    .text               c_w.l(libspace.o)
    0x0804c740   0x0000004a   Code   RO         3827    .text               c_w.l(sys_stackheap_outer.o)
    0x0804c78a   0x0000000c   Code   RO         3829    .text               c_w.l(exit.o)
    0x0804c796   0x00000002   PAD
    0x0804c798   0x0000000c   Code   RO         3896    .text               c_w.l(sys_exit.o)
    0x0804c7a4   0x00000002   Code   RO         3915    .text               c_w.l(use_no_semi.o)
    0x0804c7a6   0x00000000   Code   RO         3917    .text               c_w.l(indicate_semi.o)
    0x0804c7a6   0x00000028   Code   RO         3772    i.__ARM_fpclassify  m_ws.l(fpclassify.o)
    0x0804c7ce   0x00000014   Code   RO         1358    i.__ARM_isinff      serve_test.o
    0x0804c7e2   0x0000000e   Code   RO         1363    i.__ARM_isnanf      serve_test.o
    0x0804c7f0   0x00000388   Code   RO         3777    i.__ieee754_rem_pio2  m_ws.l(rred.o)
    0x0804cb78   0x000000fc   Code   RO         3767    i.__kernel_cos      m_ws.l(cos_i.o)
    0x0804cc74   0x000000aa   Code   RO         3774    i.__kernel_poly     m_ws.l(poly.o)
    0x0804cd1e   0x00000002   PAD
    0x0804cd20   0x000000ec   Code   RO         3782    i.__kernel_sin      m_ws.l(sin_i.o)
    0x0804ce0c   0x00000010   Code   RO         3770    i.__mathlib_dbl_underflow  m_ws.l(dunder.o)
    0x0804ce1c   0x0000000e   Code   RO         3583    i._is_digit         c_w.l(__printf_wp.o)
    0x0804ce2a   0x00000002   PAD
    0x0804ce2c   0x000000ac   Code   RO         3704    i.cos               m_ws.l(cos.o)
    0x0804ced8   0x000007c4   Code   RO          703    i.dis_cur           calibration.o
    0x0804d69c   0x000000dc   Code   RO         3712    i.floor             m_ws.l(floor.o)
    0x0804d778   0x000009e0   Code   RO         3716    i.pow               m_ws.l(pow.o)
    0x0804e158   0x000000b0   Code   RO         3726    i.sin               m_ws.l(sin.o)
    0x0804e208   0x0000004c   Code   RO         3789    i.sqrt              m_ws.l(sqrt.o)
    0x0804e254   0x00000062   Code   RO         3631    x$fpl$d2f           fz_ws.l(d2f.o)
    0x0804e2b6   0x00000002   PAD
    0x0804e2b8   0x00000150   Code   RO         3633    x$fpl$dadd          fz_ws.l(daddsub_clz.o)
    0x0804e408   0x00000010   Code   RO         3820    x$fpl$dcheck1       fz_ws.l(dcheck1.o)
    0x0804e418   0x00000018   Code   RO         3752    x$fpl$dcmpinf       fz_ws.l(dcmpi.o)
    0x0804e430   0x000002b0   Code   RO         3640    x$fpl$ddiv          fz_ws.l(ddiv.o)
    0x0804e6e0   0x0000005e   Code   RO         3643    x$fpl$dfix          fz_ws.l(dfix.o)
    0x0804e73e   0x00000002   PAD
    0x0804e740   0x0000005a   Code   RO         3647    x$fpl$dfixu         fz_ws.l(dfixu.o)
    0x0804e79a   0x0000002e   Code   RO         3652    x$fpl$dflt          fz_ws.l(dflt_clz.o)
    0x0804e7c8   0x00000026   Code   RO         3651    x$fpl$dfltu         fz_ws.l(dflt_clz.o)
    0x0804e7ee   0x00000002   PAD
    0x0804e7f0   0x00000078   Code   RO         3657    x$fpl$dleqf         fz_ws.l(dleqf.o)
    0x0804e868   0x00000154   Code   RO         3659    x$fpl$dmul          fz_ws.l(dmul.o)
    0x0804e9bc   0x0000000c   Code   RO         3756    x$fpl$dretinf       fz_ws.l(dretinf.o)
    0x0804e9c8   0x0000006c   Code   RO         3661    x$fpl$drleqf        fz_ws.l(drleqf.o)
    0x0804ea34   0x0000000a   Code   RO         3762    x$fpl$fretinf       fz_ws.l(fretinf.o)
    0x0804ea3e   0x00000000   Code   RO         3766    x$fpl$usenofp       fz_ws.l(usenofp.o)
    0x0804ea3e   0x00000002   PAD
    0x0804ea40   0x00000008   Data   RO         3125    .constdata          LCD24064.lib(lcd_drawbitmap_565.o)
    0x0804ea48   0x000006c0   Data   RO          514    .ARM.__AT_0x0804EA48  cs99xx_type.o
    0x0804f108   0x0000009c   Code   RO         3754    x$fpl$dnaninf       fz_ws.l(dnaninf.o)
    0x0804f1a4   0x00000016   Code   RO         3634    x$fpl$drsb          fz_ws.l(daddsub_clz.o)
    0x0804f1ba   0x00000002   PAD
    0x0804f1bc   0x000001cc   Code   RO         3822    x$fpl$dsqrt         fz_ws.l(dsqrt_noumaal.o)
    0x0804f388   0x000001d4   Code   RO         3635    x$fpl$dsub          fz_ws.l(daddsub_clz.o)
    0x0804f55c   0x00000056   Code   RO         3663    x$fpl$f2d           fz_ws.l(f2d.o)
    0x0804f5b2   0x00000002   PAD
    0x0804f5b4   0x000000c4   Code   RO         3665    x$fpl$fadd          fz_ws.l(faddsub_clz.o)
    0x0804f678   0x00000018   Code   RO         3758    x$fpl$fcmpinf       fz_ws.l(fcmpi.o)
    0x0804f690   0x00000184   Code   RO         3672    x$fpl$fdiv          fz_ws.l(fdiv.o)
    0x0804f814   0x00000068   Code   RO         3675    x$fpl$feqf          fz_ws.l(feqf.o)
    0x0804f87c   0x00000036   Code   RO         3677    x$fpl$ffix          fz_ws.l(ffix.o)
    0x0804f8b2   0x00000002   PAD
    0x0804f8b4   0x0000003e   Code   RO         3681    x$fpl$ffixu         fz_ws.l(ffixu.o)
    0x0804f8f2   0x00000002   PAD
    0x0804f8f4   0x00000030   Code   RO         3690    x$fpl$fflt          fz_ws.l(fflt_clz.o)
    0x0804f924   0x00000060   Code   RO         3695    x$fpl$ffltll        fz_ws.l(ffltll_clz.o)
    0x0804f984   0x00000026   Code   RO         3689    x$fpl$ffltu         fz_ws.l(fflt_clz.o)
    0x0804f9aa   0x00000002   PAD
    0x0804f9ac   0x00000068   Code   RO         3697    x$fpl$fleqf         fz_ws.l(fleqf.o)
    0x0804fa14   0x00000102   Code   RO         3699    x$fpl$fmul          fz_ws.l(fmul.o)
    0x0804fb16   0x0000008c   Code   RO         3760    x$fpl$fnaninf       fz_ws.l(fnaninf.o)
    0x0804fba2   0x00000062   Code   RO         3701    x$fpl$frleqf        fz_ws.l(frleqf.o)
    0x0804fc04   0x00000014   Code   RO         3666    x$fpl$frsb          fz_ws.l(faddsub_clz.o)
    0x0804fc18   0x000000ea   Code   RO         3667    x$fpl$fsub          fz_ws.l(faddsub_clz.o)
    0x0804fd02   0x00000002   PAD
    0x0804fd04   0x0000005c   Code   RO         3685    x$fpl$llufromf      fz_ws.l(ffixull.o)
    0x0804fd60   0x00000064   Code   RO         3841    x$fpl$retnan        fz_ws.l(retnan.o)
    0x0804fdc4   0x0000005c   Code   RO         3764    x$fpl$scalbn        fz_ws.l(scalbn.o)
    0x0804fe20   0x00000030   Code   RO         3894    x$fpl$trapveneer    fz_ws.l(trapv.o)
    0x0804fe50   0x00000068   Data   RO          516    .constdata          cs99xx_type.o
    0x0804feb8   0x0000395c   Data   RO          690    .constdata          calibration.o
    0x08053814   0x000000f8   Data   RO          836    .constdata          cs99xx_eep_manage.o
    0x0805390c   0x00000019   Data   RO          928    .constdata          cs99xx_flash_manage.o
    0x08053925   0x00000003   PAD
    0x08053928   0x00000068   Data   RO          944    .constdata          cs99xx_interface.o
    0x08053990   0x00001080   Data   RO          961    .constdata          cs99xx_ir_shift_gear.o
    0x08054a10   0x00000091   Data   RO         1038    .constdata          cs99xx_mem_api.o
    0x08054aa1   0x00000003   PAD
    0x08054aa4   0x00000138   Data   RO         1072    .constdata          cs99xx_memory.o
    0x08054bdc   0x00000068   Data   RO         1114    .constdata          cs99xx_par_com.o
    0x08054c44   0x000001a0   Data   RO         1193    .constdata          cs99xx_pw.o
    0x08054de4   0x000000b8   Data   RO         1206    .constdata          cs99xx_result.o
    0x08054e9c   0x00000100   Data   RO         1241    .constdata          cs99xx_struct.o
    0x08054f9c   0x00000270   Data   RO         1276    .constdata          cs99xx_time.o
    0x0805520c   0x00000014   Data   RO         1346    .constdata          serve_test.o
    0x08055220   0x00000014   Data   RO         1441    .constdata          cs99xx_relay_motion.o
    0x08055234   0x00000050   Data   RO         1460    .constdata          cs99xx_vref.o
    0x08055284   0x000000b4   Data   RO         1624    .constdata          auto_calibration.o
    0x08055338   0x00000100   Data   RO         1913    .constdata          os_core.o
    0x08055438   0x0000005e   Data   RO         2052    .constdata          os_dbg.o
    0x08055496   0x00000002   PAD
    0x08055498   0x00000028   Data   RO         2068    .constdata          gui_draw.o
    0x080554c0   0x00004740   Data   RO         2089    .constdata          simsun_12.o
    0x08059c00   0x000006c4   Data   RO         2110    .constdata          simsun_13.o
    0x0805a2c4   0x00000b88   Data   RO         2123    .constdata          simsun_15.o
    0x0805ae4c   0x000017dc   Data   RO         2132    .constdata          simsun_16.o
    0x0805c628   0x00000320   Data   RO         2141    .constdata          garamond_16.o
    0x0805c948   0x000005cc   Data   RO         2150    .constdata          fangzhengxingkai_24.o
    0x0805cf14   0x000001cc   Data   RO         2159    .constdata          ms_sans_serif_24.o
    0x0805d0e0   0x0000070c   Data   RO         2168    .constdata          simsunf_15.o
    0x0805d7ec   0x00000034   Data   RO         2177    .constdata          16bit.o
    0x0805d820   0x000000b4   Data   RO         2189    .constdata          allwin.o
    0x0805d8d4   0x00000030   Data   RO         2198    .constdata          arrow.o
    0x0805d904   0x000000a0   Data   RO         2207    .constdata          arrow_right.o
    0x0805d9a4   0x0000004c   Data   RO         2216    .constdata          back.o
    0x0805d9f0   0x00000030   Data   RO         2225    .constdata          circle.o
    0x0805da20   0x00000030   Data   RO         2234    .constdata          circle_.o
    0x0805da50   0x00000030   Data   RO         2243    .constdata          colon.o
    0x0805da80   0x0000004c   Data   RO         2252    .constdata          del.o
    0x0805dacc   0x0000003c   Data   RO         2261    .constdata          down.o
    0x0805db08   0x0000002c   Data   RO         2270    .constdata          index.o
    0x0805db34   0x00000050   Data   RO         2279    .constdata          leftshift.o
    0x0805db84   0x0000006c   Data   RO         2288    .constdata          logo.o
    0x0805dbf0   0x00000050   Data   RO         2309    .constdata          rightshift.o
    0x0805dc40   0x0000004c   Data   RO         2318    .constdata          shortcut.o
    0x0805dc8c   0x0000003c   Data   RO         2327    .constdata          up.o
    0x0805dcc8   0x00000068   Data   RO         2336    .constdata          warning.o
    0x0805dd30   0x00000028   Data   RO         2346    .constdata          cs99xx_for_comm.o
    0x0805dd58   0x00000200   Data   RO         2493    .constdata          mbcrc.o
    0x0805df58   0x00000a77   Data   RO         2784    .constdata          LCD24064.lib(lcd24064.o)
    0x0805e9cf   0x00000001   PAD
    0x0805e9d0   0x00000044   Data   RO         2877    .constdata          LCD24064.lib(gui2dlib.o)
    0x0805ea14   0x0000000c   Data   RO         3068    .constdata          LCD24064.lib(guiencjs.o)
    0x0805ea20   0x00000720   Data   RO         3146    .constdata          LCD24064.lib(f10_1.o)
    0x0805f140   0x00000868   Data   RO         3163    .constdata          LCD24064.lib(f13_1.o)
    0x0805f9a8   0x00000028   Data   RO         3189    .constdata          LCD24064.lib(gui_adddecshift.o)
    0x0805f9d0   0x00000010   Data   RO         3283    .constdata          LCD24064.lib(gui_uc_encodenone.o)
    0x0805f9e0   0x00000734   Data   RO         3435    .constdata          LCD24064.lib(f6x8.o)
    0x08060114   0x0000070c   Data   RO         3448    .constdata          LCD24064.lib(f10_ascii.o)
    0x08060820   0x00000820   Data   RO         3465    .constdata          LCD24064.lib(f13_ascii.o)
    0x08061040   0x00000011   Data   RO         3586    .constdata          c_w.l(__printf_flags_wp.o)
    0x08061051   0x00000007   PAD
    0x08061058   0x00000088   Data   RO         3717    .constdata          m_ws.l(pow.o)
    0x080610e0   0x0000000c   Data   RO         3749    .constdata          c_w.l(_monlen.o)
    0x080610ec   0x00000004   PAD
    0x080610f0   0x00000030   Data   RO         3768    .constdata          m_ws.l(cos_i.o)
    0x08061120   0x00000008   Data   RO         3776    .constdata          m_ws.l(qnan.o)
    0x08061128   0x000000c8   Data   RO         3779    .constdata          m_ws.l(rred.o)
    0x080611f0   0x00000028   Data   RO         3783    .constdata          m_ws.l(sin_i.o)
    0x08061218   0x000002c3   Data   RO          691    .conststring        calibration.o
    0x080614db   0x0000005a   Data   RO          945    .conststring        cs99xx_interface.o
    0x08061535   0x00000100   Data   RO         1154    .conststring        cs99xx_parameter.o
    0x08061635   0x0000000f   Data   RO         1207    .conststring        cs99xx_result.o
    0x08061644   0x0000001a   Data   RO         1597    .conststring        auto_cal_server.o
    0x0806165e   0x0000087d   Data   RO         2069    .conststring        gui_draw.o
    0x08061edb   0x000003f9   Data   RO          517    .conststrlit        cs99xx_type.o
    0x080622d4   0x00000020   Data   RO         3966    Region$$Table       anon$$obj.o


    Execution Region RW_IRAM1 (Base: 0x20000000, Size: 0x0000c778, Max: 0x00010000, ABSOLUTE, COMPRESSED[0x00000d70])

    Base Addr    Size         Type   Attr      Idx    E Section Name        Object

    0x20000000   0x00000014   Data   RW           25    .data               system_stm32f10x.o
    0x20000014   0x00000014   Data   RW          318    .data               stm32f10x_rcc.o
    0x20000028   0x00000004   Data   RW          443    .data               stm32f10x_it.o
    0x2000002c   0x00000004   Data   RW          518    .data               cs99xx_type.o
    0x20000030   0x0000003c   Data   RW          573    .data               app.o
    0x2000006c   0x000002c2   Data   RW          692    .data               calibration.o
    0x2000032e   0x00000002   PAD
    0x20000330   0x00000004   Data   RW          766    .data               cs99xx_buzzer.o
    0x20000334   0x00000008   Data   RW          786    .data               cs99xx_collect.o
    0x2000033c   0x00000001   Data   RW          929    .data               cs99xx_flash_manage.o
    0x2000033d   0x00000003   PAD
    0x20000340   0x00000050   Data   RW          946    .data               cs99xx_interface.o
    0x20000390   0x00000004   Data   RW          962    .data               cs99xx_ir_shift_gear.o
    0x20000394   0x00000005   Data   RW         1073    .data               cs99xx_memory.o
    0x20000399   0x00000003   PAD
    0x2000039c   0x00000460   Data   RW         1155    .data               cs99xx_parameter.o
    0x200007fc   0x00000098   Data   RW         1242    .data               cs99xx_struct.o
    0x20000894   0x00000006   Data   RW         1314    .data               irq.o
    0x2000089a   0x00000002   PAD
    0x2000089c   0x00000120   Data   RW         1347    .data               serve_test.o
    0x200009bc   0x00000040   Data   RW         1392    .data               md5.o
    0x200009fc   0x0000000e   Data   RW         1503    .data               acw_test.o
    0x20000a0a   0x0000000a   Data   RW         1539    .data               acw_test_g.o
    0x20000a14   0x00000034   Data   RW         1598    .data               auto_cal_server.o
    0x20000a48   0x00000020   Data   RW         1625    .data               auto_calibration.o
    0x20000a68   0x00000004   Data   RW         1686    .data               rtc_config.o
    0x20000a6c   0x00000004   Data   RW         1704    .data               timer_config.o
    0x20000a70   0x00000002   Data   RW         1733    .data               keyboard.o
    0x20000a72   0x00000002   Data   RW         1751    .data               i2c_ee.o
    0x20000a74   0x00000008   Data   RW         1769    .data               mc14094.o
    0x20000a7c   0x00000010   Data   RW         1787    .data               dac_vref.o
    0x20000a8c   0x00000002   Data   RW         1823    .data               spi_cpld.o
    0x20000a8e   0x00000002   PAD
    0x20000a90   0x00000004   Data   RW         1857    .data               timer5_config.o
    0x20000a94   0x00000001   Data   RW         1872    .data               spi_flash.o
    0x20000a95   0x00000003   PAD
    0x20000a98   0x00000058   Data   RW         1914    .data               os_core.o
    0x20000af0   0x00000002   Data   RW         2031    .data               os_cpu_c.o
    0x20000af2   0x00000002   PAD
    0x20000af4   0x000024b4   Data   RW         2070    .data               gui_draw.o
    0x20002fa8   0x00000004   Data   RW         2359    .data               mb_interface.o
    0x20002fac   0x000000b8   Data   RW         2408    .data               mb.o
    0x20003064   0x00000002   Data   RW         2467    .data               mbfuncother.o
    0x20003066   0x00000002   PAD
    0x20003068   0x0000000c   Data   RW         2508    .data               mbrtu.o
    0x20003074   0x00000002   Data   RW         2538    .data               portevent.o
    0x20003076   0x00000014   Data   RW         2577    .data               user_mb_app.o
    0x2000308a   0x00000002   PAD
    0x2000308c   0x0000000d   Data   RW         2635    .data               mbrtu_m.o
    0x20003099   0x00000003   PAD
    0x2000309c   0x000000b8   Data   RW         2649    .data               mb_m.o
    0x20003154   0x00000002   Data   RW         2668    .data               portevent_m.o
    0x20003156   0x00000004   Data   RW         2694    .data               porttimer_m.o
    0x2000315a   0x00000001   Data   RW         2709    .data               dc_module.o
    0x2000315b   0x00000001   Data   RW         2785    .data               LCD24064.lib(lcd24064.o)
    0x2000315c   0x00000014   Data   RW         3049    .data               LCD24064.lib(guicore.o)
    0x20003170   0x00000004   Data   RW         3209    .data               LCD24064.lib(gui_fillpolygon.o)
    0x20003174   0x00000004   Data   RW         3495    .data               LCD24064.lib(gui_x.o)
    0x20003178   0x00000001   Data   RW          709    .data__ZZ7dis_curE1n  calibration.o
    0x20003179   0x00000003   PAD
    0x2000317c   0x0000008f   Zero   RW          515    .bss                cs99xx_type.o
    0x2000320b   0x00000001   PAD
    0x2000320c   0x0000257c   Zero   RW          572    .bss                app.o
    0x20005788   0x00001298   Zero   RW          689    .bss                calibration.o
    0x20006a20   0x00000108   Zero   RW          785    .bss                cs99xx_collect.o
    0x20006b28   0x0000002c   Zero   RW          875    .bss                cs99xx_err_log.o
    0x20006b54   0x000000d4   Zero   RW         1037    .bss                cs99xx_mem_api.o
    0x20006c28   0x0000000a   Zero   RW         1071    .bss                cs99xx_memory.o
    0x20006c32   0x00000002   PAD
    0x20006c34   0x000008fc   Zero   RW         1240    .bss                cs99xx_struct.o
    0x20007530   0x00000800   Zero   RW         1327    .bss                on_chip_flash_api.o
    0x20007d30   0x000000ce   Zero   RW         1345    .bss                serve_test.o
    0x20007dfe   0x00000002   PAD
    0x20007e00   0x00000080   Zero   RW         1623    .bss                auto_calibration.o
    0x20007e80   0x00000070   Zero   RW         1685    .bss                rtc_config.o
    0x20007ef0   0x00000244   Zero   RW         1732    .bss                keyboard.o
    0x20008134   0x0000064c   Zero   RW         1871    .bss                spi_flash.o
    0x20008780   0x00000c78   Zero   RW         1912    .bss                os_core.o
    0x200093f8   0x00000138   Zero   RW         2067    .bss                gui_draw.o
    0x20009530   0x0000101c   Zero   RW         2378    .bss                mb_master.o
    0x2000a54c   0x00000020   Zero   RW         2466    .bss                mbfuncother.o
    0x2000a56c   0x00000100   Zero   RW         2507    .bss                mbrtu.o
    0x2000a66c   0x00000d88   Zero   RW         2576    .bss                user_mb_app.o
    0x2000b3f4   0x000001fd   Zero   RW         2634    .bss                mbrtu_m.o
    0x2000b5f1   0x00000003   PAD
    0x2000b5f4   0x00000400   Zero   RW         2708    .bss                dc_module.o
    0x2000b9f4   0x00000024   Zero   RW         2761    .bss                module.o
    0x2000ba18   0x00000782   Zero   RW         2783    .bss                LCD24064.lib(lcd24064.o)
    0x2000c19a   0x00000002   PAD
    0x2000c19c   0x00000038   Zero   RW         3048    .bss                LCD24064.lib(guicore.o)
    0x2000c1d4   0x00000018   Zero   RW         3208    .bss                LCD24064.lib(gui_fillpolygon.o)
    0x2000c1ec   0x00000100   Zero   RW         3405    .bss                LCD24064.lib(lcdcolor.o)
    0x2000c2ec   0x0000002c   Zero   RW         3623    .bss                c_w.l(localtime.o)
    0x2000c318   0x00000060   Zero   RW         3825    .bss                c_w.l(libspace.o)
    0x2000c378   0x00000000   Zero   RW           18    HEAP                startup_stm32f10x_hd.o
    0x2000c378   0x00000400   Zero   RW           17    STACK               startup_stm32f10x_hd.o


==============================================================================

Image component sizes


      Code (inc. data)   RO Data    RW Data    ZI Data      Debug   Object Name

         0          0         52          0          0        610   16bit.o
       816         10          0          0          0       2010   acw_count.o
       362         10          0          0          0       1566   acw_relay.o
      1168         36          0         14          0       4375   acw_test.o
      1058         34          0         10          0       3552   acw_test_g.o
         0          0        180          0          0        619   allwin.o
      2288        214          0         60       9596      22180   app.o
         0          0         48          0          0        610   arrow.o
         0          0        160          0          0        584   arrow_right.o
       264         42          0          0          0       2504   auto_cal_comm.o
      2220         98         26         52          0       8999   auto_cal_server.o
      7948        506        180         32        128      15041   auto_calibration.o
         0          0         76          0          0        601   back.o
       324         18          0          0          0      17064   bsp_config.o
     39500       2686      15391        707       4760      45539   calibration.o
         0          0         48          0          0        619   circle.o
         0          0         48          0          0        628   circle_.o
         0          0         48          0          0        610   colon.o
         0          0          0          0          0       4244   core_cm3.o
       996         44          0          0          0      11613   cs99xx.o
      3668        526          0          0          0       4197   cs99xx_bbd.o
        96         16          0          4          0        574   cs99xx_buzzer.o
      6136        634          0          8        264       6954   cs99xx_collect.o
       404         32          0          0          0       1369   cs99xx_custom.o
      3168        398        248          0          0      21435   cs99xx_eep_manage.o
       180          8          0          0         44       2209   cs99xx_err_log.o
      1868        202          0          0          0       3641   cs99xx_exception.o
      2218        140         25          1          0       9410   cs99xx_flash_manage.o
     11756        796         40          0          0      35860   cs99xx_for_comm.o
      3964        738        194         80          0       4356   cs99xx_interface.o
       736         84       4224          4          0       3136   cs99xx_ir_shift_gear.o
       480         38          0          0          0       1341   cs99xx_it.o
        52          8          0          0          0        430   cs99xx_led.o
       420         32          0          0          0       1407   cs99xx_lock_key.o
      7504        678        145          0        212      18924   cs99xx_mem_api.o
     12598       1294        312          5         10      14173   cs99xx_memory.o
      4864       1518          0          0          0       4691   cs99xx_offset.o
      1800         72          0          0          0       2093   cs99xx_par_acw.o
     11484        784        104          0          0      13038   cs99xx_par_com.o
      1428         68          0          0          0       1898   cs99xx_par_dcw.o
      6144        538          0          0          0       6069   cs99xx_par_gr.o
      3656        354        256       1120          0       7473   cs99xx_parameter.o
       456         40          0          0          0        946   cs99xx_plc.o
      3228        314        416          0          0       3831   cs99xx_pw.o
      7028        510         20          0          0      11043   cs99xx_relay_motion.o
     12308       1250        199          0          0      16923   cs99xx_result.o
      7928        442          0          0          0      15792   cs99xx_set_par_path.o
      2504        136        256        152       2300      16290   cs99xx_struct.o
      3292        182          0          0          0       4457   cs99xx_sys.o
      1424         74        624          0          0       2579   cs99xx_time.o
     16436        612       2849          4        143      55938   cs99xx_type.o
      3232        270         80          0          0       3431   cs99xx_vref.o
       572         38          0         16          0       2359   dac_vref.o
      2688        100          0          1       1024      10806   dc_module.o
       388          8          0          0          0       2838   dc_module_bridge.o
         0          0         76          0          0        596   del.o
         0          0         60          0          0        601   down.o
         0          0       1484          0          0       2756   fangzhengxingkai_24.o
         0          0        800          0          0       2881   garamond_16.o
      8372        794          0          0          0      10781   general_test.o
     18648       3842       2213       9396        312      39420   gui_draw.o
      1304         22          0          2          0       5094   i2c_ee.o
         0          0         44          0          0        610   index.o
      3068        234          0          6          0       4248   irq.o
      3184        414          0          2        580       9938   keyboard.o
         0          0         80          0          0        642   leftshift.o
         0          0        108          0          0        601   logo.o
       128         36          0          0          0      19228   main.o
       740         92          0        184          0       4381   mb.o
       256         10          0          0          0       3681   mb_dc_module.o
      3252         88          0          4          0      27122   mb_interface.o
       632        106          0        184          0       5220   mb_m.o
       428         16          0          0       4124       2069   mb_master.o
      1712        148          0          0          0       2500   mb_server.o
        56          8        512          0          0       1092   mbcrc.o
        20          0          0          0          0       1884   mbfuncfile_m.o
       216          0          0          0          0       2570   mbfuncholding.o
       354          0          0          0          0       3749   mbfuncholding_m.o
       148          8          0          2         32       1641   mbfuncother.o
       636         28          0         12        256       3521   mbrtu.o
       776         46          0         13        509       4827   mbrtu_m.o
       172          0          0          0          0       1786   mbutils.o
       720         26          0          8          0       5138   mc14094.o
      2440        274          0         64          0       4259   md5.o
       220         20          0          0          0       1829   misc.o
      1224         56          0          0         36       3673   module.o
         0          0        460          0          0       1374   ms_sans_serif_24.o
       232         10          0          0       2048       2084   on_chip_flash_api.o
      3324        264        256         88       3192      19753   os_core.o
       164         32          0          0          0        276   os_cpu_a.o
       212          6          0          2          0      12499   os_cpu_c.o
       276        182         94          0          0       2773   os_dbg.o
       508         12          0          0          0       3048   os_mem.o
      1576         40          0          0          0       4394   os_mutex.o
      1532         32          0          0          0       5413   os_q.o
       960         18          0          0          0       3802   os_sem.o
      1588         62          0          0          0       5732   os_task.o
       452         24          0          0          0       1778   os_time.o
      1736        120          0          0          0       5685   os_tmr.o
         8          0          0          0          0        507   port.o
        60          8          0          2          0       1384   portevent.o
        60          8          0          2          0       1438   portevent_m.o
       452         20          0          0          0       2429   portserial.o
       536         24          0          0          0       2670   portserial_m.o
       264         12          0          0          0       1213   porttimer.o
       444         20          0          4          0       1884   porttimer_m.o
         0          0         80          0          0        651   rightshift.o
      1220        170          0          4        112       5337   rtc_config.o
     14226       1808         20        288        206      27410   serve_test.o
         0          0         76          0          0        633   shortcut.o
         0          0      18240          0          0      73845   simsun_12.o
         0          0       1732          0          0       6625   simsun_13.o
         0          0       2952          0          0       6627   simsun_15.o
         0          0       6108          0          0      13095   simsun_16.o
         0          0       1804          0          0       6500   simsunf_15.o
       892         28          0          2          0       4592   spi_cpld.o
      2008         70          0          1       1612       9633   spi_flash.o
        60         22        304          0       1024        768   startup_stm32f10x_hd.o
       616         28          0          0          0       2170   stm32_adc.o
       272         18          0          0          0        705   stm32_fsmc.o
       172         30          0          0          0        549   stm32_gpio_config.o
      1102         26          0          0          0      10861   stm32f10x_adc.o
       196          8          0          0          0       3488   stm32f10x_bkp.o
        72          4          0          0          0       1742   stm32f10x_crc.o
       396          6          0          0          0       3674   stm32f10x_dac.o
       284         10          0          0          0       2259   stm32f10x_exti.o
      1468         34          0          0          0       8058   stm32f10x_flash.o
      1560         54          0          0          0       5367   stm32f10x_fsmc.o
       856         40          0          0          0       5673   stm32f10x_gpio.o
       500         58          0          4          0      28553   stm32f10x_it.o
       204         16          0          0          0       1919   stm32f10x_pwr.o
       932         44          0         20          0       8812   stm32f10x_rcc.o
       324          4          0          0          0       2666   stm32f10x_rtc.o
      3610         88          0          0          0      22156   stm32f10x_tim.o
      1032         22          0          0          0       8396   stm32f10x_usart.o
       476         36          0         20          0     280431   system_stm32f10x.o
        70          0          0          0          0        863   test_com.o
       176          8          0          4          0       1496   timer5_config.o
       296         12          0          4          0       1072   timer_config.o
         0          0         60          0          0        587   up.o
      1000         64          0         20       3464       4369   user_mb_app.o
         0          0        104          0          0        628   warning.o

    ----------------------------------------------------------------------
    300174      26502      63956      12639      35996    1276163   Object Totals
         0          0         32          0          0          0   (incl. Generated)
        12          0          8         27          8          0   (incl. Padding)

    ----------------------------------------------------------------------

      Code (inc. data)   RO Data    RW Data    ZI Data      Debug   Library Member Name

         0          0       1824          0          0       5911   f10_1.o
         0          0       1804          0          0       6527   f10_ascii.o
         0          0       2152          0          0       6120   f13_1.o
         0          0       2080          0          0       6663   f13_ascii.o
         0          0       1844          0          0       2038   f6x8.o
      1740         18         68          0          0      23062   gui2dlib.o
        28          0          0          0          0        552   gui_adddecmin.o
       240         10         40          0          0       2027   gui_adddecshift.o
        40          6          0          0          0        730   gui_dispchar.o
       320          4          0          0          0        913   gui_dispstring.o
        32          6          0          0          0        579   gui_dispstringat.o
       184          4          0          0          0       1355   gui_drawbitmap.o
       780         14          0          4         24       4213   gui_fillpolygon.o
        28          0          0          0          0        583   gui_fillrect.o
        60          0          0          0          0        940   gui_getcolor.o
        88          6          0          0          0       1185   gui_goto.o
        58          0          0          0          0        869   gui_rectsintersect.o
        24          0          0          0          0        622   gui_setcolor.o
        44          4          0          0          0        664   gui_setcolorindex.o
        16          0          0          0          0        510   gui_setdrawmode.o
        16          4          0          0          0        474   gui_setfont.o
        20          4          0          0          0        478   gui_settextmode.o
       208          6          0          0          0       2072   gui_uc.o
        48         10         16          0          0       1604   gui_uc_encodenone.o
        48          6          0          4          0       1382   gui_x.o
       184         10          0          0          0       1172   guichar.o
       296         12          0          0          0       2035   guicharline.o
       472          6          0          0          0       2073   guicharm.o
       384          4          0          0          0       2001   guicharp.o
       784          0          0          0          0       3542   guicirc.o
       192         16          0         20         56       4622   guicore.o
       176          0         12          0          0       6394   guiencjs.o
       258          0          0          0          0       2188   guival.o
       408         14          0          0          0       1942   guivalf.o
      1088         12          0          0          0       4572   lcd.o
       732         16       2679          1       1922     220250   lcd24064.o
       544          6          8          0          0       2579   lcd_drawbitmap_565.o
        88          4          0          0          0        584   lcd_drawvline.o
        16          4          0          0          0        556   lcd_getcolorindex.o
       184          0          0          0          0       3445   lcd_getex.o
        52          0          0          0          0       1091   lcd_l0_generic.o
       112          6          0          0        256       1686   lcdcolor.o
      1464         10          0          0          0       6426   lcddummy.o
        56          0          0          0          0        582   lcdp565_index2color.o
        32          0          0          0          0        745   lcdpm565.o
        56          0          0          0          0        587   lcdpm565_index2color.o
        90          0          0          0          0          0   __dczerorl2.o
         8          0          0          0          0         68   __main.o
       316          6         17          0          0         92   __printf_flags_wp.o
        14          0          0          0          0         68   __printf_wp.o
        52          8          0          0          0          0   __scatter.o
        28          0          0          0          0          0   __scatter_zi.o
         0          0         12          0          0          0   _monlen.o
        44          0          0          0          0        108   _printf_char.o
        48          6          0          0          0         96   _printf_char_common.o
         6          0          0          0          0          0   _printf_d.o
       120         18          0          0          0         92   _printf_dec.o
       184          0          0          0          0         88   _printf_intcommon.o
        82          0          0          0          0        108   _printf_pad.o
         0          0          0          0          0          0   _printf_percent.o
         4          0          0          0          0          0   _printf_percent_end.o
         6          0          0          0          0          0   _printf_s.o
        82          0          0          0          0         80   _printf_str.o
        22          0          0          0          0        100   _rserrno.o
        10          0          0          0          0         68   _sputc.o
        16          0          0          0          0         68   aeabi_memset.o
        12          0          0          0          0         72   exit.o
         6          0          0          0          0        152   heapauxi.o
         0          0          0          0          0          0   indicate_semi.o
         2          0          0          0          0          0   libinit.o
         2          0          0          0          0          0   libinit2.o
         2          0          0          0          0          0   libshutdown.o
         2          0          0          0          0          0   libshutdown2.o
         8          4          0          0         96         68   libspace.o
       238          0          0          0          0        100   lludivv7m.o
        12          6          0          0         44         68   localtime.o
       164          6          0          0          0         80   localtime_internal.o
        88          0          0          0          0         76   memcmp.o
       420          8          0          0          0        128   mktime.o
        40          6          0          0          0         84   noretval__2sprintf.o
         8          4          0          0          0         68   rt_errno_addr_intlibspace.o
        68          0          0          0          0         68   rt_memclr.o
        78          0          0          0          0         80   rt_memclr_w.o
       138          0          0          0          0         68   rt_memcpy_v6.o
       100          0          0          0          0         80   rt_memcpy_w.o
         0          0          0          0          0          0   rtentry.o
        12          0          0          0          0          0   rtentry2.o
         6          0          0          0          0          0   rtentry4.o
         2          0          0          0          0          0   rtexit.o
        10          0          0          0          0          0   rtexit2.o
        24          0          0          0          0         68   strcat.o
       128          0          0          0          0         68   strcmpv7m.o
        72          0          0          0          0         80   strcpy.o
        62          0          0          0          0         76   strlen.o
        36          0          0          0          0         76   strncat.o
       150          0          0          0          0         80   strncmp.o
        86          0          0          0          0         76   strncpy.o
        12          4          0          0          0         68   sys_exit.o
        74          0          0          0          0         80   sys_stackheap_outer.o
         2          0          0          0          0         68   use_no_semi.o
        98          4          0          0          0         92   d2f.o
       826         16          0          0          0        348   daddsub_clz.o
        16          4          0          0          0         68   dcheck1.o
        24          0          0          0          0         68   dcmpi.o
       688        140          0          0          0        208   ddiv.o
        94          4          0          0          0         92   dfix.o
        90          4          0          0          0         92   dfixu.o
        84          0          0          0          0        136   dflt_clz.o
       120          4          0          0          0         92   dleqf.o
       340         12          0          0          0        104   dmul.o
       156          4          0          0          0         92   dnaninf.o
        12          0          0          0          0         68   dretinf.o
       108          0          0          0          0         80   drleqf.o
       460         56          0          0          0        120   dsqrt_noumaal.o
        86          4          0          0          0         84   f2d.o
       450          8          0          0          0        236   faddsub_clz.o
        24          0          0          0          0         68   fcmpi.o
       388         76          0          0          0         96   fdiv.o
       104          4          0          0          0         84   feqf.o
        54          4          0          0          0         84   ffix.o
        62          4          0          0          0         84   ffixu.o
        92          4          0          0          0         84   ffixull.o
        86          0          0          0          0        136   fflt_clz.o
        96          0          0          0          0         84   ffltll_clz.o
       104          4          0          0          0         84   fleqf.o
       258          4          0          0          0         84   fmul.o
       140          4          0          0          0         84   fnaninf.o
        10          0          0          0          0         68   fretinf.o
        98          0          0          0          0         68   frleqf.o
       100          0          0          0          0         68   retnan.o
        92          0          0          0          0         68   scalbn.o
        48          0          0          0          0         68   trapv.o
         0          0          0          0          0          0   usenofp.o
       172          8          0          0          0        112   cos.o
       252         22         48          0          0        124   cos_i.o
        16          6          0          0          0         68   dunder.o
       220         16          0          0          0         84   floor.o
        40          0          0          0          0         68   fpclassify.o
       170          0          0          0          0         96   poly.o
      2528        190        136          0          0        332   pow.o
         0          0          8          0          0          0   qnan.o
       904         72        200          0          0        140   rred.o
       176         10          0          0          0        116   sin.o
       236         12         40          0          0        128   sin_i.o
        76          0          0          0          0         84   sqrt.o

    ----------------------------------------------------------------------
     25034        998      13000         29       2400     348757   Library Totals
        40          0         12          0          2          0   (incl. Padding)

    ----------------------------------------------------------------------

      Code (inc. data)   RO Data    RW Data    ZI Data      Debug   Library Name

     11600        222      12527         29       2258     341145   LCD24064.lib
      3196         76         29          0        140       2968   c_w.l
      5408        364          0          0          0       3292   fz_ws.l
      4790        336        432          0          0       1352   m_ws.l

    ----------------------------------------------------------------------
     25034        998      13000         29       2400     348757   Library Totals

    ----------------------------------------------------------------------

==============================================================================


      Code (inc. data)   RO Data    RW Data    ZI Data      Debug   

    325208      27500      76956      12668      38396    1606460   Grand Totals
    325208      27500      76956       3440      38396    1606460   ELF Image Totals (compressed)
    325208      27500      76956       3440          0          0   ROM Totals

==============================================================================

    Total RO  Size (Code + RO Data)               402164 ( 392.74kB)
    Total RW  Size (RW Data + ZI Data)             51064 (  49.87kB)
    Total ROM Size (Code + RO Data + RW Data)     405604 ( 396.10kB)

==============================================================================

