ARM Linker, 5.03 [Build 76] [MDK-ARM Standard]

==============================================================================

Section Cross References

    startup_stm32f10x_hd.o(STACK) refers (Special) to heapauxi.o(.text) for __use_two_region_memory
    startup_stm32f10x_hd.o(HEAP) refers (Special) to heapauxi.o(.text) for __use_two_region_memory
    startup_stm32f10x_hd.o(RESET) refers (Special) to heapauxi.o(.text) for __use_two_region_memory
    startup_stm32f10x_hd.o(RESET) refers to startup_stm32f10x_hd.o(STACK) for __initial_sp
    startup_stm32f10x_hd.o(RESET) refers to startup_stm32f10x_hd.o(.text) for Reset_Handler
    startup_stm32f10x_hd.o(RESET) refers to stm32f10x_it.o(.text) for NMI_Handler
    startup_stm32f10x_hd.o(RESET) refers to os_cpu_a.o(.text) for OS_CPU_PendSVHandler
    startup_stm32f10x_hd.o(RESET) refers to rtc_config.o(.text) for RTC_IRQHandler
    startup_stm32f10x_hd.o(RESET) refers to stm32_adc.o(.text) for ADC1_2_IRQHandler
    startup_stm32f10x_hd.o(RESET) refers to timer_config.o(.text) for TIM2_IRQHandler
    startup_stm32f10x_hd.o(RESET) refers to dac_vref.o(.text) for TIM3_IRQHandler
    startup_stm32f10x_hd.o(RESET) refers to porttimer.o(.text) for TIM4_IRQHandler
    startup_stm32f10x_hd.o(RESET) refers to portserial.o(.text) for USART1_IRQHandler
    startup_stm32f10x_hd.o(RESET) refers to timer5_config.o(.text) for TIM5_IRQHandler
    startup_stm32f10x_hd.o(RESET) refers to portserial_m.o(.text) for UART5_IRQHandler
    startup_stm32f10x_hd.o(RESET) refers to porttimer_m.o(.text) for TIM6_IRQHandler
    startup_stm32f10x_hd.o(.text) refers (Special) to heapauxi.o(.text) for __use_two_region_memory
    startup_stm32f10x_hd.o(.text) refers to system_stm32f10x.o(.text) for SystemInit
    startup_stm32f10x_hd.o(.text) refers to __main.o(!!!main) for __main
    startup_stm32f10x_hd.o(.text) refers to startup_stm32f10x_hd.o(HEAP) for Heap_Mem
    startup_stm32f10x_hd.o(.text) refers to startup_stm32f10x_hd.o(STACK) for Stack_Mem
    system_stm32f10x.o(.text) refers to system_stm32f10x.o(.data) for SystemCoreClock
    stm32f10x_adc.o(.text) refers to stm32f10x_rcc.o(.text) for RCC_APB2PeriphResetCmd
    stm32f10x_bkp.o(.text) refers to stm32f10x_rcc.o(.text) for RCC_BackupResetCmd
    stm32f10x_can.o(.text) refers to stm32f10x_rcc.o(.text) for RCC_APB1PeriphResetCmd
    stm32f10x_cec.o(.text) refers to stm32f10x_rcc.o(.text) for RCC_APB1PeriphResetCmd
    stm32f10x_dac.o(.text) refers to stm32f10x_rcc.o(.text) for RCC_APB1PeriphResetCmd
    stm32f10x_gpio.o(.text) refers to stm32f10x_rcc.o(.text) for RCC_APB2PeriphResetCmd
    stm32f10x_i2c.o(.text) refers to stm32f10x_rcc.o(.text) for RCC_APB1PeriphResetCmd
    stm32f10x_pwr.o(.text) refers to stm32f10x_rcc.o(.text) for RCC_APB1PeriphResetCmd
    stm32f10x_rcc.o(.text) refers to stm32f10x_rcc.o(.data) for APBAHBPrescTable
    stm32f10x_spi.o(.text) refers to stm32f10x_rcc.o(.text) for RCC_APB2PeriphResetCmd
    stm32f10x_tim.o(.text) refers to stm32f10x_rcc.o(.text) for RCC_APB2PeriphResetCmd
    stm32f10x_usart.o(.text) refers to stm32f10x_rcc.o(.text) for RCC_APB2PeriphResetCmd
    stm32f10x_wwdg.o(.text) refers to stm32f10x_rcc.o(.text) for RCC_APB1PeriphResetCmd
    main.o(.text) refers to bsp_config.o(.text) for init_4094
    main.o(.text) refers to os_core.o(.text) for OSInit
    main.o(.text) refers to os_q.o(.text) for OSQCreate
    main.o(.text) refers to os_sem.o(.text) for OSSemCreate
    main.o(.text) refers to os_mutex.o(.text) for OSMutexCreate
    main.o(.text) refers to os_task.o(.text) for OSTaskCreate
    main.o(.text) refers to app.o(.data) for QMsgTbl
    main.o(.text) refers to app.o(.bss) for MdbusQMsgTbl
    main.o(.text) refers to app.o(.text) for startup_task
    stm32f10x_it.o(.text) refers to cs99xx_relay_motion.o(.text) for irq_stop_relay_motion
    stm32f10x_it.o(.text) refers to os_core.o(.text) for OSIntEnter
    stm32f10x_it.o(.text) refers to stm32f10x_exti.o(.text) for EXTI_GetITStatus
    stm32f10x_it.o(.text) refers to bsp_config.o(.text) for soft_delay_10us
    stm32f10x_it.o(.text) refers to irq.o(.text) for stop_irq
    stm32f10x_it.o(.text) refers to serve_test.o(.text) for close_test_timer
    stm32f10x_it.o(.text) refers to stm32f10x_usart.o(.text) for USART_GetITStatus
    stm32f10x_it.o(.text) refers to cs99xx_type.o(.bss) for g_custom_sys_par
    stm32f10x_it.o(.text) refers to app.o(.data) for g_short_delay
    stm32f10x_it.o(.text) refers to stm32f10x_it.o(.data) for debug_led
    cs99xx_type.o(.text) refers to gui_draw.o(.data) for menu_par
    cs99xx_type.o(.text) refers to cs99xx_type.o(.bss) for type_spe
    cs99xx_type.o(.text) refers to calibration.o(.text) for is_acw_segment
    cs99xx_type.o(.text) refers to guicore.o(.text) for GUI_ClearRect
    cs99xx_type.o(.text) refers to strncmp.o(.text) for strncmp
    cs99xx_type.o(.text) refers to gui_dispstringat.o(.text) for GUI_DispStringAt
    cs99xx_type.o(.text) refers to lcd24064.o(.text) for ReFresh_LCD24064
[...]
    err_vol_bak                              0x200008d4   Data           4  serve_test.o(.data)
    err_cur_bak                              0x200008d8   Data           4  serve_test.o(.data)
    err_res_bak                              0x200008dc   Data           4  serve_test.o(.data)
    err_real_bak                             0x200008e0   Data           4  serve_test.o(.data)
    err_cap_bak                              0x200008e4   Data           4  serve_test.o(.data)
    ir_15s_res                               0x200008e8   Data           4  serve_test.o(.data)
    ir_60s_res                               0x200008ec   Data           4  serve_test.o(.data)
    ir_absorptance                           0x200008f0   Data           4  serve_test.o(.data)
    gear_up_limit                            0x200008f4   Data           4  serve_test.o(.data)
    g_ir_dly                                 0x200008f8   Data           4  serve_test.o(.data)
    g_plc_dly                                0x200008fc   Data           2  serve_test.o(.data)
    test_irq_fun                             0x20000900   Data           4  serve_test.o(.data)
    cs99xx_test_fun                          0x20000904   Data           4  serve_test.o(.data)
    uart_err_num                             0x20000908   Data           4  serve_test.o(.data)
    g_test_time                              0x2000090c   Data           4  serve_test.o(.data)
    g_dis_time                               0x20000910   Data           2  serve_test.o(.data)
    g_buzzer_time                            0x20000914   Data           4  serve_test.o(.data)
    g_cylinder_ctrl_t                        0x20000918   Data           4  serve_test.o(.data)
    dly_t                                    0x2000091c   Data           2  serve_test.o(.data)
    zeo_t                                    0x2000091e   Data           2  serve_test.o(.data)
    one_t                                    0x20000920   Data           2  serve_test.o(.data)
    two_t                                    0x20000922   Data           2  serve_test.o(.data)
    thr_t                                    0x20000924   Data           2  serve_test.o(.data)
    for_t                                    0x20000926   Data           2  serve_test.o(.data)
    fiv_t                                    0x20000928   Data           2  serve_test.o(.data)
    tes_t                                    0x2000092a   Data           2  serve_test.o(.data)
    ris_t                                    0x2000092c   Data           2  serve_test.o(.data)
    sta_t                                    0x2000092e   Data           2  serve_test.o(.data)
    fal_t                                    0x20000930   Data           2  serve_test.o(.data)
    int_t                                    0x20000932   Data           2  serve_test.o(.data)
    cha_t                                    0x20000934   Data           2  serve_test.o(.data)
    cur_step                                 0x20000936   Data           2  serve_test.o(.data)
    cur_mode                                 0x20000938   Data           1  serve_test.o(.data)
    cur_offset_result                        0x20000939   Data           1  serve_test.o(.data)
    cur_getc_result                          0x2000093a   Data           1  serve_test.o(.data)
    cur_t_time                               0x2000093b   Data           1  serve_test.o(.data)
    cur_status                               0x2000093c   Data           1  serve_test.o(.data)
    cur_cylinder_ctrl_status                 0x2000093d   Data           1  serve_test.o(.data)
    cur_status_plc                           0x2000093e   Data           1  serve_test.o(.data)
    cur_plc_err_st                           0x2000093f   Data           1  serve_test.o(.data)
    cur_comm_bps                             0x20000940   Data           1  serve_test.o(.data)
    updata_comm_flag                         0x20000942   Data           2  serve_test.o(.data)
    cur_vol                                  0x20000944   Data           2  serve_test.o(.data)
    cur_cap                                  0x20000948   Data           4  serve_test.o(.data)
    cur_open_ratio                           0x2000094c   Data           2  serve_test.o(.data)
    cur_short_ratio                          0x2000094e   Data           2  serve_test.o(.data)
    cur_auto                                 0x20000950   Data           1  serve_test.o(.data)
    steps_con                                0x20000951   Data           1  serve_test.o(.data)
    steps_pass                               0x20000952   Data           1  serve_test.o(.data)
    cur_gear                                 0x20000953   Data           1  serve_test.o(.data)
    cur_gear_max                             0x20000954   Data           1  serve_test.o(.data)
    cur_gear_min                             0x20000955   Data           1  serve_test.o(.data)
    cur_soft_gear                            0x20000956   Data           1  serve_test.o(.data)
    vol_segment                              0x20000957   Data           1  serve_test.o(.data)
    contact_segment                          0x20000958   Data           1  serve_test.o(.data)
    cur_segment                              0x20000959   Data           1  serve_test.o(.data)
    cur_gear_bak                             0x2000095a   Data           1  serve_test.o(.data)
    cur_ir_dis_gear                          0x2000095b   Data           1  serve_test.o(.data)
    cur_ir_dis_gear_0                        0x2000095c   Data           1  serve_test.o(.data)
    cur_ir_dis_gear_1                        0x2000095d   Data           1  serve_test.o(.data)
    g_ir_gear_hold                           0x20000960   Data           4  serve_test.o(.data)
    cur_gear_comm                            0x20000964   Data           1  serve_test.o(.data)
    cur_real_gear_comm                       0x20000965   Data           1  serve_test.o(.data)
    cur_method                               0x20000966   Data           1  serve_test.o(.data)
    res_ave_comm                             0x20000968   Data           2  serve_test.o(.data)
    cur_ave_comm                             0x2000096a   Data           2  serve_test.o(.data)
    cur_output_impedan                       0x2000096c   Data           1  serve_test.o(.data)
    cur_intensity                            0x2000096e   Data           2  serve_test.o(.data)
    cur_high                                 0x20000970   Data           4  serve_test.o(.data)
    cur_low                                  0x20000974   Data           4  serve_test.o(.data)
    cur_ir_rang_h                            0x20000978   Data           4  serve_test.o(.data)
    cur_charge_cur                           0x2000097c   Data           2  serve_test.o(.data)
    cur_real_cur                             0x2000097e   Data           2  serve_test.o(.data)
    cur_delay_t                              0x20000980   Data           2  serve_test.o(.data)
    cur_arc_gear                             0x20000982   Data           2  serve_test.o(.data)
    cur_frequency_gear                       0x20000984   Data           2  serve_test.o(.data)
    cur_frequency                            0x20000986   Data           2  serve_test.o(.data)
    cur_port                                 0x20000988   Data           6  serve_test.o(.data)
    cur_offset                               0x2000098e   Data           2  serve_test.o(.data)
    cur_real_offset                          0x20000990   Data           2  serve_test.o(.data)
    cur_vol_gear                             0x20000992   Data           1  serve_test.o(.data)
    err_charge                               0x20000993   Data           1  serve_test.o(.data)
    err_real                                 0x20000994   Data           1  serve_test.o(.data)
    cur_dac_k                                0x20000998   Data           4  serve_test.o(.data)
    cur_dac_b                                0x2000099c   Data           4  serve_test.o(.data)
    cur_adc_k                                0x200009a0   Data           4  serve_test.o(.data)
    cur_adc_b                                0x200009a4   Data           4  serve_test.o(.data)
    cur_adc_cur_k                            0x200009a8   Data           4  serve_test.o(.data)
    cur_arc_k                                0x200009ac   Data           4  serve_test.o(.data)
    cur_res_k                                0x200009b0   Data           4  serve_test.o(.data)
    vol_ch_step                              0x200009b4   Data           4  serve_test.o(.data)
    vol_ch_base                              0x200009b8   Data           4  serve_test.o(.data)
    vol_ch_target                            0x200009bc   Data           4  serve_test.o(.data)
    PADDING                                  0x200009c0   Data          64  md5.o(.data)
    cal_mode_pool                            0x20000a00   Data          48  auto_cal_server.o(.data)
    g_auto_ele_info                          0x20000a30   Data           4  auto_cal_server.o(.data)
    cal_order                                0x20000a34   Data           4  auto_calibration.o(.data)
    auto_cal                                 0x20000a38   Data           4  auto_calibration.o(.data)
    auto_measure                             0x20000a3c   Data           4  auto_calibration.o(.data)
    g_cur_cal_opt_num                        0x20000a40   Data           2  auto_calibration.o(.data)
    cur_rang                                 0x20000a44   Data           4  auto_calibration.o(.data)
    ac_cur_rang                              0x20000a48   Data           4  auto_calibration.o(.data)
    dc_cur_rang                              0x20000a4c   Data           4  auto_calibration.o(.data)
    res_rang                                 0x20000a50   Data           4  auto_calibration.o(.data)
    TimeDisplay                              0x20000a54   Data           4  rtc_config.o(.data)
    key_buzzer_time                          0x20000a5c   Data           2  keyboard.o(.data)
    EEPROM_ADDRESS                           0x20000a5e   Data           2  i2c_ee.o(.data)
    MC14094_BUFFER                           0x20000a60   Data           3  mc14094.o(.data)
    MC14094_BUFFER_RA                        0x20000a63   Data           1  mc14094.o(.data)
    MC14094_BUFFER_PORT                      0x20000a64   Data           4  mc14094.o(.data)
    DAC_Vol                                  0x20000a68   Data           6  dac_vref.o(.data)
    cpld_hv_buf                              0x20000a78   Data           2  spi_cpld.o(.data)
    chipselect                               0x20000a80   Data           1  spi_flash.o(.data)
    OSCtxSwCtr                               0x20000a84   Data           4  os_core.o(.data)
    OSEventFreeList                          0x20000a88   Data           4  os_core.o(.data)
    OSCPUUsage                               0x20000a8c   Data           1  os_core.o(.data)
    OSIdleCtrMax                             0x20000a90   Data           4  os_core.o(.data)
    OSIdleCtrRun                             0x20000a94   Data           4  os_core.o(.data)
    OSStatRdy                                0x20000a98   Data           1  os_core.o(.data)
    OSIntNesting                             0x20000a99   Data           1  os_core.o(.data)
    OSLockNesting                            0x20000a9a   Data           1  os_core.o(.data)
    OSPrioCur                                0x20000a9b   Data           1  os_core.o(.data)
    OSPrioHighRdy                            0x20000a9c   Data           1  os_core.o(.data)
    OSRdyGrp                                 0x20000a9d   Data           1  os_core.o(.data)
    OSRdyTbl                                 0x20000a9e   Data           4  os_core.o(.data)
    OSRunning                                0x20000aa2   Data           1  os_core.o(.data)
    OSTaskCtr                                0x20000aa3   Data           1  os_core.o(.data)
    OSIdleCtr                                0x20000aa4   Data           4  os_core.o(.data)
    OSTCBCur                                 0x20000aa8   Data           4  os_core.o(.data)
    OSTCBFreeList                            0x20000aac   Data           4  os_core.o(.data)
    OSTCBHighRdy                             0x20000ab0   Data           4  os_core.o(.data)
    OSTCBList                                0x20000ab4   Data           4  os_core.o(.data)
    OSTickStepState                          0x20000ab8   Data           1  os_core.o(.data)
    OSMemFreeList                            0x20000abc   Data           4  os_core.o(.data)
    OSQFreeList                              0x20000ac0   Data           4  os_core.o(.data)
    OSTime                                   0x20000ac4   Data           4  os_core.o(.data)
    OSTmrFree                                0x20000ac8   Data           2  os_core.o(.data)
    OSTmrUsed                                0x20000aca   Data           2  os_core.o(.data)
    OSTmrTime                                0x20000acc   Data           4  os_core.o(.data)
    OSTmrSem                                 0x20000ad0   Data           4  os_core.o(.data)
    OSTmrSemSignal                           0x20000ad4   Data           4  os_core.o(.data)
    OSTmrFreeList                            0x20000ad8   Data           4  os_core.o(.data)
    unit_pool                                0x20000ae0   Data          56  gui_draw.o(.data)
    unit_pool_                               0x20000b18   Data          56  gui_draw.o(.data)
    mode_pool                                0x20000b50   Data          80  gui_draw.o(.data)
    opt_pool                                 0x20000ba0   Data          20  gui_draw.o(.data)
    work_mode_buf                            0x20000bb4   Data           8  gui_draw.o(.data)
    offset_res_buf                           0x20000bbc   Data          16  gui_draw.o(.data)
    status_str                               0x20000bcc   Data         104  gui_draw.o(.data)
    except_buf                               0x20000c34   Data         156  gui_draw.o(.data)
    sys_sw_status_buf                        0x20000cd0   Data          24  gui_draw.o(.data)
    res_infinite_str                         0x20000ce8   Data          28  gui_draw.o(.data)
    cc_cur_gear_option_pool                  0x20000d04   Data          72  gui_draw.o(.data)
    ir_filtering_deep_option_pool            0x20000d4c   Data          72  gui_draw.o(.data)
    mor_sel_menu                             0x20000d94   Data          80  gui_draw.o(.data)
    fail_mode_pool                           0x20000de4   Data          24  gui_draw.o(.data)
    plc_signal_option_pool                   0x20000dfc   Data          72  gui_draw.o(.data)
    amp_type_option_pool                     0x20000e44   Data          48  gui_draw.o(.data)
    par_medium_option_pool                   0x20000e74   Data          48  gui_draw.o(.data)
    res_medium_option_pool                   0x20000ea4   Data          48  gui_draw.o(.data)
    cal_medium_option_pool                   0x20000ed4   Data          48  gui_draw.o(.data)
    menu_par                                 0x20000f04   Data        8320  gui_draw.o(.data)
    pmenu_data                               0x20002f8c   Data           4  gui_draw.o(.data)
    colon_x                                  0x20002f90   Data           4  gui_draw.o(.data)
    pxMBFrameCBByteReceived                  0x2000303c   Data           4  mb.o(.data)
    pxMBFrameCBTransmitterEmpty              0x20003040   Data           4  mb.o(.data)
    pxMBPortCBTimerExpired                   0x20003044   Data           4  mb.o(.data)
    pxMBFrameCBReceiveFSMCur                 0x20003048   Data           4  mb.o(.data)
    pxMBFrameCBTransmitFSMCur                0x2000304c   Data           4  mb.o(.data)
    usSDiscInStart                           0x20003062   Data           2  user_mb_app.o(.data)
    usSCoilStart                             0x20003064   Data           2  user_mb_app.o(.data)
    usSRegInStart                            0x20003066   Data           2  user_mb_app.o(.data)
    usSRegHoldStart                          0x20003068   Data           2  user_mb_app.o(.data)
    usMDiscInStart                           0x2000306a   Data           2  user_mb_app.o(.data)
    usMCoilStart                             0x2000306c   Data           2  user_mb_app.o(.data)
    usMRegInStart                            0x2000306e   Data           2  user_mb_app.o(.data)
    usMRegHoldStart                          0x20003070   Data           2  user_mb_app.o(.data)
    ucSDiscInBuf                             0x20003072   Data           1  user_mb_app.o(.data)
    ucSCoilBuf                               0x20003073   Data           1  user_mb_app.o(.data)
    usSRegInBuf                              0x20003074   Data           2  user_mb_app.o(.data)
    pxMBMasterFrameCBByteReceived            0x2000312c   Data           4  mb_m.o(.data)
    pxMBMasterFrameCBTransmitterEmpty        0x20003130   Data           4  mb_m.o(.data)
    pxMBMasterPortCBTimerExpired             0x20003134   Data           4  mb_m.o(.data)
    pxMBMasterFrameCBReceiveFSMCur           0x20003138   Data           4  mb_m.o(.data)
    pxMBMasterFrameCBTransmitFSMCur          0x2000313c   Data           4  mb_m.o(.data)
    GUI_DecChar                              0x20003148   Data           1  guicore.o(.data)
    GUI_pfTimerExec                          0x2000314c   Data           4  guicore.o(.data)
    WM_pfHandlePID                           0x20003150   Data           4  guicore.o(.data)
    GUI_pfDispCharStyle                      0x20003154   Data           4  guicore.o(.data)
    GUI_pLCD_APIList                         0x20003158   Data           4  guicore.o(.data)
    OS_TimeMS                                0x20003160   Data           4  gui_x.o(.data)
    dis_cur::n                               0x20003164   Data           1  calibration.o(.data__ZZ7dis_curE1n)
    type_spe                                 0x20003178   Data         116  cs99xx_type.o(.bss)
    g_custom_sys_par                         0x200031ec   Data          11  cs99xx_type.o(.bss)
    gUpdateTime                              0x200031f8   Data          20  app.o(.bss)
    MdbusQMsgTbl                             0x2000320c   Data          80  app.o(.bss)
    Startup_Task_STK                         0x2000325c   Data         800  app.o(.bss)
    Keyscan_Task_STK                         0x2000357c   Data         200  app.o(.bss)
    Sample_Task_STK                          0x20003644   Data         800  app.o(.bss)
    Modbus_Send_STK                          0x20003964   Data        1200  app.o(.bss)
    Modbus_M_Send_STK                        0x20003e14   Data        1200  app.o(.bss)
    Modbus_Master_Send_STK                   0x200042c4   Data        1200  app.o(.bss)
    Main_Task_STK                            0x20004774   Data        4096  app.o(.bss)
    ratio_acw                                0x20005858   Data         848  calibration.o(.bss)
    ratio_dcw                                0x20005ba8   Data         852  calibration.o(.bss)
    ratio_ir                                 0x20005efc   Data        2468  calibration.o(.bss)
    ratio_gr                                 0x200068a0   Data         236  calibration.o(.bss)
    ratio_bbd                                0x2000698c   Data         128  calibration.o(.bss)
    slither_ave_info                         0x20006a10   Data         264  cs99xx_collect.o(.bss)
    g_excep_t                                0x20006b18   Data          44  cs99xx_err_log.o(.bss)
    step_used_flag                           0x20006b44   Data          14  cs99xx_mem_api.o(.bss)
    cur_group_table                          0x20006b52   Data         198  cs99xx_mem_api.o(.bss)
    sys_flag                                 0x20006c24   Data          32  cs99xx_struct.o(.bss)
    test_group                               0x20006c44   Data         280  cs99xx_struct.o(.bss)
    list_99xx                                0x20006d5c   Data          12  cs99xx_struct.o(.bss)
    cs99xx_list                              0x20006d68   Data          12  cs99xx_struct.o(.bss)
    cs99xx_cache_list                        0x20006d74   Data          12  cs99xx_struct.o(.bss)
    cur_node                                 0x20006d80   Data          56  cs99xx_struct.o(.bss)
    file_table                               0x20006db8   Data         992  cs99xx_struct.o(.bss)
    steps_buf                                0x20007198   Data         280  cs99xx_struct.o(.bss)
    cur_result                               0x200072b0   Data          60  cs99xx_struct.o(.bss)
    result_buf                               0x200072ec   Data         240  cs99xx_struct.o(.bss)
    result_list_buf                          0x200073dc   Data         240  cs99xx_struct.o(.bss)
    on_chip_flash_page_buf                   0x200074cc   Data        2048  on_chip_flash_api.o(.bss)
    test_flag                                0x20007ccc   Data          76  serve_test.o(.bss)
    app_flag                                 0x20007d18   Data          32  serve_test.o(.bss)
    f_buf                                    0x20007d38   Data          48  serve_test.o(.bss)
    result_r_queue                           0x20007d68   Data          10  serve_test.o(.bss)
    output_buf                               0x20007d72   Data          10  serve_test.o(.bss)
    loop_buf                                 0x20007d7c   Data          10  serve_test.o(.bss)
    real_buf                                 0x20007d86   Data          10  serve_test.o(.bss)
    time_buf                                 0x20007d90   Data          10  serve_test.o(.bss)
    cal_info_un                              0x20007d9c   Data         128  auto_calibration.o(.bss)
    time_now                                 0x20007e60   Data          44  rtc_config.o(.bss)
    OSEventTbl                               0x2000871c   Data         640  os_core.o(.bss)
    OSTaskStatStk                            0x2000899c   Data         320  os_core.o(.bss)
    OSTaskIdleStk                            0x20008adc   Data         200  os_core.o(.bss)
    OSTCBPrioTbl                             0x20008ba4   Data         128  os_core.o(.bss)
    OSTCBTbl                                 0x20008c24   Data        1056  os_core.o(.bss)
    OSMemTbl                                 0x20009044   Data         180  os_core.o(.bss)
    OSQTbl                                   0x200090f8   Data          48  os_core.o(.bss)
    OSTmrTbl                                 0x20009128   Data         260  os_core.o(.bss)
    OSTmrTaskStk                             0x2000922c   Data         320  os_core.o(.bss)
    OSTmrWheelTbl                            0x2000936c   Data          40  os_core.o(.bss)
    plc_signal_list                          0x20009394   Data          12  gui_draw.o(.bss)
    cc_cur_gear_list                         0x200093a0   Data          12  gui_draw.o(.bss)
    amp_type_list                            0x200093ac   Data          12  gui_draw.o(.bss)
    par_medium_list                          0x200093b8   Data          12  gui_draw.o(.bss)
    res_medium_list                          0x200093c4   Data          12  gui_draw.o(.bss)
    cal_medium_list                          0x200093d0   Data          12  gui_draw.o(.bss)
    ir_filtering_deep_list                   0x200093dc   Data          12  gui_draw.o(.bss)
    g_cur_info                               0x200093e8   Data          24  gui_draw.o(.bss)
    g_cur_val                                0x20009400   Data          24  gui_draw.o(.bss)
    par_info_list                            0x20009418   Data          12  gui_draw.o(.bss)
    test_gui_area                            0x20009424   Data          96  gui_draw.o(.bss)
    test_ui_ele_set                          0x20009484   Data          72  gui_draw.o(.bss)
    send_queue                               0x200094cc   Data        4124  mb_master.o(.bss)
    ucRTUBuf                                 0x2000a508   Data         256  mbrtu.o(.bss)
    usSRegHoldBuf                            0x2000a608   Data         200  user_mb_app.o(.bss)
    ucMDiscInBuf                             0x2000a6d0   Data          16  user_mb_app.o(.bss)
    ucMCoilBuf                               0x2000a6e0   Data          16  user_mb_app.o(.bss)
    usMRegInBuf                              0x2000a6f0   Data          32  user_mb_app.o(.bss)
    usMRegHoldBuf                            0x2000a710   Data        3200  user_mb_app.o(.bss)
    dc_gr_master_info                        0x2000b590   Data        1024  dc_module.o(.bss)
    interface_info                           0x2000b990   Data          36  module.o(.bss)
    LCD_24064                                0x2000b9b4   Data        1922  lcd24064.o(.bss)
    GUI_Context                              0x2000c138   Data          56  guicore.o(.bss)
    LCD__aConvTable                          0x2000c188   Data         256  lcdcolor.o(.bss)
    __libspace_start                         0x2000c2b4   Data          96  libspace.o(.bss)
    __temporary_stack_top$libspace           0x2000c314   Data           0  libspace.o(.bss)



==============================================================================

Memory Map of the image

  Image Entry point : 0x08000131

  Load Region LR_IROM1 (Base: 0x08000000, Size: 0x0006401c, Max: 0x00080000, ABSOLUTE, COMPRESSED[0x00061c28])

    Execution Region ER_IROM1 (Base: 0x08000000, Size: 0x00060eb4, Max: 0x00080000, ABSOLUTE)

    Base Addr    Size         Type   Attr      Idx    E Section Name        Object

    0x08000000   0x00000130   Data   RO           19    RESET               startup_stm32f10x_hd.o
    0x08000130   0x00000008   Code   RO         3542  * !!!main             c_w.l(__main.o)
    0x08000138   0x00000034   Code   RO         3883    !!!scatter          c_w.l(__scatter.o)
    0x0800016c   0x0000005a   Code   RO         3881    !!dczerorl2         c_w.l(__dczerorl2.o)
    0x080001c6   0x00000002   PAD
    0x080001c8   0x0000001c   Code   RO         3885    !!handler_zi        c_w.l(__scatter_zi.o)
    0x080001e4   0x00000000   Code   RO         3508    .ARM.Collect$$_printf_percent$$00000000  c_w.l(_printf_percent.o)
    0x080001e4   0x00000006   Code   RO         3507    .ARM.Collect$$_printf_percent$$00000009  c_w.l(_printf_d.o)
    0x080001ea   0x00000006   Code   RO         3506    .ARM.Collect$$_printf_percent$$00000014  c_w.l(_printf_s.o)
    0x080001f0   0x00000004   Code   RO         3661    .ARM.Collect$$_printf_percent$$00000017  c_w.l(_printf_percent_end.o)
    0x080001f4   0x00000002   Code   RO         3753    .ARM.Collect$$libinit$$00000000  c_w.l(libinit.o)
    0x080001f6   0x00000000   Code   RO         3765    .ARM.Collect$$libinit$$00000002  c_w.l(libinit2.o)
    0x080001f6   0x00000000   Code   RO         3768    .ARM.Collect$$libinit$$00000008  c_w.l(libinit2.o)
    0x080001f6   0x00000000   Code   RO         3770    .ARM.Collect$$libinit$$0000000A  c_w.l(libinit2.o)
    0x080001f6   0x00000000   Code   RO         3772    .ARM.Collect$$libinit$$0000000C  c_w.l(libinit2.o)
    0x080001f6   0x00000000   Code   RO         3775    .ARM.Collect$$libinit$$0000000F  c_w.l(libinit2.o)
    0x080001f6   0x00000000   Code   RO         3777    .ARM.Collect$$libinit$$00000011  c_w.l(libinit2.o)
    0x080001f6   0x00000000   Code   RO         3779    .ARM.Collect$$libinit$$00000013  c_w.l(libinit2.o)
    0x080001f6   0x00000000   Code   RO         3781    .ARM.Collect$$libinit$$00000015  c_w.l(libinit2.o)
    0x080001f6   0x00000000   Code   RO         3783    .ARM.Collect$$libinit$$00000017  c_w.l(libinit2.o)
    0x080001f6   0x00000000   Code   RO         3785    .ARM.Collect$$libinit$$00000019  c_w.l(libinit2.o)
    0x080001f6   0x00000000   Code   RO         3787    .ARM.Collect$$libinit$$0000001B  c_w.l(libinit2.o)
    0x080001f6   0x00000000   Code   RO         3789    .ARM.Collect$$libinit$$0000001D  c_w.l(libinit2.o)
    0x080001f6   0x00000000   Code   RO         3791    .ARM.Collect$$libinit$$0000001F  c_w.l(libinit2.o)
    0x080001f6   0x00000000   Code   RO         3793    .ARM.Collect$$libinit$$00000021  c_w.l(libinit2.o)
    0x080001f6   0x00000000   Code   RO         3795    .ARM.Collect$$libinit$$00000023  c_w.l(libinit2.o)
    0x080001f6   0x00000000   Code   RO         3799    .ARM.Collect$$libinit$$0000002A  c_w.l(libinit2.o)
    0x080001f6   0x00000000   Code   RO         3801    .ARM.Collect$$libinit$$0000002C  c_w.l(libinit2.o)
    0x080001f6   0x00000000   Code   RO         3803    .ARM.Collect$$libinit$$0000002E  c_w.l(libinit2.o)
    0x080001f6   0x00000000   Code   RO         3805    .ARM.Collect$$libinit$$00000030  c_w.l(libinit2.o)
    0x080001f6   0x00000002   Code   RO         3806    .ARM.Collect$$libinit$$00000031  c_w.l(libinit2.o)
    0x080001f8   0x00000002   Code   RO         3839    .ARM.Collect$$libshutdown$$00000000  c_w.l(libshutdown.o)
    0x080001fa   0x00000000   Code   RO         3866    .ARM.Collect$$libshutdown$$00000003  c_w.l(libshutdown2.o)
    0x080001fa   0x00000000   Code   RO         3869    .ARM.Collect$$libshutdown$$00000006  c_w.l(libshutdown2.o)
    0x080001fa   0x00000000   Code   RO         3872    .ARM.Collect$$libshutdown$$00000009  c_w.l(libshutdown2.o)
    0x080001fa   0x00000000   Code   RO         3874    .ARM.Collect$$libshutdown$$0000000B  c_w.l(libshutdown2.o)
    0x080001fa   0x00000000   Code   RO         3877    .ARM.Collect$$libshutdown$$0000000E  c_w.l(libshutdown2.o)
    0x080001fa   0x00000002   Code   RO         3878    .ARM.Collect$$libshutdown$$0000000F  c_w.l(libshutdown2.o)
    0x080001fc   0x00000000   Code   RO         3646    .ARM.Collect$$rtentry$$00000000  c_w.l(rtentry.o)
    0x080001fc   0x00000000   Code   RO         3710    .ARM.Collect$$rtentry$$00000002  c_w.l(rtentry2.o)
    0x080001fc   0x00000006   Code   RO         3722    .ARM.Collect$$rtentry$$00000004  c_w.l(rtentry4.o)
    0x08000202   0x00000000   Code   RO         3712    .ARM.Collect$$rtentry$$00000009  c_w.l(rtentry2.o)
    0x08000202   0x00000004   Code   RO         3713    .ARM.Collect$$rtentry$$0000000A  c_w.l(rtentry2.o)
    0x08000206   0x00000000   Code   RO         3715    .ARM.Collect$$rtentry$$0000000C  c_w.l(rtentry2.o)
    0x08000206   0x00000008   Code   RO         3716    .ARM.Collect$$rtentry$$0000000D  c_w.l(rtentry2.o)
    0x0800020e   0x00000002   Code   RO         3756    .ARM.Collect$$rtexit$$00000000  c_w.l(rtexit.o)
    0x08000210   0x00000000   Code   RO         3812    .ARM.Collect$$rtexit$$00000002  c_w.l(rtexit2.o)
    0x08000210   0x00000004   Code   RO         3813    .ARM.Collect$$rtexit$$00000003  c_w.l(rtexit2.o)
    0x08000214   0x00000006   Code   RO         3814    .ARM.Collect$$rtexit$$00000004  c_w.l(rtexit2.o)
    0x0800021a   0x00000002   PAD
    0x0800021c   0x0000003c   Code   RO           20    .text               startup_stm32f10x_hd.o
    0x08000258   0x000001dc   Code   RO           24    .text               system_stm32f10x.o
    0x08000434   0x000000dc   Code   RO          121    .text               misc.o
    0x08000510   0x0000044e   Code   RO          137    .text               stm32f10x_adc.o
    0x0800095e   0x00000002   PAD
    0x08000960   0x000000c4   Code   RO          149    .text               stm32f10x_bkp.o
    0x08000a24   0x00000048   Code   RO          185    .text               stm32f10x_crc.o
    0x08000a6c   0x0000018c   Code   RO          197    .text               stm32f10x_dac.o
    0x08000bf8   0x0000011c   Code   RO          233    .text               stm32f10x_exti.o
    0x08000d14   0x000005bc   Code   RO          245    .text               stm32f10x_flash.o
    0x080012d0   0x00000618   Code   RO          257    .text               stm32f10x_fsmc.o
    0x080018e8   0x00000358   Code   RO          269    .text               stm32f10x_gpio.o
    0x08001c40   0x000000cc   Code   RO          305    .text               stm32f10x_pwr.o
    0x08001d0c   0x000003a4   Code   RO          317    .text               stm32f10x_rcc.o
    0x080020b0   0x00000144   Code   RO          331    .text               stm32f10x_rtc.o
    0x080021f4   0x00000e1a   Code   RO          367    .text               stm32f10x_tim.o
    0x0800300e   0x00000002   PAD
    0x08003010   0x00000408   Code   RO          379    .text               stm32f10x_usart.o
    0x08003418   0x00000080   Code   RO          403    .text               main.o
    0x08003498   0x000001c0   Code   RO          442    .text               stm32f10x_it.o
    0x08003658   0x00004034   Code   RO          513    .text               cs99xx_type.o
    0x0800768c   0x000008f0   Code   RO          571    .text               app.o
    0x08007f7c   0x00009288   Code   RO          685    .text               calibration.o
    0x08011204   0x0000044a   Code   RO          731    .text               cs99xx.o
    0x0801164e   0x00000002   PAD
    0x08011650   0x00000060   Code   RO          765    .text               cs99xx_buzzer.o
    0x080116b0   0x000017e4   Code   RO          784    .text               cs99xx_collect.o
    0x08012e94   0x00000c60   Code   RO          835    .text               cs99xx_eep_manage.o
    0x08013af4   0x000000b4   Code   RO          874    .text               cs99xx_err_log.o
    0x08013ba8   0x000005a0   Code   RO          903    .text               cs99xx_exception.o
    0x08014148   0x000008aa   Code   RO          927    .text               cs99xx_flash_manage.o
    0x080149f2   0x00000002   PAD
    0x080149f4   0x00000f7c   Code   RO          943    .text               cs99xx_interface.o
    0x08015970   0x000002f4   Code   RO          960    .text               cs99xx_ir_shift_gear.o
    0x08015c64   0x000001e0   Code   RO          982    .text               cs99xx_it.o
    0x08015e44   0x00000034   Code   RO          994    .text               cs99xx_led.o
    0x08015e78   0x000001a4   Code   RO         1024    .text               cs99xx_lock_key.o
    0x0801601c   0x00001d50   Code   RO         1036    .text               cs99xx_mem_api.o
    0x08017d6c   0x00003136   Code   RO         1070    .text               cs99xx_memory.o
    0x0801aea2   0x00000002   PAD
    0x0801aea4   0x00001300   Code   RO         1085    .text               cs99xx_offset.o
    0x0801c1a4   0x00000708   Code   RO         1101    .text               cs99xx_par_acw.o
    0x0801c8ac   0x00002cdc   Code   RO         1113    .text               cs99xx_par_com.o
    0x0801f588   0x00000594   Code   RO         1126    .text               cs99xx_par_dcw.o
    0x0801fb1c   0x00001800   Code   RO         1138    .text               cs99xx_par_gr.o
    0x0802131c   0x00000e48   Code   RO         1153    .text               cs99xx_parameter.o
    0x08022164   0x000001c8   Code   RO         1180    .text               cs99xx_plc.o
    0x0802232c   0x00000c9c   Code   RO         1192    .text               cs99xx_pw.o
    0x08022fc8   0x000018c0   Code   RO         1205    .text               cs99xx_relay_motion.o
    0x08024888   0x00003014   Code   RO         1231    .text               cs99xx_result.o
    0x0802789c   0x00001ef8   Code   RO         1253    .text               cs99xx_set_par_path.o
    0x08029794   0x000009c8   Code   RO         1265    .text               cs99xx_struct.o
    0x0802a15c   0x00000cdc   Code   RO         1289    .text               cs99xx_sys.o
    0x0802ae38   0x00000590   Code   RO         1301    .text               cs99xx_time.o
    0x0802b3c8   0x00000ca0   Code   RO         1314    .text               cs99xx_vref.o
    0x0802c068   0x00002070   Code   RO         1330    .text               general_test.o
    0x0802e0d8   0x00000c20   Code   RO         1345    .text               irq.o
    0x0802ecf8   0x000000e8   Code   RO         1358    .text               on_chip_flash_api.o
    0x0802ede0   0x000034bc   Code   RO         1376    .text               serve_test.o
    0x0803229c   0x00000988   Code   RO         1412    .text               md5.o
    0x08032c24   0x00000194   Code   RO         1438    .text               cs99xx_custom.o
    0x08032db8   0x00000e54   Code   RO         1450    .text               cs99xx_bbd.o
    0x08033c0c   0x00000108   Code   RO         1462    .text               auto_cal_comm.o
    0x08033d14   0x000008ac   Code   RO         1506    .text               auto_cal_server.o
    0x080345c0   0x00001f0c   Code   RO         1532    .text               auto_calibration.o
    0x080364cc   0x00000198   Code   RO         1560    .text               bsp_config.o
    0x08036664   0x00000110   Code   RO         1582    .text               stm32_fsmc.o
    0x08036774   0x000004c4   Code   RO         1594    .text               rtc_config.o
    0x08036c38   0x00000124   Code   RO         1613    .text               timer_config.o
    0x08036d5c   0x000000ac   Code   RO         1629    .text               stm32_gpio_config.o
    0x08036e08   0x00000c70   Code   RO         1641    .text               keyboard.o
    0x08037a78   0x00000518   Code   RO         1660    .text               i2c_ee.o
    0x08037f90   0x000002d0   Code   RO         1678    .text               mc14094.o
    0x08038260   0x00000234   Code   RO         1696    .text               dac_vref.o
    0x08038494   0x00000268   Code   RO         1714    .text               stm32_adc.o
    0x080386fc   0x0000037c   Code   RO         1732    .text               spi_cpld.o
    0x08038a78   0x000000b0   Code   RO         1769    .text               timer5_config.o
    0x08038b28   0x000007d8   Code   RO         1783    .text               spi_flash.o
    0x08039300   0x00000cfc   Code   RO         1824    .text               os_core.o
    0x08039ffc   0x000001fc   Code   RO         1856    .text               os_mem.o
    0x0803a1f8   0x00000628   Code   RO         1868    .text               os_mutex.o
    0x0803a820   0x000005fc   Code   RO         1880    .text               os_q.o
    0x0803ae1c   0x000003c0   Code   RO         1892    .text               os_sem.o
    0x0803b1dc   0x00000634   Code   RO         1904    .text               os_task.o
    0x0803b810   0x000001c4   Code   RO         1916    .text               os_time.o
    0x0803b9d4   0x000006c8   Code   RO         1928    .text               os_tmr.o
    0x0803c09c   0x000000a4   Code   RO         1940    .text               os_cpu_a.o
    0x0803c140   0x000000d4   Code   RO         1943    .text               os_cpu_c.o
    0x0803c214   0x00000114   Code   RO         1964    .text               os_dbg.o
    0x0803c328   0x000048d8   Code   RO         1979    .text               gui_draw.o
    0x08040c00   0x00002de8   Code   RO         2258    .text               cs99xx_for_comm.o
    0x080439e8   0x00000cc8   Code   RO         2271    .text               mb_interface.o
    0x080446b0   0x000001ac   Code   RO         2290    .text               mb_master.o
    0x0804485c   0x000006b0   Code   RO         2305    .text               mb_server.o
    0x08044f0c   0x000002e4   Code   RO         2320    .text               mb.o
    0x080451f0   0x000000d8   Code   RO         2360    .text               mbfuncholding.o
    0x080452c8   0x00000094   Code   RO         2378    .text               mbfuncother.o
    0x0804535c   0x000000ac   Code   RO         2393    .text               mbutils.o
    0x08045408   0x00000038   Code   RO         2405    .text               mbcrc.o
    0x08045440   0x0000027c   Code   RO         2419    .text               mbrtu.o
    0x080456bc   0x00000008   Code   RO         2438    .text               port.o
    0x080456c4   0x0000003c   Code   RO         2450    .text               portevent.o
    0x08045700   0x000001c4   Code   RO         2464    .text               portserial.o
    0x080458c4   0x00000108   Code   RO         2476    .text               porttimer.o
    0x080459cc   0x000003e8   Code   RO         2488    .text               user_mb_app.o
    0x08045db4   0x00000014   Code   RO         2516    .text               mbfuncfile_m.o
    0x08045dc8   0x00000162   Code   RO         2528    .text               mbfuncholding_m.o
    0x08045f2a   0x00000002   PAD
    0x08045f2c   0x00000308   Code   RO         2546    .text               mbrtu_m.o
    0x08046234   0x00000278   Code   RO         2561    .text               mb_m.o
    0x080464ac   0x0000003c   Code   RO         2580    .text               portevent_m.o
    0x080464e8   0x00000218   Code   RO         2594    .text               portserial_m.o
    0x08046700   0x000001bc   Code   RO         2606    .text               porttimer_m.o
    0x080468bc   0x00000a80   Code   RO         2620    .text               dc_module.o
    0x0804733c   0x00000184   Code   RO         2639    .text               dc_module_bridge.o
    0x080474c0   0x00000100   Code   RO         2661    .text               mb_dc_module.o
    0x080475c0   0x000004c8   Code   RO         2673    .text               module.o
    0x08047a88   0x000002dc   Code   RO         2695    .text               LCD24064.lib(lcd24064.o)
    0x08047d64   0x000006cc   Code   RO         2789    .text               LCD24064.lib(gui2dlib.o)
    0x08048430   0x00000028   Code   RO         2825    .text               LCD24064.lib(gui_dispchar.o)
    0x08048458   0x00000140   Code   RO         2837    .text               LCD24064.lib(gui_dispstring.o)
    0x08048598   0x00000020   Code   RO         2853    .text               LCD24064.lib(gui_dispstringat.o)
    0x080485b8   0x000000b8   Code   RO         2865    .text               LCD24064.lib(gui_drawbitmap.o)
    0x08048670   0x0000001c   Code   RO         2897    .text               LCD24064.lib(gui_fillrect.o)
    0x0804868c   0x00000058   Code   RO         2909    .text               LCD24064.lib(gui_goto.o)
    0x080486e4   0x00000010   Code   RO         2924    .text               LCD24064.lib(gui_setfont.o)
    0x080486f4   0x00000014   Code   RO         2936    .text               LCD24064.lib(gui_settextmode.o)
    0x08048708   0x00000180   Code   RO         2948    .text               LCD24064.lib(guicharp.o)
    0x08048888   0x000000c0   Code   RO         2960    .text               LCD24064.lib(guicore.o)
    0x08048948   0x000000b0   Code   RO         2980    .text               LCD24064.lib(guiencjs.o)
    0x080489f8   0x00000102   Code   RO         3006    .text               LCD24064.lib(guival.o)
    0x08048afa   0x00000002   PAD
    0x08048afc   0x00000198   Code   RO         3021    .text               LCD24064.lib(guivalf.o)
    0x08048c94   0x00000220   Code   RO         3037    .text               LCD24064.lib(lcd_drawbitmap_565.o)
    0x08048eb4   0x0000001c   Code   RO         3089    .text               LCD24064.lib(gui_adddecmin.o)
    0x08048ed0   0x000000f0   Code   RO         3101    .text               LCD24064.lib(gui_adddecshift.o)
    0x08048fc0   0x0000030c   Code   RO         3120    .text               LCD24064.lib(gui_fillpolygon.o)
    0x080492cc   0x0000003c   Code   RO         3135    .text               LCD24064.lib(gui_getcolor.o)
    0x08049308   0x00000018   Code   RO         3147    .text               LCD24064.lib(gui_setcolor.o)
    0x08049320   0x0000002c   Code   RO         3159    .text               LCD24064.lib(gui_setcolorindex.o)
    0x0804934c   0x00000010   Code   RO         3171    .text               LCD24064.lib(gui_setdrawmode.o)
    0x0804935c   0x000000d0   Code   RO         3183    .text               LCD24064.lib(gui_uc.o)
    0x0804942c   0x00000030   Code   RO         3195    .text               LCD24064.lib(gui_uc_encodenone.o)
    0x0804945c   0x000000b8   Code   RO         3214    .text               LCD24064.lib(guichar.o)
    0x08049514   0x00000128   Code   RO         3226    .text               LCD24064.lib(guicharline.o)
    0x0804963c   0x00000310   Code   RO         3238    .text               LCD24064.lib(guicirc.o)
    0x0804994c   0x00000440   Code   RO         3250    .text               LCD24064.lib(lcd.o)
    0x08049d8c   0x00000058   Code   RO         3269    .text               LCD24064.lib(lcd_drawvline.o)
    0x08049de4   0x00000010   Code   RO         3281    .text               LCD24064.lib(lcd_getcolorindex.o)
    0x08049df4   0x000000b8   Code   RO         3293    .text               LCD24064.lib(lcd_getex.o)
    0x08049eac   0x00000034   Code   RO         3305    .text               LCD24064.lib(lcd_l0_generic.o)
    0x08049ee0   0x00000070   Code   RO         3317    .text               LCD24064.lib(lcdcolor.o)
    0x08049f50   0x00000038   Code   RO         3336    .text               LCD24064.lib(lcdp565_index2color.o)
    0x08049f88   0x000005b8   Code   RO         3395    .text               LCD24064.lib(lcddummy.o)
    0x0804a540   0x00000030   Code   RO         3407    .text               LCD24064.lib(gui_x.o)
    0x0804a570   0x00000020   Code   RO         3422    .text               LCD24064.lib(lcdpm565.o)
    0x0804a590   0x0000003a   Code   RO         3434    .text               LCD24064.lib(gui_rectsintersect.o)
    0x0804a5ca   0x00000002   PAD
    0x0804a5cc   0x000001d8   Code   RO         3446    .text               LCD24064.lib(guicharm.o)
    0x0804a7a4   0x00000038   Code   RO         3458    .text               LCD24064.lib(lcdpm565_index2color.o)
    0x0804a7dc   0x000000ee   Code   RO         3472    .text               c_w.l(lludivv7m.o)
    0x0804a8ca   0x00000002   PAD
    0x0804a8cc   0x00000028   Code   RO         3476    .text               c_w.l(noretval__2sprintf.o)
    0x0804a8f4   0x00000052   Code   RO         3480    .text               c_w.l(_printf_pad.o)
    0x0804a946   0x00000052   Code   RO         3482    .text               c_w.l(_printf_str.o)
    0x0804a998   0x00000078   Code   RO         3484    .text               c_w.l(_printf_dec.o)
    0x0804aa10   0x0000013c   Code   RO         3498    .text               c_w.l(__printf_flags_wp.o)
    0x0804ab4c   0x00000024   Code   RO         3509    .text               c_w.l(strncat.o)
    0x0804ab70   0x00000058   Code   RO         3511    .text               c_w.l(memcmp.o)
    0x0804abc8   0x00000048   Code   RO         3513    .text               c_w.l(strcpy.o)
    0x0804ac10   0x0000003e   Code   RO         3515    .text               c_w.l(strlen.o)
    0x0804ac4e   0x00000096   Code   RO         3517    .text               c_w.l(strncmp.o)
    0x0804ace4   0x00000018   Code   RO         3519    .text               c_w.l(strcat.o)
    0x0804acfc   0x0000008a   Code   RO         3521    .text               c_w.l(rt_memcpy_v6.o)
    0x0804ad86   0x00000064   Code   RO         3523    .text               c_w.l(rt_memcpy_w.o)
    0x0804adea   0x00000010   Code   RO         3525    .text               c_w.l(aeabi_memset.o)
    0x0804adfa   0x00000044   Code   RO         3527    .text               c_w.l(rt_memclr.o)
    0x0804ae3e   0x0000004e   Code   RO         3529    .text               c_w.l(rt_memclr_w.o)
    0x0804ae8c   0x00000056   Code   RO         3531    .text               c_w.l(strncpy.o)
    0x0804aee2   0x00000002   PAD
    0x0804aee4   0x00000080   Code   RO         3533    .text               c_w.l(strcmpv7m.o)
    0x0804af64   0x0000000c   Code   RO         3535    .text               c_w.l(localtime.o)
    0x0804af70   0x000001a4   Code   RO         3538    .text               c_w.l(mktime.o)
    0x0804b114   0x00000006   Code   RO         3540    .text               c_w.l(heapauxi.o)
    0x0804b11a   0x00000016   Code   RO         3651    .text               c_w.l(_rserrno.o)
    0x0804b130   0x000000b8   Code   RO         3653    .text               c_w.l(_printf_intcommon.o)
    0x0804b1e8   0x00000030   Code   RO         3655    .text               c_w.l(_printf_char_common.o)
    0x0804b218   0x0000000a   Code   RO         3657    .text               c_w.l(_sputc.o)
    0x0804b222   0x0000002c   Code   RO         3659    .text               c_w.l(_printf_char.o)
    0x0804b24e   0x00000002   PAD
    0x0804b250   0x000000a4   Code   RO         3663    .text               c_w.l(localtime_internal.o)
    0x0804b2f4   0x00000008   Code   RO         3729    .text               c_w.l(rt_errno_addr_intlibspace.o)
    0x0804b2fc   0x00000008   Code   RO         3737    .text               c_w.l(libspace.o)
    0x0804b304   0x0000004a   Code   RO         3740    .text               c_w.l(sys_stackheap_outer.o)
    0x0804b34e   0x0000000c   Code   RO         3742    .text               c_w.l(exit.o)
    0x0804b35a   0x00000002   PAD
    0x0804b35c   0x0000000c   Code   RO         3809    .text               c_w.l(sys_exit.o)
    0x0804b368   0x00000002   Code   RO         3828    .text               c_w.l(use_no_semi.o)
    0x0804b36a   0x00000000   Code   RO         3830    .text               c_w.l(indicate_semi.o)
    0x0804b36a   0x00000028   Code   RO         3685    i.__ARM_fpclassify  m_ws.l(fpclassify.o)
    0x0804b392   0x00000014   Code   RO         1390    i.__ARM_isinff      serve_test.o
    0x0804b3a6   0x0000000e   Code   RO         1395    i.__ARM_isnanf      serve_test.o
    0x0804b3b4   0x00000388   Code   RO         3690    i.__ieee754_rem_pio2  m_ws.l(rred.o)
    0x0804b73c   0x000000fc   Code   RO         3680    i.__kernel_cos      m_ws.l(cos_i.o)
    0x0804b838   0x000000aa   Code   RO         3687    i.__kernel_poly     m_ws.l(poly.o)
    0x0804b8e2   0x00000002   PAD
    0x0804b8e4   0x000000ec   Code   RO         3695    i.__kernel_sin      m_ws.l(sin_i.o)
    0x0804b9d0   0x00000010   Code   RO         3683    i.__mathlib_dbl_underflow  m_ws.l(dunder.o)
    0x0804b9e0   0x0000000e   Code   RO         3496    i._is_digit         c_w.l(__printf_wp.o)
    0x0804b9ee   0x00000002   PAD
    0x0804b9f0   0x000000ac   Code   RO         3617    i.cos               m_ws.l(cos.o)
    0x0804ba9c   0x000007c4   Code   RO          700    i.dis_cur           calibration.o
    0x0804c260   0x000000dc   Code   RO         3625    i.floor             m_ws.l(floor.o)
    0x0804c33c   0x000009e0   Code   RO         3629    i.pow               m_ws.l(pow.o)
    0x0804cd1c   0x000000b0   Code   RO         3639    i.sin               m_ws.l(sin.o)
    0x0804cdcc   0x0000004c   Code   RO         3702    i.sqrt              m_ws.l(sqrt.o)
    0x0804ce18   0x00000062   Code   RO         3544    x$fpl$d2f           fz_ws.l(d2f.o)
    0x0804ce7a   0x00000002   PAD
    0x0804ce7c   0x00000150   Code   RO         3546    x$fpl$dadd          fz_ws.l(daddsub_clz.o)
    0x0804cfcc   0x00000010   Code   RO         3733    x$fpl$dcheck1       fz_ws.l(dcheck1.o)
    0x0804cfdc   0x00000018   Code   RO         3665    x$fpl$dcmpinf       fz_ws.l(dcmpi.o)
    0x0804cff4   0x000002b0   Code   RO         3553    x$fpl$ddiv          fz_ws.l(ddiv.o)
    0x0804d2a4   0x0000005e   Code   RO         3556    x$fpl$dfix          fz_ws.l(dfix.o)
    0x0804d302   0x00000002   PAD
    0x0804d304   0x0000005a   Code   RO         3560    x$fpl$dfixu         fz_ws.l(dfixu.o)
    0x0804d35e   0x0000002e   Code   RO         3565    x$fpl$dflt          fz_ws.l(dflt_clz.o)
    0x0804d38c   0x00000026   Code   RO         3564    x$fpl$dfltu         fz_ws.l(dflt_clz.o)
    0x0804d3b2   0x00000002   PAD
    0x0804d3b4   0x00000078   Code   RO         3570    x$fpl$dleqf         fz_ws.l(dleqf.o)
    0x0804d42c   0x00000154   Code   RO         3572    x$fpl$dmul          fz_ws.l(dmul.o)
    0x0804d580   0x0000009c   Code   RO         3667    x$fpl$dnaninf       fz_ws.l(dnaninf.o)
    0x0804d61c   0x0000000c   Code   RO         3669    x$fpl$dretinf       fz_ws.l(dretinf.o)
    0x0804d628   0x0000006c   Code   RO         3574    x$fpl$drleqf        fz_ws.l(drleqf.o)
    0x0804d694   0x00000016   Code   RO         3547    x$fpl$drsb          fz_ws.l(daddsub_clz.o)
    0x0804d6aa   0x00000002   PAD
    0x0804d6ac   0x000001cc   Code   RO         3735    x$fpl$dsqrt         fz_ws.l(dsqrt_noumaal.o)
    0x0804d878   0x000001d4   Code   RO         3548    x$fpl$dsub          fz_ws.l(daddsub_clz.o)
    0x0804da4c   0x00000056   Code   RO         3576    x$fpl$f2d           fz_ws.l(f2d.o)
    0x0804daa2   0x00000002   PAD
    0x0804daa4   0x000000c4   Code   RO         3578    x$fpl$fadd          fz_ws.l(faddsub_clz.o)
    0x0804db68   0x00000018   Code   RO         3671    x$fpl$fcmpinf       fz_ws.l(fcmpi.o)
    0x0804db80   0x00000184   Code   RO         3585    x$fpl$fdiv          fz_ws.l(fdiv.o)
    0x0804dd04   0x00000068   Code   RO         3588    x$fpl$feqf          fz_ws.l(feqf.o)
    0x0804dd6c   0x00000036   Code   RO         3590    x$fpl$ffix          fz_ws.l(ffix.o)
    0x0804dda2   0x00000002   PAD
    0x0804dda4   0x0000003e   Code   RO         3594    x$fpl$ffixu         fz_ws.l(ffixu.o)
    0x0804dde2   0x00000002   PAD
    0x0804dde4   0x00000030   Code   RO         3603    x$fpl$fflt          fz_ws.l(fflt_clz.o)
    0x0804de14   0x00000060   Code   RO         3608    x$fpl$ffltll        fz_ws.l(ffltll_clz.o)
    0x0804de74   0x00000026   Code   RO         3602    x$fpl$ffltu         fz_ws.l(fflt_clz.o)
    0x0804de9a   0x00000002   PAD
    0x0804de9c   0x00000068   Code   RO         3610    x$fpl$fleqf         fz_ws.l(fleqf.o)
    0x0804df04   0x00000102   Code   RO         3612    x$fpl$fmul          fz_ws.l(fmul.o)
    0x0804e006   0x0000008c   Code   RO         3673    x$fpl$fnaninf       fz_ws.l(fnaninf.o)
    0x0804e092   0x0000000a   Code   RO         3675    x$fpl$fretinf       fz_ws.l(fretinf.o)
    0x0804e09c   0x00000062   Code   RO         3614    x$fpl$frleqf        fz_ws.l(frleqf.o)
    0x0804e0fe   0x00000014   Code   RO         3579    x$fpl$frsb          fz_ws.l(faddsub_clz.o)
    0x0804e112   0x00000002   PAD
    0x0804e114   0x000000ea   Code   RO         3580    x$fpl$fsub          fz_ws.l(faddsub_clz.o)
    0x0804e1fe   0x00000002   PAD
    0x0804e200   0x0000005c   Code   RO         3598    x$fpl$llufromf      fz_ws.l(ffixull.o)
    0x0804e25c   0x00000064   Code   RO         3754    x$fpl$retnan        fz_ws.l(retnan.o)
    0x0804e2c0   0x0000005c   Code   RO         3677    x$fpl$scalbn        fz_ws.l(scalbn.o)
    0x0804e31c   0x00000030   Code   RO         3807    x$fpl$trapveneer    fz_ws.l(trapv.o)
    0x0804e34c   0x00000000   Code   RO         3679    x$fpl$usenofp       fz_ws.l(usenofp.o)
    0x0804e34c   0x00000068   Data   RO          516    .constdata          cs99xx_type.o
    0x0804e3b4   0x000000f8   Data   RO          836    .constdata          cs99xx_eep_manage.o
    0x0804e4ac   0x00000019   Data   RO          928    .constdata          cs99xx_flash_manage.o
    0x0804e4c5   0x00000003   PAD
    0x0804e4c8   0x00000068   Data   RO          944    .constdata          cs99xx_interface.o
    0x0804e530   0x00000091   Data   RO         1038    .constdata          cs99xx_mem_api.o
    0x0804e5c1   0x00000003   PAD
    0x0804e5c4   0x00000138   Data   RO         1072    .constdata          cs99xx_memory.o
    0x0804e6fc   0x00000068   Data   RO         1114    .constdata          cs99xx_par_com.o
    0x0804e764   0x000001a0   Data   RO         1193    .constdata          cs99xx_pw.o
    0x0804e904   0x00000014   Data   RO         1206    .constdata          cs99xx_relay_motion.o
    0x0804e918   0x000000b8   Data   RO         1232    .constdata          cs99xx_result.o
    0x0804e9d0   0x00000050   Data   RO         1315    .constdata          cs99xx_vref.o
    0x0804ea20   0x00000014   Data   RO         1378    .constdata          serve_test.o
    0x0804ea34   0x0000000c   Data   RO         2981    .constdata          LCD24064.lib(guiencjs.o)
    0x0804ea40   0x00000008   Data   RO         3038    .constdata          LCD24064.lib(lcd_drawbitmap_565.o)
    0x0804ea48   0x000006c0   Data   RO          514    .ARM.__AT_0x0804EA48  cs99xx_type.o
    0x0804f108   0x0000395c   Data   RO          687    .constdata          calibration.o
    0x08052a64   0x00001080   Data   RO          961    .constdata          cs99xx_ir_shift_gear.o
    0x08053ae4   0x00000100   Data   RO         1267    .constdata          cs99xx_struct.o
    0x08053be4   0x00000270   Data   RO         1302    .constdata          cs99xx_time.o
    0x08053e54   0x000000b4   Data   RO         1534    .constdata          auto_calibration.o
    0x08053f08   0x00000100   Data   RO         1826    .constdata          os_core.o
    0x08054008   0x0000005e   Data   RO         1965    .constdata          os_dbg.o
    0x08054066   0x00000002   PAD
    0x08054068   0x00000028   Data   RO         1981    .constdata          gui_draw.o
    0x08054090   0x00004740   Data   RO         2002    .constdata          simsun_12.o
    0x080587d0   0x000006c4   Data   RO         2023    .constdata          simsun_13.o
    0x08058e94   0x00000b88   Data   RO         2036    .constdata          simsun_15.o
    0x08059a1c   0x000017dc   Data   RO         2045    .constdata          simsun_16.o
    0x0805b1f8   0x00000320   Data   RO         2054    .constdata          garamond_16.o
    0x0805b518   0x000005cc   Data   RO         2063    .constdata          fangzhengxingkai_24.o
    0x0805bae4   0x000001cc   Data   RO         2072    .constdata          ms_sans_serif_24.o
    0x0805bcb0   0x0000070c   Data   RO         2081    .constdata          simsunf_15.o
    0x0805c3bc   0x00000034   Data   RO         2090    .constdata          16bit.o
    0x0805c3f0   0x000000b4   Data   RO         2102    .constdata          allwin.o
    0x0805c4a4   0x00000030   Data   RO         2111    .constdata          arrow.o
    0x0805c4d4   0x000000a0   Data   RO         2120    .constdata          arrow_right.o
    0x0805c574   0x0000004c   Data   RO         2129    .constdata          back.o
    0x0805c5c0   0x00000030   Data   RO         2138    .constdata          circle.o
    0x0805c5f0   0x00000030   Data   RO         2147    .constdata          circle_.o
    0x0805c620   0x00000030   Data   RO         2156    .constdata          colon.o
    0x0805c650   0x0000004c   Data   RO         2165    .constdata          del.o
    0x0805c69c   0x0000003c   Data   RO         2174    .constdata          down.o
    0x0805c6d8   0x0000002c   Data   RO         2183    .constdata          index.o
    0x0805c704   0x00000050   Data   RO         2192    .constdata          leftshift.o
    0x0805c754   0x0000006c   Data   RO         2201    .constdata          logo.o
    0x0805c7c0   0x00000050   Data   RO         2222    .constdata          rightshift.o
    0x0805c810   0x0000004c   Data   RO         2231    .constdata          shortcut.o
    0x0805c85c   0x0000003c   Data   RO         2240    .constdata          up.o
    0x0805c898   0x00000068   Data   RO         2249    .constdata          warning.o
    0x0805c900   0x00000028   Data   RO         2259    .constdata          cs99xx_for_comm.o
    0x0805c928   0x00000200   Data   RO         2406    .constdata          mbcrc.o
    0x0805cb28   0x00000a77   Data   RO         2697    .constdata          LCD24064.lib(lcd24064.o)
    0x0805d59f   0x00000001   PAD
    0x0805d5a0   0x00000044   Data   RO         2790    .constdata          LCD24064.lib(gui2dlib.o)
    0x0805d5e4   0x00000720   Data   RO         3059    .constdata          LCD24064.lib(f10_1.o)
    0x0805dd04   0x00000868   Data   RO         3076    .constdata          LCD24064.lib(f13_1.o)
    0x0805e56c   0x00000028   Data   RO         3102    .constdata          LCD24064.lib(gui_adddecshift.o)
    0x0805e594   0x00000010   Data   RO         3196    .constdata          LCD24064.lib(gui_uc_encodenone.o)
    0x0805e5a4   0x00000734   Data   RO         3348    .constdata          LCD24064.lib(f6x8.o)
    0x0805ecd8   0x0000070c   Data   RO         3361    .constdata          LCD24064.lib(f10_ascii.o)
    0x0805f3e4   0x00000820   Data   RO         3378    .constdata          LCD24064.lib(f13_ascii.o)
    0x0805fc04   0x00000011   Data   RO         3499    .constdata          c_w.l(__printf_flags_wp.o)
    0x0805fc15   0x00000003   PAD
    0x0805fc18   0x00000088   Data   RO         3630    .constdata          m_ws.l(pow.o)
    0x0805fca0   0x0000000c   Data   RO         3662    .constdata          c_w.l(_monlen.o)
    0x0805fcac   0x00000004   PAD
    0x0805fcb0   0x00000030   Data   RO         3681    .constdata          m_ws.l(cos_i.o)
    0x0805fce0   0x00000008   Data   RO         3689    .constdata          m_ws.l(qnan.o)
    0x0805fce8   0x000000c8   Data   RO         3692    .constdata          m_ws.l(rred.o)
    0x0805fdb0   0x00000028   Data   RO         3696    .constdata          m_ws.l(sin_i.o)
    0x0805fdd8   0x000002c3   Data   RO          688    .conststring        calibration.o
    0x0806009b   0x0000005a   Data   RO          945    .conststring        cs99xx_interface.o
    0x080600f5   0x00000100   Data   RO         1154    .conststring        cs99xx_parameter.o
    0x080601f5   0x0000000f   Data   RO         1233    .conststring        cs99xx_result.o
    0x08060204   0x0000001a   Data   RO         1507    .conststring        auto_cal_server.o
    0x0806021e   0x0000087d   Data   RO         1982    .conststring        gui_draw.o
    0x08060a9b   0x000003f9   Data   RO          517    .conststrlit        cs99xx_type.o
    0x08060e94   0x00000020   Data   RO         3879    Region$$Table       anon$$obj.o


    Execution Region RW_IRAM1 (Base: 0x20000000, Size: 0x0000c718, Max: 0x00010000, ABSOLUTE, COMPRESSED[0x00000d74])

    Base Addr    Size         Type   Attr      Idx    E Section Name        Object

    0x20000000   0x00000014   Data   RW           25    .data               system_stm32f10x.o
    0x20000014   0x00000014   Data   RW          318    .data               stm32f10x_rcc.o
    0x20000028   0x00000004   Data   RW          443    .data               stm32f10x_it.o
    0x2000002c   0x00000004   Data   RW          518    .data               cs99xx_type.o
    0x20000030   0x0000003c   Data   RW          573    .data               app.o
    0x2000006c   0x000002c2   Data   RW          689    .data               calibration.o
    0x2000032e   0x00000002   PAD
    0x20000330   0x00000004   Data   RW          766    .data               cs99xx_buzzer.o
    0x20000334   0x00000008   Data   RW          786    .data               cs99xx_collect.o
    0x2000033c   0x00000001   Data   RW          929    .data               cs99xx_flash_manage.o
    0x2000033d   0x00000003   PAD
    0x20000340   0x00000050   Data   RW          946    .data               cs99xx_interface.o
    0x20000390   0x00000004   Data   RW          962    .data               cs99xx_ir_shift_gear.o
    0x20000394   0x00000005   Data   RW         1073    .data               cs99xx_memory.o
    0x20000399   0x00000003   PAD
    0x2000039c   0x00000460   Data   RW         1155    .data               cs99xx_parameter.o
    0x200007fc   0x00000098   Data   RW         1268    .data               cs99xx_struct.o
    0x20000894   0x00000006   Data   RW         1346    .data               irq.o
    0x2000089a   0x00000002   PAD
    0x2000089c   0x00000124   Data   RW         1379    .data               serve_test.o
    0x200009c0   0x00000040   Data   RW         1414    .data               md5.o
    0x20000a00   0x00000034   Data   RW         1508    .data               auto_cal_server.o
    0x20000a34   0x00000020   Data   RW         1535    .data               auto_calibration.o
    0x20000a54   0x00000004   Data   RW         1596    .data               rtc_config.o
    0x20000a58   0x00000004   Data   RW         1614    .data               timer_config.o
    0x20000a5c   0x00000002   Data   RW         1643    .data               keyboard.o
    0x20000a5e   0x00000002   Data   RW         1661    .data               i2c_ee.o
    0x20000a60   0x00000008   Data   RW         1679    .data               mc14094.o
    0x20000a68   0x00000010   Data   RW         1697    .data               dac_vref.o
    0x20000a78   0x00000002   Data   RW         1733    .data               spi_cpld.o
    0x20000a7a   0x00000002   PAD
    0x20000a7c   0x00000004   Data   RW         1770    .data               timer5_config.o
    0x20000a80   0x00000001   Data   RW         1785    .data               spi_flash.o
    0x20000a81   0x00000003   PAD
    0x20000a84   0x00000058   Data   RW         1827    .data               os_core.o
    0x20000adc   0x00000002   Data   RW         1944    .data               os_cpu_c.o
    0x20000ade   0x00000002   PAD
    0x20000ae0   0x000024b4   Data   RW         1983    .data               gui_draw.o
    0x20002f94   0x00000004   Data   RW         2272    .data               mb_interface.o
    0x20002f98   0x000000b8   Data   RW         2321    .data               mb.o
    0x20003050   0x00000002   Data   RW         2380    .data               mbfuncother.o
    0x20003052   0x00000002   PAD
    0x20003054   0x0000000c   Data   RW         2421    .data               mbrtu.o
    0x20003060   0x00000002   Data   RW         2451    .data               portevent.o
    0x20003062   0x00000014   Data   RW         2490    .data               user_mb_app.o
    0x20003076   0x00000002   PAD
    0x20003078   0x0000000d   Data   RW         2548    .data               mbrtu_m.o
    0x20003085   0x00000003   PAD
    0x20003088   0x000000b8   Data   RW         2562    .data               mb_m.o
    0x20003140   0x00000002   Data   RW         2581    .data               portevent_m.o
    0x20003142   0x00000004   Data   RW         2607    .data               porttimer_m.o
    0x20003146   0x00000001   Data   RW         2622    .data               dc_module.o
    0x20003147   0x00000001   Data   RW         2698    .data               LCD24064.lib(lcd24064.o)
    0x20003148   0x00000014   Data   RW         2962    .data               LCD24064.lib(guicore.o)
    0x2000315c   0x00000004   Data   RW         3122    .data               LCD24064.lib(gui_fillpolygon.o)
    0x20003160   0x00000004   Data   RW         3408    .data               LCD24064.lib(gui_x.o)
    0x20003164   0x00000001   Data   RW          706    .data__ZZ7dis_curE1n  calibration.o
    0x20003165   0x00000003   PAD
    0x20003168   0x0000008f   Zero   RW          515    .bss                cs99xx_type.o
    0x200031f7   0x00000001   PAD
    0x200031f8   0x0000257c   Zero   RW          572    .bss                app.o
    0x20005774   0x00001298   Zero   RW          686    .bss                calibration.o
    0x20006a0c   0x00000004   PAD
    0x20006a10   0x00000108   Zero   RW          785    .bss                cs99xx_collect.o
    0x20006b18   0x0000002c   Zero   RW          875    .bss                cs99xx_err_log.o
    0x20006b44   0x000000d4   Zero   RW         1037    .bss                cs99xx_mem_api.o
    0x20006c18   0x0000000a   Zero   RW         1071    .bss                cs99xx_memory.o
    0x20006c22   0x00000002   PAD
    0x20006c24   0x000008a8   Zero   RW         1266    .bss                cs99xx_struct.o
    0x200074cc   0x00000800   Zero   RW         1359    .bss                on_chip_flash_api.o
    0x20007ccc   0x000000ce   Zero   RW         1377    .bss                serve_test.o
    0x20007d9a   0x00000002   PAD
    0x20007d9c   0x00000080   Zero   RW         1533    .bss                auto_calibration.o
    0x20007e1c   0x00000070   Zero   RW         1595    .bss                rtc_config.o
    0x20007e8c   0x00000244   Zero   RW         1642    .bss                keyboard.o
    0x200080d0   0x0000064c   Zero   RW         1784    .bss                spi_flash.o
    0x2000871c   0x00000c78   Zero   RW         1825    .bss                os_core.o
    0x20009394   0x00000138   Zero   RW         1980    .bss                gui_draw.o
    0x200094cc   0x0000101c   Zero   RW         2291    .bss                mb_master.o
    0x2000a4e8   0x00000020   Zero   RW         2379    .bss                mbfuncother.o
    0x2000a508   0x00000100   Zero   RW         2420    .bss                mbrtu.o
    0x2000a608   0x00000d88   Zero   RW         2489    .bss                user_mb_app.o
    0x2000b390   0x000001fd   Zero   RW         2547    .bss                mbrtu_m.o
    0x2000b58d   0x00000003   PAD
    0x2000b590   0x00000400   Zero   RW         2621    .bss                dc_module.o
    0x2000b990   0x00000024   Zero   RW         2674    .bss                module.o
    0x2000b9b4   0x00000782   Zero   RW         2696    .bss                LCD24064.lib(lcd24064.o)
    0x2000c136   0x00000002   PAD
    0x2000c138   0x00000038   Zero   RW         2961    .bss                LCD24064.lib(guicore.o)
    0x2000c170   0x00000018   Zero   RW         3121    .bss                LCD24064.lib(gui_fillpolygon.o)
    0x2000c188   0x00000100   Zero   RW         3318    .bss                LCD24064.lib(lcdcolor.o)
    0x2000c288   0x0000002c   Zero   RW         3536    .bss                c_w.l(localtime.o)
    0x2000c2b4   0x00000060   Zero   RW         3738    .bss                c_w.l(libspace.o)
    0x2000c314   0x00000004   PAD
    0x2000c318   0x00000000   Zero   RW           18    HEAP                startup_stm32f10x_hd.o
    0x2000c318   0x00000400   Zero   RW           17    STACK               startup_stm32f10x_hd.o


==============================================================================

Image component sizes


      Code (inc. data)   RO Data    RW Data    ZI Data      Debug   Object Name

         0          0         52          0          0        594   16bit.o
         0          0        180          0          0        599   allwin.o
      2288        214          0         60       9596      22296   app.o
         0          0         48          0          0        594   arrow.o
         0          0        160          0          0        568   arrow_right.o
       264         42          0          0          0       2484   auto_cal_comm.o
      2220         98         26         52          0       8895   auto_cal_server.o
      7948        506        180         32        128      14993   auto_calibration.o
         0          0         76          0          0        581   back.o
       408         18          0          0          0      17493   bsp_config.o
     39500       2686      15391        707       4760      45419   calibration.o
         0          0         48          0          0        599   circle.o
         0          0         48          0          0        604   circle_.o
         0          0         48          0          0        594   colon.o
         0          0          0          0          0       4244   core_cm3.o
      1098         52          0          0          0       2799   cs99xx.o
      3668        526          0          0          0       4177   cs99xx_bbd.o
        96         16          0          4          0        562   cs99xx_buzzer.o
      6116        624          0          8        264       6874   cs99xx_collect.o
       404         32          0          0          0       1345   cs99xx_custom.o
      3168        398        248          0          0      20063   cs99xx_eep_manage.o
       180          8          0          0         44       2165   cs99xx_err_log.o
      1440        176          0          0          0       2913   cs99xx_exception.o
      2218        140         25          1          0       9378   cs99xx_flash_manage.o
     11752        794         40          0          0      35824   cs99xx_for_comm.o
      3964        738        194         80          0       4324   cs99xx_interface.o
       756         86       4224          4          0       3108   cs99xx_ir_shift_gear.o
       480         38          0          0          0       1329   cs99xx_it.o
        52          8          0          0          0        422   cs99xx_led.o
       420         32          0          0          0       1383   cs99xx_lock_key.o
      7504        678        145          0        212      18876   cs99xx_mem_api.o
     12598       1294        312          5         10      14149   cs99xx_memory.o
      4864       1518          0          0          0       4671   cs99xx_offset.o
      1800         72          0          0          0       2069   cs99xx_par_acw.o
     11484        784        104          0          0      13014   cs99xx_par_com.o
      1428         68          0          0          0       1874   cs99xx_par_dcw.o
      6144        538          0          0          0       6049   cs99xx_par_gr.o
      3656        354        256       1120          0       7413   cs99xx_parameter.o
       456         40          0          0          0        934   cs99xx_plc.o
      3228        314        416          0          0       3811   cs99xx_pw.o
      6336        474         20          0          0      10880   cs99xx_relay_motion.o
     12308       1250        199          0          0      16895   cs99xx_result.o
      7928        442          0          0          0      15768   cs99xx_set_par_path.o
      2504        136        256        152       2216      14926   cs99xx_struct.o
      3292        182          0          0          0       4433   cs99xx_sys.o
      1424         74        624          0          0       2563   cs99xx_time.o
     16436        610       2849          4        143      55890   cs99xx_type.o
      3232        270         80          0          0       3415   cs99xx_vref.o
       564         36          0         16          0       2128   dac_vref.o
      2688        100          0          1       1024      10762   dc_module.o
       388          8          0          0          0       2826   dc_module_bridge.o
         0          0         76          0          0        572   del.o
         0          0         60          0          0        581   down.o
         0          0       1484          0          0       2732   fangzhengxingkai_24.o
         0          0        800          0          0       2861   garamond_16.o
      8304        772          0          0          0      10384   general_test.o
     18648       3842       2213       9396        312      39364   gui_draw.o
      1304         22          0          2          0       5058   i2c_ee.o
         0          0         44          0          0        594   index.o
      3104        244          0          6          0       4201   irq.o
      3184        414          0          2        580       9898   keyboard.o
         0          0         80          0          0        626   leftshift.o
         0          0        108          0          0        581   logo.o
       128         36          0          0          0      17856   main.o
       740         92          0        184          0       4337   mb.o
       256         10          0          0          0       3657   mb_dc_module.o
      3272         98          0          4          0      27078   mb_interface.o
       632        106          0        184          0       5176   mb_m.o
       428         16          0          0       4124       2041   mb_master.o
      1712        148          0          0          0       2480   mb_server.o
        56          8        512          0          0       1064   mbcrc.o
        20          0          0          0          0       1864   mbfuncfile_m.o
       216          0          0          0          0       2554   mbfuncholding.o
       354          0          0          0          0       3725   mbfuncholding_m.o
       148          8          0          2         32       1613   mbfuncother.o
       636         28          0         12        256       3497   mbrtu.o
       776         46          0         13        509       4795   mbrtu_m.o
       172          0          0          0          0       1770   mbutils.o
       720         26          0          8          0       5098   mc14094.o
      2440        274          0         64          0       4215   md5.o
       220         20          0          0          0       1805   misc.o
      1224         56          0          0         36       3629   module.o
         0          0        460          0          0       1354   ms_sans_serif_24.o
       232         10          0          0       2048       2056   on_chip_flash_api.o
      3324        264        256         88       3192      19693   os_core.o
       164         32          0          0          0        268   os_cpu_a.o
       212          6          0          2          0      12431   os_cpu_c.o
       276        182         94          0          0       2741   os_dbg.o
       508         12          0          0          0       3024   os_mem.o
      1576         40          0          0          0       4370   os_mutex.o
      1532         32          0          0          0       5389   os_q.o
       960         18          0          0          0       3786   os_sem.o
      1588         62          0          0          0       5712   os_task.o
       452         24          0          0          0       1766   os_time.o
      1736        120          0          0          0       5661   os_tmr.o
         8          0          0          0          0        499   port.o
        60          8          0          2          0       1352   portevent.o
        60          8          0          2          0       1414   portevent_m.o
       452         20          0          0          0       2409   portserial.o
       536         24          0          0          0       2654   portserial_m.o
       264         12          0          0          0       1201   porttimer.o
       444         20          0          4          0       1868   porttimer_m.o
         0          0         80          0          0        631   rightshift.o
      1220        170          0          4        112       5301   rtc_config.o
     13534       1790         20        292        206      27261   serve_test.o
         0          0         76          0          0        613   shortcut.o
         0          0      18240          0          0      73757   simsun_12.o
         0          0       1732          0          0       6605   simsun_13.o
         0          0       2952          0          0       6611   simsun_15.o
         0          0       6108          0          0      13079   simsun_16.o
         0          0       1804          0          0       6476   simsunf_15.o
       892         28          0          2          0       4552   spi_cpld.o
      2008         70          0          1       1612       9605   spi_flash.o
        60         22        304          0       1024        768   startup_stm32f10x_hd.o
       616         28          0          0          0       2162   stm32_adc.o
       272         18          0          0          0        697   stm32_fsmc.o
       172         30          0          0          0        537   stm32_gpio_config.o
      1102         26          0          0          0      10841   stm32f10x_adc.o
       196          8          0          0          0       3468   stm32f10x_bkp.o
        72          4          0          0          0       1722   stm32f10x_crc.o
       396          6          0          0          0       3658   stm32f10x_dac.o
       284         10          0          0          0       2239   stm32f10x_exti.o
      1468         34          0          0          0       8038   stm32f10x_flash.o
      1560         54          0          0          0       5351   stm32f10x_fsmc.o
       856         40          0          0          0       5653   stm32f10x_gpio.o
       448         50          0          4          0      28409   stm32f10x_it.o
       204         16          0          0          0       1907   stm32f10x_pwr.o
       932         44          0         20          0       8788   stm32f10x_rcc.o
       324          4          0          0          0       2658   stm32f10x_rtc.o
      3610         88          0          0          0      22136   stm32f10x_tim.o
      1032         22          0          0          0       8376   stm32f10x_usart.o
       476         36          0         20          0     280291   system_stm32f10x.o
       176          8          0          4          0       1468   timer5_config.o
       292         16          0          4          0       1060   timer_config.o
         0          0         60          0          0        567   up.o
      1000         64          0         20       3464       4341   user_mb_app.o
         0          0        104          0          0        604   warning.o

    ----------------------------------------------------------------------
    294994      26320      63956      12619      35916    1246153   Object Totals
         0          0         32          0          0          0   (incl. Generated)
        12          0          8         27         12          0   (incl. Padding)

    ----------------------------------------------------------------------

      Code (inc. data)   RO Data    RW Data    ZI Data      Debug   Library Member Name

         0          0       1824          0          0       5911   f10_1.o
         0          0       1804          0          0       6527   f10_ascii.o
         0          0       2152          0          0       6120   f13_1.o
         0          0       2080          0          0       6663   f13_ascii.o
         0          0       1844          0          0       2038   f6x8.o
      1740         18         68          0          0      23062   gui2dlib.o
        28          0          0          0          0        552   gui_adddecmin.o
       240         10         40          0          0       2027   gui_adddecshift.o
        40          6          0          0          0        730   gui_dispchar.o
       320          4          0          0          0        913   gui_dispstring.o
        32          6          0          0          0        579   gui_dispstringat.o
       184          4          0          0          0       1355   gui_drawbitmap.o
       780         14          0          4         24       4213   gui_fillpolygon.o
        28          0          0          0          0        583   gui_fillrect.o
        60          0          0          0          0        940   gui_getcolor.o
        88          6          0          0          0       1185   gui_goto.o
        58          0          0          0          0        869   gui_rectsintersect.o
        24          0          0          0          0        622   gui_setcolor.o
        44          4          0          0          0        664   gui_setcolorindex.o
        16          0          0          0          0        510   gui_setdrawmode.o
        16          4          0          0          0        474   gui_setfont.o
        20          4          0          0          0        478   gui_settextmode.o
       208          6          0          0          0       2072   gui_uc.o
        48         10         16          0          0       1604   gui_uc_encodenone.o
        48          6          0          4          0       1382   gui_x.o
       184         10          0          0          0       1172   guichar.o
       296         12          0          0          0       2035   guicharline.o
       472          6          0          0          0       2073   guicharm.o
       384          4          0          0          0       2001   guicharp.o
       784          0          0          0          0       3542   guicirc.o
       192         16          0         20         56       4622   guicore.o
       176          0         12          0          0       6394   guiencjs.o
       258          0          0          0          0       2188   guival.o
       408         14          0          0          0       1942   guivalf.o
      1088         12          0          0          0       4572   lcd.o
       732         16       2679          1       1922     220250   lcd24064.o
       544          6          8          0          0       2579   lcd_drawbitmap_565.o
        88          4          0          0          0        584   lcd_drawvline.o
        16          4          0          0          0        556   lcd_getcolorindex.o
       184          0          0          0          0       3445   lcd_getex.o
        52          0          0          0          0       1091   lcd_l0_generic.o
       112          6          0          0        256       1686   lcdcolor.o
      1464         10          0          0          0       6426   lcddummy.o
        56          0          0          0          0        582   lcdp565_index2color.o
        32          0          0          0          0        745   lcdpm565.o
        56          0          0          0          0        587   lcdpm565_index2color.o
        90          0          0          0          0          0   __dczerorl2.o
         8          0          0          0          0         68   __main.o
       316          6         17          0          0         92   __printf_flags_wp.o
        14          0          0          0          0         68   __printf_wp.o
        52          8          0          0          0          0   __scatter.o
        28          0          0          0          0          0   __scatter_zi.o
         0          0         12          0          0          0   _monlen.o
        44          0          0          0          0        108   _printf_char.o
        48          6          0          0          0         96   _printf_char_common.o
         6          0          0          0          0          0   _printf_d.o
       120         18          0          0          0         92   _printf_dec.o
       184          0          0          0          0         88   _printf_intcommon.o
        82          0          0          0          0        108   _printf_pad.o
         0          0          0          0          0          0   _printf_percent.o
         4          0          0          0          0          0   _printf_percent_end.o
         6          0          0          0          0          0   _printf_s.o
        82          0          0          0          0         80   _printf_str.o
        22          0          0          0          0        100   _rserrno.o
        10          0          0          0          0         68   _sputc.o
        16          0          0          0          0         68   aeabi_memset.o
        12          0          0          0          0         72   exit.o
         6          0          0          0          0        152   heapauxi.o
         0          0          0          0          0          0   indicate_semi.o
         2          0          0          0          0          0   libinit.o
         2          0          0          0          0          0   libinit2.o
         2          0          0          0          0          0   libshutdown.o
         2          0          0          0          0          0   libshutdown2.o
         8          4          0          0         96         68   libspace.o
       238          0          0          0          0        100   lludivv7m.o
        12          6          0          0         44         68   localtime.o
       164          6          0          0          0         80   localtime_internal.o
        88          0          0          0          0         76   memcmp.o
       420          8          0          0          0        128   mktime.o
        40          6          0          0          0         84   noretval__2sprintf.o
         8          4          0          0          0         68   rt_errno_addr_intlibspace.o
        68          0          0          0          0         68   rt_memclr.o
        78          0          0          0          0         80   rt_memclr_w.o
       138          0          0          0          0         68   rt_memcpy_v6.o
       100          0          0          0          0         80   rt_memcpy_w.o
         0          0          0          0          0          0   rtentry.o
        12          0          0          0          0          0   rtentry2.o
         6          0          0          0          0          0   rtentry4.o
         2          0          0          0          0          0   rtexit.o
        10          0          0          0          0          0   rtexit2.o
        24          0          0          0          0         68   strcat.o
       128          0          0          0          0         68   strcmpv7m.o
        72          0          0          0          0         80   strcpy.o
        62          0          0          0          0         76   strlen.o
        36          0          0          0          0         76   strncat.o
       150          0          0          0          0         80   strncmp.o
        86          0          0          0          0         76   strncpy.o
        12          4          0          0          0         68   sys_exit.o
        74          0          0          0          0         80   sys_stackheap_outer.o
         2          0          0          0          0         68   use_no_semi.o
        98          4          0          0          0         92   d2f.o
       826         16          0          0          0        348   daddsub_clz.o
        16          4          0          0          0         68   dcheck1.o
        24          0          0          0          0         68   dcmpi.o
       688        140          0          0          0        208   ddiv.o
        94          4          0          0          0         92   dfix.o
        90          4          0          0          0         92   dfixu.o
        84          0          0          0          0        136   dflt_clz.o
       120          4          0          0          0         92   dleqf.o
       340         12          0          0          0        104   dmul.o
       156          4          0          0          0         92   dnaninf.o
        12          0          0          0          0         68   dretinf.o
       108          0          0          0          0         80   drleqf.o
       460         56          0          0          0        120   dsqrt_noumaal.o
        86          4          0          0          0         84   f2d.o
       450          8          0          0          0        236   faddsub_clz.o
        24          0          0          0          0         68   fcmpi.o
       388         76          0          0          0         96   fdiv.o
       104          4          0          0          0         84   feqf.o
        54          4          0          0          0         84   ffix.o
        62          4          0          0          0         84   ffixu.o
        92          4          0          0          0         84   ffixull.o
        86          0          0          0          0        136   fflt_clz.o
        96          0          0          0          0         84   ffltll_clz.o
       104          4          0          0          0         84   fleqf.o
       258          4          0          0          0         84   fmul.o
       140          4          0          0          0         84   fnaninf.o
        10          0          0          0          0         68   fretinf.o
        98          0          0          0          0         68   frleqf.o
       100          0          0          0          0         68   retnan.o
        92          0          0          0          0         68   scalbn.o
        48          0          0          0          0         68   trapv.o
         0          0          0          0          0          0   usenofp.o
       172          8          0          0          0        112   cos.o
       252         22         48          0          0        124   cos_i.o
        16          6          0          0          0         68   dunder.o
       220         16          0          0          0         84   floor.o
        40          0          0          0          0         68   fpclassify.o
       170          0          0          0          0         96   poly.o
      2528        190        136          0          0        332   pow.o
         0          0          8          0          0          0   qnan.o
       904         72        200          0          0        140   rred.o
       176         10          0          0          0        116   sin.o
       236         12         40          0          0        128   sin_i.o
        76          0          0          0          0         84   sqrt.o

    ----------------------------------------------------------------------
     25034        998      12996         29       2404     348757   Library Totals
        40          0          8          0          6          0   (incl. Padding)

    ----------------------------------------------------------------------

      Code (inc. data)   RO Data    RW Data    ZI Data      Debug   Library Name

     11600        222      12527         29       2258     341145   LCD24064.lib
      3196         76         29          0        140       2968   c_w.l
      5408        364          0          0          0       3292   fz_ws.l
      4790        336        432          0          0       1352   m_ws.l

    ----------------------------------------------------------------------
     25034        998      12996         29       2404     348757   Library Totals

    ----------------------------------------------------------------------

==============================================================================


      Code (inc. data)   RO Data    RW Data    ZI Data      Debug   

    320028      27318      76952      12648      38320    1576970   Grand Totals
    320028      27318      76952       3444      38320    1576970   ELF Image Totals (compressed)
    320028      27318      76952       3444          0          0   ROM Totals

==============================================================================

    Total RO  Size (Code + RO Data)               396980 ( 387.68kB)
    Total RW  Size (RW Data + ZI Data)             50968 (  49.77kB)
    Total ROM Size (Code + RO Data + RW Data)     400424 ( 391.04kB)

==============================================================================

