<html>
<body>
<pre>
<h1>礦ision Build Log</h1>
<h2>Project:</h2>
F:\CS99XX\CS99XX_ZWP_M -改进\Project\CS99XX.uvproj
Project File Date:  10/29/2017

<h2>Output:</h2>
Build target '支持bootloader'
Before Build - User command #1: .\1.bat
F:\CS99XX\CS99XX_ZWP_M -改进\Project>echo /*2017/10/30 周一 19:43:18.33*/ 1>>.\cs99xx_update.h 
compiling system_stm32f10x.c...
compiling app.c...
compiling cs99xx_parameter.c...
compiling general_test.c...
..\source\APP\CS99XX\general_test.c(1655): warning:  #513-D: a value of type "void (*)(TEST_FILE *, NODE_STEP *, TEST_DATA_STRUCT *)" cannot be assigned to an entity of type "void (*)(void *, void *, void *)"
              run_cs99xx_test_fun = run_acw_test;
..\source\APP\CS99XX\general_test.c: 1 warning, 0 errors
compiling BSP_config.c...
linking...
Program Size: Code=324088 RO-data=76968 RW-data=12696 ZI-data=38368  
FromELF: creating hex file...
After Build - User command #1: fromelf.exe --bin -o ../99_ZWP_M.bin  ../cs99xx_zwp_output/obj/99_ZWP_M.axf
After Build - User command #2: .\del_hex.bat
F:\CS99XX\CS99XX_ZWP_M -改进\Project>del ..\cs99xx_zwp_output\obj\*.hex 
"..\cs99xx_zwp_output\obj\99_ZWP_M.axf" - 0 Error(s), 1 Warning(s).
</pre>
</body>
</html>
inter type
                      if(test_data->fail_num == ERR_NONE)
..\source\APP\CS99XX\general_test.c: 1 warning, 4 errors
compiling acw_test.c...
..\source\APP\ACW\acw_test.c(81): warning:  #177-D: variable "l_dis_time" was declared but never referenced
      uint16_t l_dis_time = 0;
..\source\APP\ACW\acw_test.c(82): warning:  #550-D: variable "test_status" was set but never used
      uint16_t test_status;
..\source\APP\ACW\acw_test.c(283): warning:  #223-D: function "count_acw_dis_value" declared implicitly
      count_acw_dis_value(acw_par, test_data);
..\source\APP\ACW\acw_test.c(15): warning:  #177-D: variable "acw_fiv_t" was declared but never referenced
  static uint16_t acw_fiv_t;///< 第五阶段的累计时间
..\source\APP\ACW\acw_test.c: 4 warnings, 0 errors
compiling acw_count.c...
..\source\APP\ACW\acw_count.c(27): warning:  #223-D: function "cpld_count_angle" declared implicitly
          cpld_count_angle(&sin_val, &cos_val);
..\source\APP\ACW\acw_count.c(22): warning:  #177-D: variable "temp_res" was declared but never referenced
        float temp_res = 0.0;
..\source\APP\ACW\acw_count.c(122): warning:  #223-D: function "set_high_err" declared implicitly
          set_high_err();
..\source\APP\ACW\acw_count.c(129): warning:  #223-D: function "judge_vol_exception" declared implicitly
          err = judge_vol_exception();
..\source\APP\ACW\acw_count.c(135): warning:  #223-D: function "judge_vol_exception" declared implicitly
          err = judge_vol_exception();
..\source\APP\ACW\acw_count.c(147): warning:  #223-D: function "result_acw" declared implicitly
                      result_acw();
..\source\APP\ACW\acw_count.c(163): warning:  #223-D: function "result_acw" declared implicitly
                      result_acw();
..\source\APP\ACW\acw_count.c: 7 warnings, 0 errors
compiling BSP_config.c...
"..\cs99xx_zwp_output\obj\99_ZWP_M.axf" - 4 Error(s), 12 Warning(s).
Target not created
)
..\source\APP\CS99XX\general_test.c(1803): error:  #44: expression must have pointer type
                  if(test_data->fail_num == ERR_NONE)
..\source\APP\CS99XX\general_test.c(1810): error:  #44: expression must have pointer type
                      if(test_data->fail_num == ERR_NONE)
..\source\APP\CS99XX\general_test.c: 1 warning, 4 errors
compiling irq.c...
compiling on_chip_flash_api.c...
compiling serve_test.c...
..\source\APP\CS99XX\serve_test.c(1520): warning:  #223-D: function "ADC_WatchdogConfig" declared implicitly
                                ADC_WatchdogConfig(g_ad_dog);
..\source\APP\CS99XX\serve_test.c(1655): warning:  #223-D: function "ADC_WatchdogConfig" declared implicitly
                                ADC_WatchdogConfig(g_ad_dog);
..\source\APP\CS99XX\serve_test.c: 2 warnings, 0 errors
compiling cs99xx_custom.c...
compiling cs99xx_bbd.c...
compiling acw_relay.c...
compiling acw_test.c...
..\source\APP\ACW\acw_test.c(81): warning:  #177-D: variable "l_dis_time" was declared but never referenced
      uint16_t l_dis_time = 0;
..\source\APP\ACW\acw_test.c(82): warning:  #550-D: variable "test_status" was set but never used
      uint16_t test_status;
..\source\APP\ACW\acw_test.c(292): warning:  #223-D: function "count_acw_dis_value" declared implicitly
      count_acw_dis_value(acw_par, test_data);
..\source\APP\ACW\acw_test.c(15): warning:  #177-D: variable "acw_fiv_t" was declared but never referenced
  static uint16_t acw_fiv_t;///< 第五阶段的累计时间
..\source\APP\ACW\acw_test.c: 4 warnings, 0 errors
compiling acw_count.c...
..\source\APP\ACW\acw_count.c(27): warning:  #223-D: function "cpld_count_angle" declared implicitly
          cpld_count_angle(&sin_val, &cos_val);
..\source\APP\ACW\acw_count.c(22): warning:  #177-D: variable "temp_res" was declared but never referenced
        float temp_res = 0.0;
..\source\APP\ACW\acw_count.c(121): warning:  #223-D: function "set_high_err" declared implicitly
          set_high_err();
..\source\APP\ACW\acw_count.c(128): warning:  #223-D: function "judge_vol_exception" declared implicitly
          err = judge_vol_exception();
..\source\APP\ACW\acw_count.c(134): warning:  #223-D: function "judge_vol_exception" declared implicitly
          err = judge_vol_exception();
..\source\APP\ACW\acw_count.c(146): warning:  #223-D: function "result_acw" declared implicitly
                      result_acw();
..\source\APP\ACW\acw_count.c(162): warning:  #223-D: function "result_acw" declared implicitly
                      result_acw();
..\source\APP\ACW\acw_count.c: 7 warnings, 0 errors
compiling auto_cal_comm.c...
compiling auto_cal_server.c...
compiling auto_calibration.c...
compiling BSP_config.c...
compiling RTC_Config.c...
compiling Timer_Config.c...
compiling keyboard.c...
compiling STM32_ADC.c...
compiling ADC_DMA.c...
compiling uart.c...
compiling GUI_Draw.c...
compiling cs99xx_for_comm.c...
..\source\Comm_app\cs99xx_for_comm.c(3280): warning:  #550-D: variable "node" was set but never used
      NODE_STEP *node;
..\source\Comm_app\cs99xx_for_comm.c: 1 warning, 0 errors
compiling mb_interface.c...
compiling mb_master.c...
compiling mb_server.c...
compiling mbfuncholding.c...
compiling mbfunccoils_m.c...
compiling mbfuncholding_m.c...
compiling mb_m.c...
compiling dc_module.c...
compiling dc_module_bridge.c...
compiling mb_dc_module.c...
compiling module.c...
"..\cs99xx_zwp_output\obj\99_ZWP_M.axf" - 4 Error(s), 21 Warning(s).
Target not created
