<html>
<body>
<pre>
<h1>µVision Build Log</h1>
<h2>Project:</h2>
F:\CS99XX\CS99XX_ZWP_M\Project\CS99XX.uvproj
Project File Date:  05/17/2017

<h2>Output:</h2>
Build target 'Ö§³Öbootloader'
User command #1: .\1.bat
F:\CS99XX\CS99XX_ZWP_M\Project>echo /*2017/05/20 ÖÜÁù 16:26:42.58*/ 1>>.\cs99xx_update.h 
compiling system_stm32f10x.c...
compiling cs99xx_type.c...
compiling app.c...
compiling cs99xx_parameter.c...
compiling general_test.c...
compiling BSP_config.c...
linking...
Program Size: Code=320216 RO-data=76968 RW-data=12668 ZI-data=38316  
FromELF: creating hex file...
User command #1: fromelf.exe --bin -o ../99_ZWP_M.bin  ../cs99xx_zwp_output/obj/99_ZWP_M.axf
User command #2: .\del_hex.bat
F:\CS99XX\CS99XX_ZWP_M\Project>del ..\cs99xx_zwp_output\obj\*.hex 
"..\cs99xx_zwp_output\obj\99_ZWP_M.axf" - 0 Error(s), 0 Warning(s).
