<html>
<body>
<pre>
<h1>礦ision Build Log</h1>
<h2>Project:</h2>
F:\CS99XX\CS99XX_ZWP_M -改进\Project\CS99XX.uvproj
Project File Date:  11/01/2017

<h2>Output:</h2>
Build target '不支持bootloader'
Before Build - User command #1: .\1.bat
F:\CS99XX\CS99XX_ZWP_M -改进\Project>echo /*2017/11/02 周四 15:52:31.10*/ 1>>.\cs99xx_update.h 
compiling system_stm32f10x.c...
compiling app.c...
compiling cs99xx_parameter.c...
compiling serve_test.c...
compiling BSP_config.c...
linking...
Program Size: Code=325208 RO-data=76956 RW-data=12668 ZI-data=38396  
FromELF: creating hex file...
After Build - User command #1: xcopy.exe ..\cs99xx_zwp_output\obj\*.hex ..\ /Y
..\cs99xx_zwp_output\obj\ZWP_M_V2_20_74.hex
复制了 1 个文件
After Build - User command #2: .\del_hex.bat
F:\CS99XX\CS99XX_ZWP_M -改进\Project>del ..\cs99xx_zwp_output\obj\*.hex 
"..\cs99xx_zwp_output\obj\ZWP_M_V2_20_74.axf" - 0 Error(s), 0 Warning(s).
</pre>
</body>
</html>
g(s).
件
After Build - User command #2: .\del_hex.bat
F:\CS99XX\CS99XX_ZWP_M -改进\Project>del ..\cs99xx_zwp_output\obj\*.hex 
"..\cs99xx_zwp_output\obj\ZWP_M_V2_20_74.axf" - 0 Error(s), 1 Warning(s).
Load "..\\cs99xx_zwp_output\\obj\\ZWP_M_V2_20_74.axf" 
Set JLink Project File to "F:\CS99XX\CS99XX_ZWP_M -改进\Project\JLinkSettings.ini"
* JLink Info: Device "STM32F103ZE" selected (512 KB flash, 64 KB RAM).
 
JLink info:
------------
DLL: V4.80g, compiled Feb 13 2014 20:50:02
Firmware: J-Link ARM V8 compiled Jan 31 2018 18:34:52
Hardware: V8.00
S/N : 20080643 
Feature(s) : RDI,FlashDL,FlashBP,JFlash,GDBFull 
 
* JLink Info: TotalIRLen = 9, IRPrint = 0x0011
* JLink Info: TotalIRLen = 9, IRPrint = 0x0011
* JLink Info: Found Cortex-M3 r1p1, Little endian.
* JLink Info: FPUnit: 6 code (BP) slots and 2 literal slots
* JLink Info: TPIU fitted.
* JLink Info: ETM fitted.
ROMTableAddr = 0xE00FF003
 
Target info:
------------
Device: STM32F103ZE
VTarget = 3.274V
State of Pins: 
TCK: 1, TDI: 0, TDO: 1, TMS: 0, TRES: 1, TRST: 1
Hardware-Breakpoints: 6
Software-Breakpoints: 8192
Watchpoints:          4
JTAG speed: 2000 kHz
 
Erase Done.
Programming Done.
Verify OK.
Application running ...
ing cs99xx_plc.c...
compiling cs99xx_pw.c...
compiling cs99xx_result.c...
compiling cs99xx_set_par_path.c...
..\source\APP\CS99XX\cs99xx_set_par_path.c(1065): warning:  #177-D: function "bbd_set_par_way_2" was declared but never referenced
  static void bbd_set_par_way_2(UN_STRUCT *pun)
..\source\APP\CS99XX\cs99xx_set_par_path.c: 1 warning, 0 errors
compiling cs99xx_struct.c...
compiling cs99xx_sys.c...
compiling cs99xx_time.c...
compiling general_test.c...
compiling irq.c...
compiling serve_test.c...
compiling cs99xx_custom.c...
compiling cs99xx_bbd.c...
compiling cs99xx_relay_motion.c...
compiling cs99xx_vref.c...
compiling acw_test_g.c...
compiling auto_cal_comm.c...
compiling auto_cal_server.c...
compiling auto_calibration.c...
compiling BSP_config.c...
compiling RTC_Config.c...
compiling Timer_Config.c...
compiling keyboard.c...
compiling STM32_ADC.c...
compiling ADC_DMA.c...
compiling GUI_Draw.c...
compiling cs99xx_for_comm.c...
..\source\Comm_app\cs99xx_for_comm.c(3280): warning:  #550-D: variable "node" was set but never used
      NODE_STEP *node;
..\source\Comm_app\cs99xx_for_comm.c: 1 warning, 0 errors
compiling mb_interface.c...
compiling mb_server.c...
compiling dc_module.c...
compiling mb_dc_module.c...
compiling module.c...
linking...
Program Size: Code=325180 RO-data=76952 RW-data=12668 ZI-data=38396  
FromELF: creating hex file...
After Build - User command #1: xcopy.exe ..\cs99xx_zwp_output\obj\*.hex ..\ /Y
..\cs99xx_zwp_output\obj\ZWP_M_V2_20_74.hex
复制了 1 个文件
After Build - User command #2: .\del_hex.bat
F:\CS99XX\CS99XX_ZWP_M -改进\Project>del ..\cs99xx_zwp_output\obj\*.hex 
"..\cs99xx_zwp_output\obj\ZWP_M_V2_20_74.axf" - 0 Error(s), 8 Warning(s).
Load "..\\cs99xx_zwp_output\\obj\\ZWP_M_V2_20_74.axf" 
Set JLink Project File to "F:\CS99XX\CS99XX_ZWP_M -改进\Project\JLinkSettings.ini"
* JLink Info: Device "STM32F103ZE" selected (512 KB flash, 64 KB RAM).
 
JLink info:
------------
DLL: V4.80g, compiled Feb 13 2014 20:50:02
Firmware: J-Link ARM V8 compiled Jan 31 2018 18:34:52
Hardware: V8.00
S/N : 20080643 
Feature(s) : RDI,FlashDL,FlashBP,JFlash,GDBFull 
 
* JLink Info: TotalIRLen = 9, IRPrint = 0x0011
* JLink Info: TotalIRLen = 9, IRPrint = 0x0011
* JLink Info: Found Cortex-M3 r1p1, Little endian.
* JLink Info: FPUnit: 6 code (BP) slots and 2 literal slots
* JLink Info: TPIU fitted.
* JLink Info: ETM fitted.
ROMTableAddr = 0xE00FF003
 
Target info:
------------
Device: STM32F103ZE
VTarget = 3.261V
State of Pins: 
TCK: 1, TDI: 0, TDO: 1, TMS: 0, TRES: 1, TRST: 1
Hardware-Breakpoints: 6
Software-Breakpoints: 8192
Watchpoints:          4
JTAG speed: 2000 kHz
 
Erase Done.
Programming Done.
Verify OK.
Application running ...
idge.c...
compiling mb_dc_module.c...
compiling module.c...
"..\cs99xx_zwp_output\obj\ZWP_M_V2_20_74.axf" - 7 Error(s), 8 Warning(s).
Target not created
