<html>
<body>
<pre>
<h1>礦ision Build Log</h1>
<h2>Project:</h2>
F:\CS99XX\CS99XX_ZWP_M\Project\CS99XX.uvproj
Project File Date:  05/21/2017

<h2>Output:</h2>
Build target '不支持bootloader'
Before Build - User command #1: .\1.bat
F:\CS99XX\CS99XX_ZWP_M\Project>echo /*2017/05/24 周三 18:22:20.60*/ 1>>.\cs99xx_update.h 
compiling core_cm3.c...
assembling startup_stm32f10x_hd.s...
compiling system_stm32f10x.c...
compiling misc.c...
compiling stm32f10x_adc.c...
compiling stm32f10x_bkp.c...
compiling stm32f10x_can.c...
compiling stm32f10x_cec.c...
compiling stm32f10x_crc.c...
compiling stm32f10x_dac.c...
compiling stm32f10x_dbgmcu.c...
compiling stm32f10x_dma.c...
compiling stm32f10x_exti.c...
compiling stm32f10x_flash.c...
compiling stm32f10x_fsmc.c...
compiling stm32f10x_gpio.c...
compiling stm32f10x_i2c.c...
compiling stm32f10x_iwdg.c...
compiling stm32f10x_pwr.c...
compiling stm32f10x_rcc.c...
compiling stm32f10x_rtc.c...
compiling stm32f10x_sdio.c...
compiling stm32f10x_spi.c...
compiling stm32f10x_tim.c...
compiling stm32f10x_usart.c...
compiling stm32f10x_wwdg.c...
compiling main.c...
compiling stm32f10x_it.c...
compiling cs99xx_type.c...
compiling app.c...
compiling calibration.c...
compiling cs99xx.c...
compiling cs99xx_buzzer.c...
compiling cs99xx_collect.c...
compiling cs99xx_com.c...
compiling cs99xx_eep_manage.c...
compiling cs99xx_err_log.c...
compiling cs99xx_exception.c...
compiling cs99xx_flash_manage.c...
compiling cs99xx_interface.c...
compiling cs99xx_ir_shift_gear.c...
..\source\APP\CS99XX\cs99xx_ir_shift_gear.c(493): warning:  #223-D: function "clear_slither_data" declared implicitly
        clear_slither_data();/* 换挡后要清空滤波缓冲区 */
..\source\APP\CS99XX\cs99xx_ir_shift_gear.c: 1 warning, 0 errors
compiling cs99xx_it.c...
compiling cs99xx_led.c...
compiling cs99xx_list.c...
compiling cs99xx_lock_key.c...
compiling cs99xx_mem_api.c...
compiling cs99xx_memory.c...
compiling cs99xx_offset.c...
compiling cs99xx_par_acw.c...
compiling cs99xx_par_com.c...
compiling cs99xx_par_dcw.c...
compiling cs99xx_par_gr.c...
compiling cs99xx_par_ir.c...
compiling cs99xx_parameter.c...
compiling cs99xx_plc.c...
compiling cs99xx_pw.c...
compiling cs99xx_relay_motion.c...
compiling cs99xx_result.c...
compiling cs99xx_set_par_path.c...
..\source\APP\CS99XX\cs99xx_set_par_path.c(1065): warning:  #177-D: function "bbd_set_par_way_2" was declared but never referenced
  static void bbd_set_par_way_2(UN_STRUCT *pun)
..\source\APP\CS99XX\cs99xx_set_par_path.c: 1 warning, 0 errors
compiling cs99xx_struct.c...
compiling cs99xx_sys.c...
compiling cs99xx_time.c...
compiling cs99xx_vref.c...
compiling general_test.c...
compiling irq.c...
compiling on_chip_flash_api.c...
compiling serve_test.c...
..\source\APP\CS99XX\serve_test.c(1520): warning:  #223-D: function "ADC_WatchdogConfig" declared implicitly
                                ADC_WatchdogConfig(g_ad_dog);
..\source\APP\CS99XX\serve_test.c(1655): warning:  #223-D: function "ADC_WatchdogConfig" declared implicitly
                                ADC_WatchdogConfig(g_ad_dog);
..\source\APP\CS99XX\serve_test.c: 2 warnings, 0 errors
compiling MD5.C...
compiling cs99xx_custom.c...
compiling cs99xx_bbd.c...
compiling auto_cal_comm.c...
compiling auto_cal_crc.c...
compiling auto_cal_server.c...
compiling auto_calibration.c...
compiling BSP_config.c...
compiling STM32_FSMC.C...
compiling RTC_Config.c...
compiling Timer_Config.c...
compiling STM32_GPIO_Config.c...
compiling keyboard.c...
compiling i2c_ee.c...
compiling MC14094.C...
compiling DAC_VREF.c...
compiling STM32_ADC.c...
compiling SPI_CPLD.C...
compiling ADC_DMA.c...
compiling Timer5_Config.c...
compiling spi_flash.c...
compiling uart.c...
compiling os_core.c...
compiling os_flag.c...
compiling os_mbox.c...
compiling os_mem.c...
compiling os_mutex.c...
compiling os_q.c...
compiling os_sem.c...
compiling os_task.c...
compiling os_time.c...
compiling os_tmr.c...
assembling os_cpu_a.asm...
compiling os_cpu_c.c...
compiling os_dbg.c...
compiling GUI_Draw.c...
compiling SimSun_12.c...
compiling SimSun_13.c...
compiling SimSun_15.c...
compiling SimSun_16.c...
compiling Garamond_16.c...
compiling fangzhengxingkai_24.c...
compiling MS_Sans_Serif_24.c...
compiling SimSunF_15.c...
compiling 16bit.c...
compiling allwin.c...
compiling arrow.c...
compiling arrow_right.c...
compiling back.c...
compiling circle.c...
compiling circle_.c...
compiling colon.c...
compiling del.c...
compiling down.c...
compiling index.c...
compiling leftshift.c...
compiling logo.c...
compiling picture.c...
compiling rightshift.c...
compiling shortcut.c...
compiling up.c...
compiling warning.c...
compiling cs99xx_for_comm.c...
compiling mb_interface.c...
compiling mb_master.c...
compiling mb_server.c...
compiling mb.c...
compiling mbfunccoils.c...
compiling mbfuncdiag.c...
compiling mbfuncdisc.c...
compiling mbfuncholding.c...
compiling mbfuncinput.c...
compiling mbfuncother.c...
compiling mbutils.c...
compiling mbcrc.c...
compiling mbrtu.c...
compiling port.c...
compiling portevent.c...
compiling portserial.c...
compiling porttimer.c...
compiling user_mb_app.c...
compiling mbfunccoils_m.c...
compiling mbfuncdisc_m.c...
compiling mbfuncfile_m.c...
compiling mbfuncholding_m.c...
compiling mbfuncinput_m.c...
compiling mbrtu_m.c...
compiling mb_m.c...
compiling portevent_m.c...
compiling portserial_m.c...
compiling porttimer_m.c...
compiling dc_module.c...
compiling dc_module_bridge.c...
compiling mb_dc_module.c...
compiling module.c...
linking...
Program Size: Code=319556 RO-data=76960 RW-data=12648 ZI-data=38320  
FromELF: creating hex file...
After Build - User command #1: xcopy.exe ..\cs99xx_zwp_output\obj\*.hex ..\ /Y
..\cs99xx_zwp_output\obj\ZWP_M_V2_20_72.hex
复制了 1 个文件
After Build - User command #2: .\del_hex.bat
F:\CS99XX\CS99XX_ZWP_M\Project>del ..\cs99xx_zwp_output\obj\*.hex 
"..\cs99xx_zwp_output\obj\ZWP_M_V2_20_72.axf" - 0 Error(s), 4 Warning(s).
