<html>
<body>
<pre>
<h1>礦ision Build Log</h1>
<h2>Project:</h2>
F:\CS99XX\CS99XX_ZWP_M\Project\CS99XX.uvproj
Project File Date:  05/24/2017

<h2>Output:</h2>
Build target '不支持bootloader'
Before Build - User command #1: .\1.bat
F:\CS99XX\CS99XX_ZWP_M\Project>echo /*2017/06/28 周三 14:28:49.92*/ 1>>.\cs99xx_update.h 
compiling system_stm32f10x.c...
compiling cs99xx_type.c...
compiling app.c...
compiling cs99xx_parameter.c...
compiling BSP_config.c...
linking...
Program Size: Code=320164 RO-data=76952 RW-data=12648 ZI-data=38320  
FromELF: creating hex file...
After Build - User command #1: xcopy.exe ..\cs99xx_zwp_output\obj\*.hex ..\ /Y
..\cs99xx_zwp_output\obj\ZWP_M_V2_20_73.hex
复制了 1 个文件
After Build - User command #2: .\del_hex.bat
F:\CS99XX\CS99XX_ZWP_M\Project>del ..\cs99xx_zwp_output\obj\*.hex 
"..\cs99xx_zwp_output\obj\ZWP_M_V2_20_73.axf" - 0 Error(s), 0 Warning(s).
